
flow5 v7.57
01.09.2026  16:08:34
Reading foil .dat files
   added foil: E387
   added foil: NACA 0009

Making foil analysis list
No foil analysis requested


Available foils:
   E387
   NACA 0009



-----Starting plane analyses-----

Adding planes from the .xml files
   added the plane: drone_opt from file drone_plane.xml


Adding the plane analyses from the xml files
   the analysis drone_polar has been added for drone_opt

Making the analysis pairs (plane, analysis)
   added analysis for (drone_opt, drone_polar)
   Made 1 valid analysis pairs (plane, polar) to run

Launching plane analysis: drone_opt / drone_polar
Initializing task

drone_opt
drone_polar

Checking plane and polar data
   ...done

drone_polar
Type 1 - Fixed speed polar

ρ =     1.225 kg/m³
ν =   1.5e-05 m²/s

RFF         = 10
Core radius = 1e-06 m

Using 4 threads

Linear system calculations in floating point double precision

Using S. Nintcheu-Fata's method for off-plane integrals

Initializing the triangle analysis
Checking element sizes
   ...done

Setting flap positions

Connecting triangular panels...   done in 0.002 s
Counted 498 elements
Matrix size = 498

Allocating result arrays

Solving the problem... 

   Making the unit RHS vectors...       done in 0.000 s
   Making the influence matrix...       done in 0.024 s
   Adding the wake's contribution...    done in 0.001 s
   LAPACK - LU factorization...         done in 0.000 s
   Back-substituting RHS...             done in 0.000 s
   Making unit panel velocities...      done

   Calculating 20 operating points
     α=-5°, β=0°, φ=0°, V∞=20 m/s
       Creating source strengths...
       Calculating doublet strengths...
       Calculating far field forces...
       Calculating on-body pressure coefficients...
       Calculating plane
          Calculating XFoil viscous drag on the fly...
             Processing Main Wing: 2 surfaces
                 ...done surface 0
                 ...done surface 1
             Processing Elevator: 2 surfaces
                 ...done surface 0
                 ...done surface 1
             Processing Fin: 1 surfaces
                 ...done surface 0
             ...done.
          Skipping derivatives and eigenthings
          Done operating point

     α=-4°, β=0°, φ=0°, V∞=20 m/s
       Creating source strengths...
       Calculating doublet strengths...
       Calculating far field forces...
       Calculating on-body pressure coefficients...
       Calculating plane
          Calculating XFoil viscous drag on the fly...
             Processing Main Wing: 2 surfaces
                 ...done surface 1
                 ...done surface 0
             Processing Elevator: 2 surfaces
                 ...done surface 0
                 ...done surface 1
             Processing Fin: 1 surfaces
                 ...done surface 0
             ...done.
          Skipping derivatives and eigenthings
          Done operating point

     α=-3°, β=0°, φ=0°, V∞=20 m/s
       Creating source strengths...
       Calculating doublet strengths...
       Calculating far field forces...
       Calculating on-body pressure coefficients...
       Calculating plane
          Calculating XFoil viscous drag on the fly...
             Processing Main Wing: 2 surfaces
                 ...done surface 1
                 ...done surface 0
             Processing Elevator: 2 surfaces
                 ...done surface 1
                 ...done surface 0
             Processing Fin: 1 surfaces
                 ...done surface 0
             ...done.
          Skipping derivatives and eigenthings
          Done operating point

     α=-2°, β=0°, φ=0°, V∞=20 m/s
       Creating source strengths...
       Calculating doublet strengths...
       Calculating far field forces...
       Calculating on-body pressure coefficients...
       Calculating plane
          Calculating XFoil viscous drag on the fly...
             Processing Main Wing: 2 surfaces
                 ...done surface 0
                 ...done surface 1
             Processing Elevator: 2 surfaces
                 ...done surface 0
                 ...done surface 1
             Processing Fin: 1 surfaces
                 ...done surface 0
             ...done.
          Skipping derivatives and eigenthings
          Done operating point

     α=-1°, β=0°, φ=0°, V∞=20 m/s
       Creating source strengths...
       Calculating doublet strengths...
       Calculating far field forces...
       Calculating on-body pressure coefficients...
       Calculating plane
          Calculating XFoil viscous drag on the fly...
             Processing Main Wing: 2 surfaces
                 ...done surface 0
                 ...done surface 1
             Processing Elevator: 2 surfaces
                 ...done surface 0
                 ...done surface 1
             Processing Fin: 1 surfaces
                 ...done surface 0
             ...done.
          Skipping derivatives and eigenthings
          Done operating point

     α=0°, β=0°, φ=0°, V∞=20 m/s
       Creating source strengths...
       Calculating doublet strengths...
       Calculating far field forces...
       Calculating on-body pressure coefficients...
       Calculating plane
          Calculating XFoil viscous drag on the fly...
             Processing Main Wing: 2 surfaces
                 ...done surface 1
                 ...done surface 0
             Processing Elevator: 2 surfaces
                 ...done surface 1
                 ...done surface 0
             Processing Fin: 1 surfaces
                 ...done surface 0
             ...done.
          Skipping derivatives and eigenthings
          Done operating point

     α=1°, β=0°, φ=0°, V∞=20 m/s
       Creating source strengths...
       Calculating doublet strengths...
       Calculating far field forces...
       Calculating on-body pressure coefficients...
       Calculating plane
          Calculating XFoil viscous drag on the fly...
             Processing Main Wing: 2 surfaces
                 ...done surface 0
                 ...done surface 1
             Processing Elevator: 2 surfaces
                 ...done surface 0
                 ...done surface 1
             Processing Fin: 1 surfaces
                 ...done surface 0
             ...done.
          Skipping derivatives and eigenthings
          Done operating point

     α=2°, β=0°, φ=0°, V∞=20 m/s
       Creating source strengths...
       Calculating doublet strengths...
       Calculating far field forces...
       Calculating on-body pressure coefficients...
       Calculating plane
          Calculating XFoil viscous drag on the fly...
             Processing Main Wing: 2 surfaces
                 ...done surface 0
                 ...done surface 1
             Processing Elevator: 2 surfaces
                 ...done surface 1
                 ...done surface 0
             Processing Fin: 1 surfaces
                 ...done surface 0
             ...done.
          Skipping derivatives and eigenthings
          Done operating point

     α=3°, β=0°, φ=0°, V∞=20 m/s
       Creating source strengths...
       Calculating doublet strengths...
       Calculating far field forces...
       Calculating on-body pressure coefficients...
       Calculating plane
          Calculating XFoil viscous drag on the fly...
             Processing Main Wing: 2 surfaces
                 ...done surface 0
                 ...done surface 1
             Processing Elevator: 2 surfaces
                 ...done surface 0
                 ...done surface 1
             Processing Fin: 1 surfaces
                 ...done surface 0
             ...done.
          Skipping derivatives and eigenthings
          Done operating point

     α=4°, β=0°, φ=0°, V∞=20 m/s
       Creating source strengths...
       Calculating doublet strengths...
       Calculating far field forces...
       Calculating on-body pressure coefficients...
       Calculating plane
          Calculating XFoil viscous drag on the fly...
             Processing Main Wing: 2 surfaces
                 ...done surface 1
                 ...done surface 0
             Processing Elevator: 2 surfaces
                 ...done surface 0
                 ...done surface 1
             Processing Fin: 1 surfaces
                 ...done surface 0
             ...done.
          Skipping derivatives and eigenthings
          Done operating point

     α=5°, β=0°, φ=0°, V∞=20 m/s
       Creating source strengths...
       Calculating doublet strengths...
       Calculating far field forces...
       Calculating on-body pressure coefficients...
       Calculating plane
          Calculating XFoil viscous drag on the fly...
             Processing Main Wing: 2 surfaces
                 ...done surface 0
                 ...done surface 1
             Processing Elevator: 2 surfaces
                 ...done surface 0
                 ...done surface 1
             Processing Fin: 1 surfaces
                 ...done surface 0
             ...done.
          Skipping derivatives and eigenthings
          Done operating point

     α=6°, β=0°, φ=0°, V∞=20 m/s
       Creating source strengths...
       Calculating doublet strengths...
       Calculating far field forces...
       Calculating on-body pressure coefficients...
       Calculating plane
          Calculating XFoil viscous drag on the fly...
             Processing Main Wing: 2 surfaces
                 ...done surface 1
                 ...done surface 0
             Processing Elevator: 2 surfaces
                 ...done surface 1
                 ...done surface 0
             Processing Fin: 1 surfaces
                 ...done surface 0
             ...done.
          Skipping derivatives and eigenthings
          Done operating point

     α=7°, β=0°, φ=0°, V∞=20 m/s
       Creating source strengths...
       Calculating doublet strengths...
       Calculating far field forces...
       Calculating on-body pressure coefficients...
       Calculating plane
          Calculating XFoil viscous drag on the fly...
             Processing Main Wing: 2 surfaces
                 ...done surface 0
                 ...done surface 1
             Processing Elevator: 2 surfaces
                 ...done surface 1
                 ...done surface 0
             Processing Fin: 1 surfaces
                 ...done surface 0
             ...done.
          Skipping derivatives and eigenthings
          Done operating point

     α=8°, β=0°, φ=0°, V∞=20 m/s
       Creating source strengths...
       Calculating doublet strengths...
       Calculating far field forces...
       Calculating on-body pressure coefficients...
       Calculating plane
          Calculating XFoil viscous drag on the fly...
             Processing Main Wing: 2 surfaces
                 ...done surface 0 - OTF failures:
                     span pos.    -0.908 m, Cl=  1.31065, Re= 333282
                     span pos.    -0.710 m, Cl=  1.30244, Re= 383627
                     span pos.    -0.512 m, Cl=  1.27553, Re= 433971
                     span pos.    -0.071 m, Cl=  1.15934, Re= 546174
                 ...done surface 1 - OTF failures:
                     span pos.     0.908 m, Cl=  1.31065, Re= 333282
                     span pos.     1.090 m, Cl=  1.28747, Re= 287016

          Error generating the operating point... discarding

     α=9°, β=0°, φ=0°, V∞=20 m/s
       Creating source strengths...
       Calculating doublet strengths...
       Calculating far field forces...
       Calculating on-body pressure coefficients...
       Calculating plane
          Calculating XFoil viscous drag on the fly...
             Processing Main Wing: 2 surfaces
                 ...done surface 0 - OTF failures:
                     span pos.    -0.908 m, Cl=  1.40216, Re= 333282
                     span pos.    -0.710 m, Cl=  1.39210, Re= 383627
                     span pos.    -0.512 m, Cl=  1.36242, Re= 433971
                     span pos.    -0.330 m, Cl=  1.32171, Re= 480237
                     span pos.    -0.179 m, Cl=  1.27727, Re= 518676
                     span pos.    -0.071 m, Cl=  1.23703, Re= 546174
                 ...done surface 1 - OTF failures:
                     span pos.     0.908 m, Cl=  1.40216, Re= 333282
                     span pos.     1.090 m, Cl=  1.37895, Re= 287016
                     span pos.     1.242 m, Cl=  1.29584, Re= 248577

          Error generating the operating point... discarding

     α=10°, β=0°, φ=0°, V∞=20 m/s
       Creating source strengths...
       Calculating doublet strengths...
       Calculating far field forces...
       Calculating on-body pressure coefficients...
       Calculating plane
          Calculating XFoil viscous drag on the fly...
             Processing Main Wing: 2 surfaces
                 ...done surface 0 - OTF failures:
                     span pos.    -0.908 m, Cl=  1.49212, Re= 333282
                     span pos.    -0.710 m, Cl=  1.48023, Re= 383627
                     span pos.    -0.512 m, Cl=  1.44782, Re= 433971
                     span pos.    -0.330 m, Cl=  1.40396, Re= 480237
                     span pos.    -0.179 m, Cl=  1.35634, Re= 518676
                     span pos.    -0.071 m, Cl=  1.31336, Re= 546174
                     span pos.    -0.014 m, Cl=  1.28531, Re= 560504
                 ...done surface 1 - OTF failures:
                     span pos.     0.908 m, Cl=  1.49212, Re= 333282
                     span pos.     1.090 m, Cl=  1.46889, Re= 287016
                     span pos.     1.242 m, Cl=  1.38183, Re= 248577

          Error generating the operating point... discarding

     α=11°, β=0°, φ=0°, V∞=20 m/s
       Creating source strengths...
       Calculating doublet strengths...
       Calculating far field forces...
       Calculating on-body pressure coefficients...
       Calculating plane
          Calculating XFoil viscous drag on the fly...
             Processing Main Wing: 2 surfaces
                 ...done surface 0 - OTF failures:
                     span pos.    -0.908 m, Cl=  1.58040, Re= 333282
                     span pos.    -0.710 m, Cl=  1.56670, Re= 383627
                     span pos.    -0.512 m, Cl=  1.53161, Re= 433971
                     span pos.    -0.330 m, Cl=  1.48466, Re= 480237
                     span pos.    -0.179 m, Cl=  1.43391, Re= 518676
                     span pos.    -0.071 m, Cl=  1.38825, Re= 546174
                     span pos.    -0.014 m, Cl=  1.35854, Re= 560504
                 ...done surface 1 - OTF failures:
                     span pos.     0.908 m, Cl=  1.58040, Re= 333282
                     span pos.     1.090 m, Cl=  1.55718, Re= 287016
                     span pos.     1.242 m, Cl=  1.46625, Re= 248577
                     span pos.     1.350 m, Cl=  1.24912, Re= 221079

          Error generating the operating point... discarding

     α=12°, β=0°, φ=0°, V∞=20 m/s
       Creating source strengths...
       Calculating doublet strengths...
       Calculating far field forces...
       Calculating on-body pressure coefficients...
       Calculating plane
          Calculating XFoil viscous drag on the fly...
             Processing Main Wing: 2 surfaces
                 ...done surface 0 - OTF failures:
                     span pos.    -0.908 m, Cl=  1.66692, Re= 333282
                     span pos.    -0.710 m, Cl=  1.65143, Re= 383627
                     span pos.    -0.512 m, Cl=  1.61369, Re= 433971
                     span pos.    -0.330 m, Cl=  1.56371, Re= 480237
                     span pos.    -0.179 m, Cl=  1.50990, Re= 518676
                     span pos.    -0.071 m, Cl=  1.46160, Re= 546174
                     span pos.    -0.014 m, Cl=  1.43026, Re= 560504
                 ...done surface 1 - OTF failures:
                     span pos.     0.908 m, Cl=  1.66692, Re= 333282
                     span pos.     1.090 m, Cl=  1.64372, Re= 287016
                     span pos.     1.242 m, Cl=  1.54901, Re= 248577
                     span pos.     1.350 m, Cl=  1.32036, Re= 221079

          Error generating the operating point... discarding

     α=13°, β=0°, φ=0°, V∞=20 m/s
       Creating source strengths...
       Calculating doublet strengths...
       Calculating far field forces...
       Calculating on-body pressure coefficients...
       Calculating plane
          Calculating XFoil viscous drag on the fly...
             Processing Main Wing: 2 surfaces
                 ...done surface 0 - OTF failures:
                     span pos.    -0.908 m, Cl=  1.75155, Re= 333282
                     span pos.    -0.710 m, Cl=  1.73431, Re= 383627
                     span pos.    -0.512 m, Cl=  1.69397, Re= 433971
                     span pos.    -0.330 m, Cl=  1.64101, Re= 480237
                     span pos.    -0.179 m, Cl=  1.58420, Re= 518676
                     span pos.    -0.071 m, Cl=  1.53333, Re= 546174
                     span pos.    -0.014 m, Cl=  1.50039, Re= 560504
                 ...done surface 1 - OTF failures:
                     span pos.     0.908 m, Cl=  1.75155, Re= 333282
                     span pos.     1.090 m, Cl=  1.72838, Re= 287016
                     span pos.     1.242 m, Cl=  1.63000, Re= 248577
                     span pos.     1.350 m, Cl=  1.39009, Re= 221079

          Error generating the operating point... discarding

     α=14°, β=0°, φ=0°, V∞=20 m/s
       Creating source strengths...
       Calculating doublet strengths...
       Calculating far field forces...
       Calculating on-body pressure coefficients...
       Calculating plane
          Calculating XFoil viscous drag on the fly...
             Processing Main Wing: 2 surfaces
                 ...done surface 0 - OTF failures:
                     span pos.    -0.908 m, Cl=  1.83420, Re= 333282
                     span pos.    -0.710 m, Cl=  1.81523, Re= 383627
                     span pos.    -0.512 m, Cl=  1.77235, Re= 433971
                     span pos.    -0.330 m, Cl=  1.71648, Re= 480237
                     span pos.    -0.179 m, Cl=  1.65674, Re= 518676
                     span pos.    -0.071 m, Cl=  1.60335, Re= 546174
                     span pos.    -0.014 m, Cl=  1.56885, Re= 560504
                 ...done surface 1 - OTF failures:
                     span pos.     0.908 m, Cl=  1.83420, Re= 333282
                     span pos.     1.090 m, Cl=  1.81108, Re= 287016
                     span pos.     1.242 m, Cl=  1.70912, Re= 248577
                     span pos.     1.350 m, Cl=  1.45822, Re= 221079

          Error generating the operating point... discarding


Done plane task.

Panel analysis completed ... Errors encountered

_____Plane analyses completed_____



-----Starting boat analyses-----

No xml Boat files to load

Making the analysis pairs (boat, analysis)

Made 0 valid analysis pairs (boat, polar) to run

_____ Boat analyses completed_____


