
flow5 v7.57
27.08.2026  22:40:43
Reading foil .dat files
   added foil: E387
   added foil: NACA 0009

Making foil analysis list
No foil analysis requested


Available foils:
   E387
   NACA 0009



-----Starting plane analyses-----

Adding planes from the .xml files
   added the plane: drone_opt from file drone_plane.xml


Adding the plane analyses from the xml files
   the analysis drone_polar has been added for drone_opt

Making the analysis pairs (plane, analysis)
   added analysis for (drone_opt, drone_polar)
   Made 1 valid analysis pairs (plane, polar) to run

Launching plane analysis: drone_opt / drone_polar
Initializing task

drone_opt
drone_polar

Checking plane and polar data
   ...done

drone_polar
Type 1 - Fixed speed polar

ρ =     1.225 kg/m³
ν =   1.5e-05 m²/s

RFF         = 10
Core radius = 1e-06 m

Using 4 threads

Linear system calculations in floating point double precision

Using S. Nintcheu-Fata's method for off-plane integrals

Initializing the triangle analysis
Checking element sizes
   ...done

Setting flap positions

Connecting triangular panels...   done in 0.003 s
Counted 498 elements
Matrix size = 498

Allocating result arrays

Solving the problem... 

   Making the unit RHS vectors...       done in 0.000 s
   Making the influence matrix...       done in 0.035 s
   Adding the wake's contribution...    done in 0.005 s
   LAPACK - LU factorization...         done in 0.001 s
   Back-substituting RHS...             done in 0.001 s
   Making unit panel velocities...      done

   Calculating 20 operating points
     α=-5°, β=0°, φ=0°, V∞=20 m/s
       Creating source strengths...
       Calculating doublet strengths...
       Calculating far field forces...
       Calculating on-body pressure coefficients...
       Calculating plane
          Calculating XFoil viscous drag on the fly...
             Processing Main Wing: 2 surfaces
                 ...done surface 1 - OTF failures:
                     span pos.     0.684 m, Cl= -0.00187, Re= 146553
                 ...done surface 0

          Error generating the operating point... discarding

     α=-4°, β=0°, φ=0°, V∞=20 m/s
       Creating source strengths...
       Calculating doublet strengths...
       Calculating far field forces...
       Calculating on-body pressure coefficients...
       Calculating plane
          Calculating XFoil viscous drag on the fly...
             Processing Main Wing: 2 surfaces
                 ...done surface 1
                 ...done surface 0
             Processing Elevator: 2 surfaces
                 ...done surface 0
                 ...done surface 1
             Processing Fin: 1 surfaces
                 ...done surface 0
             ...done.
          Skipping derivatives and eigenthings
          Done operating point

     α=-3°, β=0°, φ=0°, V∞=20 m/s
       Creating source strengths...
       Calculating doublet strengths...
       Calculating far field forces...
       Calculating on-body pressure coefficients...
       Calculating plane
          Calculating XFoil viscous drag on the fly...
             Processing Main Wing: 2 surfaces
                 ...done surface 1
                 ...done surface 0
             Processing Elevator: 2 surfaces
                 ...done surface 0
                 ...done surface 1
             Processing Fin: 1 surfaces
                 ...done surface 0
             ...done.
          Skipping derivatives and eigenthings
          Done operating point

     α=-2°, β=0°, φ=0°, V∞=20 m/s
       Creating source strengths...
       Calculating doublet strengths...
       Calculating far field forces...
       Calculating on-body pressure coefficients...
       Calculating plane
          Calculating XFoil viscous drag on the fly...
             Processing Main Wing: 2 surfaces
                 ...done surface 0
                 ...done surface 1
             Processing Elevator: 2 surfaces
                 ...done surface 0
                 ...done surface 1
             Processing Fin: 1 surfaces
                 ...done surface 0
             ...done.
          Skipping derivatives and eigenthings
          Done operating point

     α=-1°, β=0°, φ=0°, V∞=20 m/s
       Creating source strengths...
       Calculating doublet strengths...
       Calculating far field forces...
       Calculating on-body pressure coefficients...
       Calculating plane
          Calculating XFoil viscous drag on the fly...
             Processing Main Wing: 2 surfaces
                 ...done surface 0
                 ...done surface 1
             Processing Elevator: 2 surfaces
                 ...done surface 1
                 ...done surface 0
             Processing Fin: 1 surfaces
                 ...done surface 0
             ...done.
          Skipping derivatives and eigenthings
          Done operating point

     α=0°, β=0°, φ=0°, V∞=20 m/s
       Creating source strengths...
       Calculating doublet strengths...
       Calculating far field forces...
       Calculating on-body pressure coefficients...
       Calculating plane
          Calculating XFoil viscous drag on the fly...
             Processing Main Wing: 2 surfaces
                 ...done surface 1
                 ...done surface 0
             Processing Elevator: 2 surfaces
                 ...done surface 1
                 ...done surface 0
             Processing Fin: 1 surfaces
                 ...done surface 0
             ...done.
          Skipping derivatives and eigenthings
          Done operating point

     α=1°, β=0°, φ=0°, V∞=20 m/s
       Creating source strengths...
       Calculating doublet strengths...
       Calculating far field forces...
       Calculating on-body pressure coefficients...
       Calculating plane
          Calculating XFoil viscous drag on the fly...
             Processing Main Wing: 2 surfaces
                 ...done surface 1
                 ...done surface 0
             Processing Elevator: 2 surfaces
                 ...done surface 0
                 ...done surface 1
             Processing Fin: 1 surfaces
                 ...done surface 0
             ...done.
          Skipping derivatives and eigenthings
          Done operating point

     α=2°, β=0°, φ=0°, V∞=20 m/s
       Creating source strengths...
       Calculating doublet strengths...
       Calculating far field forces...
       Calculating on-body pressure coefficients...
       Calculating plane
          Calculating XFoil viscous drag on the fly...
             Processing Main Wing: 2 surfaces
                 ...done surface 0
                 ...done surface 1
             Processing Elevator: 2 surfaces
                 ...done surface 1
                 ...done surface 0
             Processing Fin: 1 surfaces
                 ...done surface 0
             ...done.
          Skipping derivatives and eigenthings
          Done operating point

     α=3°, β=0°, φ=0°, V∞=20 m/s
       Creating source strengths...
       Calculating doublet strengths...
       Calculating far field forces...
       Calculating on-body pressure coefficients...
       Calculating plane
          Calculating XFoil viscous drag on the fly...
             Processing Main Wing: 2 surfaces
                 ...done surface 0
                 ...done surface 1
             Processing Elevator: 2 surfaces
                 ...done surface 1
                 ...done surface 0
             Processing Fin: 1 surfaces
                 ...done surface 0
             ...done.
          Skipping derivatives and eigenthings
          Done operating point

     α=4°, β=0°, φ=0°, V∞=20 m/s
       Creating source strengths...
       Calculating doublet strengths...
       Calculating far field forces...
       Calculating on-body pressure coefficients...
       Calculating plane
          Calculating XFoil viscous drag on the fly...
             Processing Main Wing: 2 surfaces
                 ...done surface 0
                 ...done surface 1
             Processing Elevator: 2 surfaces
                 ...done surface 1
                 ...done surface 0
             Processing Fin: 1 surfaces
                 ...done surface 0
             ...done.
          Skipping derivatives and eigenthings
          Done operating point

     α=5°, β=0°, φ=0°, V∞=20 m/s
       Creating source strengths...
       Calculating doublet strengths...
       Calculating far field forces...
       Calculating on-body pressure coefficients...
       Calculating plane
          Calculating XFoil viscous drag on the fly...
             Processing Main Wing: 2 surfaces
                 ...done surface 1
                 ...done surface 0
             Processing Elevator: 2 surfaces
                 ...done surface 0
                 ...done surface 1
             Processing Fin: 1 surfaces
                 ...done surface 0
             ...done.
          Skipping derivatives and eigenthings
          Done operating point

     α=6°, β=0°, φ=0°, V∞=20 m/s
       Creating source strengths...
       Calculating doublet strengths...
       Calculating far field forces...
       Calculating on-body pressure coefficients...
       Calculating plane
          Calculating XFoil viscous drag on the fly...
             Processing Main Wing: 2 surfaces
                 ...done surface 1
                 ...done surface 0
             Processing Elevator: 2 surfaces
                 ...done surface 0
                 ...done surface 1
             Processing Fin: 1 surfaces
                 ...done surface 0
             ...done.
          Skipping derivatives and eigenthings
          Done operating point

     α=7°, β=0°, φ=0°, V∞=20 m/s
       Creating source strengths...
       Calculating doublet strengths...
       Calculating far field forces...
       Calculating on-body pressure coefficients...
       Calculating plane
          Calculating XFoil viscous drag on the fly...
             Processing Main Wing: 2 surfaces
                 ...done surface 1
                 ...done surface 0
             Processing Elevator: 2 surfaces
                 ...done surface 0
                 ...done surface 1
             Processing Fin: 1 surfaces
                 ...done surface 0
             ...done.
          Skipping derivatives and eigenthings
          Done operating point

     α=8°, β=0°, φ=0°, V∞=20 m/s
       Creating source strengths...
       Calculating doublet strengths...
       Calculating far field forces...
       Calculating on-body pressure coefficients...
       Calculating plane
          Calculating XFoil viscous drag on the fly...
             Processing Main Wing: 2 surfaces
                 ...done surface 1 - OTF failures:
                     span pos.     0.392 m, Cl=  1.30061, Re= 208807
                     span pos.     0.501 m, Cl=  1.29682, Re= 185600
                 ...done surface 0 - OTF failures:
                     span pos.    -0.392 m, Cl=  1.30061, Re= 208807
                     span pos.    -0.282 m, Cl=  1.28427, Re= 232014
                     span pos.    -0.182 m, Cl=  1.25569, Re= 253341

          Error generating the operating point... discarding

     α=9°, β=0°, φ=0°, V∞=20 m/s
       Creating source strengths...
       Calculating doublet strengths...
       Calculating far field forces...
       Calculating on-body pressure coefficients...
       Calculating plane
          Calculating XFoil viscous drag on the fly...
             Processing Main Wing: 2 surfaces
                 ...done surface 0 - OTF failures:
                     span pos.    -0.392 m, Cl=  1.39007, Re= 208807
                     span pos.    -0.282 m, Cl=  1.37173, Re= 232014
                     span pos.    -0.182 m, Cl=  1.34058, Re= 253341
                     span pos.    -0.099 m, Cl=  1.30366, Re= 271060
                 ...done surface 1 - OTF failures:
                     span pos.     0.392 m, Cl=  1.39007, Re= 208807
                     span pos.     0.501 m, Cl=  1.38719, Re= 185600
                     span pos.     0.601 m, Cl=  1.34958, Re= 164272
                     span pos.     0.744 m, Cl=  1.04748, Re= 133878

          Error generating the operating point... discarding

     α=10°, β=0°, φ=0°, V∞=20 m/s
       Creating source strengths...
       Calculating doublet strengths...
       Calculating far field forces...
       Calculating on-body pressure coefficients...
       Calculating plane
          Calculating XFoil viscous drag on the fly...
             Processing Main Wing: 2 surfaces
                 ...done surface 0 - OTF failures:
                     span pos.    -0.392 m, Cl=  1.47800, Re= 208807
                     span pos.    -0.282 m, Cl=  1.45768, Re= 232014
                     span pos.    -0.182 m, Cl=  1.42399, Re= 253341
                     span pos.    -0.099 m, Cl=  1.38437, Re= 271060
                     span pos.    -0.039 m, Cl=  1.34690, Re= 283736
                     span pos.    -0.008 m, Cl=  1.32162, Re= 290341
                 ...done surface 1 - OTF failures:
                     span pos.     0.392 m, Cl=  1.47800, Re= 208807
                     span pos.     0.501 m, Cl=  1.47602, Re= 185600
                     span pos.     0.601 m, Cl=  1.43725, Re= 164272
                     span pos.     0.684 m, Cl=  1.33382, Re= 146553

          Error generating the operating point... discarding

     α=11°, β=0°, φ=0°, V∞=20 m/s
       Creating source strengths...
       Calculating doublet strengths...
       Calculating far field forces...
       Calculating on-body pressure coefficients...
       Calculating plane
          Calculating XFoil viscous drag on the fly...
             Processing Main Wing: 2 surfaces
                 ...done surface 0 - OTF failures:
                     span pos.    -0.392 m, Cl=  1.56428, Re= 208807
                     span pos.    -0.282 m, Cl=  1.54202, Re= 232014
                     span pos.    -0.182 m, Cl=  1.50584, Re= 253341
                     span pos.    -0.099 m, Cl=  1.46355, Re= 271060
                     span pos.    -0.039 m, Cl=  1.42371, Re= 283736
                     span pos.    -0.008 m, Cl=  1.39692, Re= 290341
                 ...done surface 1 - OTF failures:
                     span pos.     0.392 m, Cl=  1.56428, Re= 208807
                     span pos.     0.501 m, Cl=  1.56320, Re= 185600
                     span pos.     0.601 m, Cl=  1.52331, Re= 164272
                     span pos.     0.684 m, Cl=  1.41473, Re= 146553
                     span pos.     0.744 m, Cl=  1.18523, Re= 133878

          Error generating the operating point... discarding

     α=12°, β=0°, φ=0°, V∞=20 m/s
       Creating source strengths...
       Calculating doublet strengths...
       Calculating far field forces...
       Calculating on-body pressure coefficients...
       Calculating plane
          Calculating XFoil viscous drag on the fly...
             Processing Main Wing: 2 surfaces
                 ...done surface 0 - OTF failures:
                     span pos.    -0.392 m, Cl=  1.64882, Re= 208807
                     span pos.    -0.282 m, Cl=  1.62464, Re= 232014
                     span pos.    -0.182 m, Cl=  1.58601, Re= 253341
                     span pos.    -0.099 m, Cl=  1.54112, Re= 271060
                     span pos.    -0.039 m, Cl=  1.49895, Re= 283736
                     span pos.    -0.008 m, Cl=  1.47069, Re= 290341
                 ...done surface 1 - OTF failures:
                     span pos.     0.392 m, Cl=  1.64882, Re= 208807
                     span pos.     0.501 m, Cl=  1.64862, Re= 185600
                     span pos.     0.601 m, Cl=  1.60765, Re= 164272
                     span pos.     0.684 m, Cl=  1.49404, Re= 146553
                     span pos.     0.775 m, Cl=  0.85738, Re= 127272

          Error generating the operating point... discarding

     α=13°, β=0°, φ=0°, V∞=20 m/s
       Creating source strengths...
       Calculating doublet strengths...
       Calculating far field forces...
       Calculating on-body pressure coefficients...
       Calculating plane
          Calculating XFoil viscous drag on the fly...
             Processing Main Wing: 2 surfaces
                 ...done surface 0 - OTF failures:
                     span pos.    -0.501 m, Cl=  1.73219, Re= 185600
                     span pos.    -0.392 m, Cl=  1.73150, Re= 208807
                     span pos.    -0.282 m, Cl=  1.70545, Re= 232014
                     span pos.    -0.182 m, Cl=  1.66441, Re= 253341
                     span pos.    -0.099 m, Cl=  1.61696, Re= 271060
                     span pos.    -0.039 m, Cl=  1.57253, Re= 283736
                     span pos.    -0.008 m, Cl=  1.54281, Re= 290341
                 ...done surface 1 - OTF failures:
                     span pos.     0.501 m, Cl=  1.73219, Re= 185600
                     span pos.     0.601 m, Cl=  1.69017, Re= 164272
                     span pos.     0.684 m, Cl=  1.57164, Re= 146553
                     span pos.     0.744 m, Cl=  1.31759, Re= 133878

          Error generating the operating point... discarding

     α=14°, β=0°, φ=0°, V∞=20 m/s
       Creating source strengths...
       Calculating doublet strengths...
       Calculating far field forces...
       Calculating on-body pressure coefficients...
       Calculating plane
          Calculating XFoil viscous drag on the fly...
             Processing Main Wing: 2 surfaces
                 ...done surface 0 - OTF failures:
                     span pos.    -0.501 m, Cl=  1.81379, Re= 185600
                     span pos.    -0.392 m, Cl=  1.81224, Re= 208807
                     span pos.    -0.282 m, Cl=  1.78433, Re= 232014
                     span pos.    -0.182 m, Cl=  1.74095, Re= 253341
                     span pos.    -0.099 m, Cl=  1.69100, Re= 271060
                     span pos.    -0.039 m, Cl=  1.64434, Re= 283736
                     span pos.    -0.008 m, Cl=  1.61322, Re= 290341
                 ...done surface 1 - OTF failures:
                     span pos.     0.501 m, Cl=  1.81379, Re= 185600
                     span pos.     0.601 m, Cl=  1.77076, Re= 164272
                     span pos.     0.684 m, Cl=  1.64745, Re= 146553
                     span pos.     0.744 m, Cl=  1.38154, Re= 133878

          Error generating the operating point... discarding


Done plane task.

Panel analysis completed ... Errors encountered

_____Plane analyses completed_____



-----Starting boat analyses-----

No xml Boat files to load

Making the analysis pairs (boat, analysis)

Made 0 valid analysis pairs (boat, polar) to run

_____ Boat analyses completed_____


