
flow5 v7.57
27.08.2026  22:37:14
Reading foil .dat files
   added foil: E387
   added foil: NACA 0009

Making foil analysis list
No foil analysis requested


Available foils:
   E387
   NACA 0009



-----Starting plane analyses-----

Adding planes from the .xml files
   added the plane: drone_opt from file drone_plane.xml


Adding the plane analyses from the xml files
   the analysis drone_polar has been added for drone_opt

Making the analysis pairs (plane, analysis)
   added analysis for (drone_opt, drone_polar)
   Made 1 valid analysis pairs (plane, polar) to run

Launching plane analysis: drone_opt / drone_polar
Initializing task

drone_opt
drone_polar

Checking plane and polar data
   ...done

drone_polar
Type 1 - Fixed speed polar

ρ =     1.225 kg/m³
ν =   1.5e-05 m²/s

RFF         = 10
Core radius = 1e-06 m

Using 4 threads

Linear system calculations in floating point double precision

Using S. Nintcheu-Fata's method for off-plane integrals

Initializing the triangle analysis
Checking element sizes
   ...done

Setting flap positions

Connecting triangular panels...   done in 0.003 s
Counted 498 elements
Matrix size = 498

Allocating result arrays

Solving the problem... 

   Making the unit RHS vectors...       done in 0.000 s
   Making the influence matrix...       done in 0.033 s
   Adding the wake's contribution...    done in 0.001 s
   LAPACK - LU factorization...         done in 0.002 s
   Back-substituting RHS...             done in 0.001 s
   Making unit panel velocities...      done

   Calculating 20 operating points
     α=-5°, β=0°, φ=0°, V∞=20 m/s
       Creating source strengths...
       Calculating doublet strengths...
       Calculating far field forces...
       Calculating on-body pressure coefficients...
       Calculating plane
          Calculating XFoil viscous drag on the fly...
             Processing Main Wing: 2 surfaces
                 ...done surface 1
                 ...done surface 0
             Processing Elevator: 2 surfaces
                 ...done surface 1
                 ...done surface 0
             Processing Fin: 1 surfaces
                 ...done surface 0
             ...done.
          Skipping derivatives and eigenthings
          Done operating point

     α=-4°, β=0°, φ=0°, V∞=20 m/s
       Creating source strengths...
       Calculating doublet strengths...
       Calculating far field forces...
       Calculating on-body pressure coefficients...
       Calculating plane
          Calculating XFoil viscous drag on the fly...
             Processing Main Wing: 2 surfaces
                 ...done surface 1
                 ...done surface 0
             Processing Elevator: 2 surfaces
                 ...done surface 0
                 ...done surface 1
             Processing Fin: 1 surfaces
                 ...done surface 0
             ...done.
          Skipping derivatives and eigenthings
          Done operating point

     α=-3°, β=0°, φ=0°, V∞=20 m/s
       Creating source strengths...
       Calculating doublet strengths...
       Calculating far field forces...
       Calculating on-body pressure coefficients...
       Calculating plane
          Calculating XFoil viscous drag on the fly...
             Processing Main Wing: 2 surfaces
                 ...done surface 0
                 ...done surface 1
             Processing Elevator: 2 surfaces
                 ...done surface 0
                 ...done surface 1
             Processing Fin: 1 surfaces
                 ...done surface 0
             ...done.
          Skipping derivatives and eigenthings
          Done operating point

     α=-2°, β=0°, φ=0°, V∞=20 m/s
       Creating source strengths...
       Calculating doublet strengths...
       Calculating far field forces...
       Calculating on-body pressure coefficients...
       Calculating plane
          Calculating XFoil viscous drag on the fly...
             Processing Main Wing: 2 surfaces
                 ...done surface 0
                 ...done surface 1
             Processing Elevator: 2 surfaces
                 ...done surface 0
                 ...done surface 1
             Processing Fin: 1 surfaces
                 ...done surface 0
             ...done.
          Skipping derivatives and eigenthings
          Done operating point

     α=-1°, β=0°, φ=0°, V∞=20 m/s
       Creating source strengths...
       Calculating doublet strengths...
       Calculating far field forces...
       Calculating on-body pressure coefficients...
       Calculating plane
          Calculating XFoil viscous drag on the fly...
             Processing Main Wing: 2 surfaces
                 ...done surface 0
                 ...done surface 1
             Processing Elevator: 2 surfaces
                 ...done surface 0
                 ...done surface 1
             Processing Fin: 1 surfaces
                 ...done surface 0
             ...done.
          Skipping derivatives and eigenthings
          Done operating point

     α=0°, β=0°, φ=0°, V∞=20 m/s
       Creating source strengths...
       Calculating doublet strengths...
       Calculating far field forces...
       Calculating on-body pressure coefficients...
       Calculating plane
          Calculating XFoil viscous drag on the fly...
             Processing Main Wing: 2 surfaces
                 ...done surface 1
                 ...done surface 0
             Processing Elevator: 2 surfaces
                 ...done surface 0
                 ...done surface 1
             Processing Fin: 1 surfaces
                 ...done surface 0
             ...done.
          Skipping derivatives and eigenthings
          Done operating point

     α=1°, β=0°, φ=0°, V∞=20 m/s
       Creating source strengths...
       Calculating doublet strengths...
       Calculating far field forces...
       Calculating on-body pressure coefficients...
       Calculating plane
          Calculating XFoil viscous drag on the fly...
             Processing Main Wing: 2 surfaces
                 ...done surface 1
                 ...done surface 0
             Processing Elevator: 2 surfaces
                 ...done surface 1
                 ...done surface 0
             Processing Fin: 1 surfaces
                 ...done surface 0
             ...done.
          Skipping derivatives and eigenthings
          Done operating point

     α=2°, β=0°, φ=0°, V∞=20 m/s
       Creating source strengths...
       Calculating doublet strengths...
       Calculating far field forces...
       Calculating on-body pressure coefficients...
       Calculating plane
          Calculating XFoil viscous drag on the fly...
             Processing Main Wing: 2 surfaces
                 ...done surface 0
                 ...done surface 1
             Processing Elevator: 2 surfaces
                 ...done surface 1
                 ...done surface 0
             Processing Fin: 1 surfaces
                 ...done surface 0
             ...done.
          Skipping derivatives and eigenthings
          Done operating point

     α=3°, β=0°, φ=0°, V∞=20 m/s
       Creating source strengths...
       Calculating doublet strengths...
       Calculating far field forces...
       Calculating on-body pressure coefficients...
       Calculating plane
          Calculating XFoil viscous drag on the fly...
             Processing Main Wing: 2 surfaces
                 ...done surface 0
                 ...done surface 1
             Processing Elevator: 2 surfaces
                 ...done surface 1
                 ...done surface 0
             Processing Fin: 1 surfaces
                 ...done surface 0
             ...done.
          Skipping derivatives and eigenthings
          Done operating point

     α=4°, β=0°, φ=0°, V∞=20 m/s
       Creating source strengths...
       Calculating doublet strengths...
       Calculating far field forces...
       Calculating on-body pressure coefficients...
       Calculating plane
          Calculating XFoil viscous drag on the fly...
             Processing Main Wing: 2 surfaces
                 ...done surface 0
                 ...done surface 1
             Processing Elevator: 2 surfaces
                 ...done surface 1
                 ...done surface 0
             Processing Fin: 1 surfaces
                 ...done surface 0
             ...done.
          Skipping derivatives and eigenthings
          Done operating point

     α=5°, β=0°, φ=0°, V∞=20 m/s
       Creating source strengths...
       Calculating doublet strengths...
       Calculating far field forces...
       Calculating on-body pressure coefficients...
       Calculating plane
          Calculating XFoil viscous drag on the fly...
             Processing Main Wing: 2 surfaces
                 ...done surface 0
                 ...done surface 1
             Processing Elevator: 2 surfaces
                 ...done surface 1
                 ...done surface 0
             Processing Fin: 1 surfaces
                 ...done surface 0
             ...done.
          Skipping derivatives and eigenthings
          Done operating point

     α=6°, β=0°, φ=0°, V∞=20 m/s
       Creating source strengths...
       Calculating doublet strengths...
       Calculating far field forces...
       Calculating on-body pressure coefficients...
       Calculating plane
          Calculating XFoil viscous drag on the fly...
             Processing Main Wing: 2 surfaces
                 ...done surface 0
                 ...done surface 1
             Processing Elevator: 2 surfaces
                 ...done surface 1
                 ...done surface 0
             Processing Fin: 1 surfaces
                 ...done surface 0
             ...done.
          Skipping derivatives and eigenthings
          Done operating point

     α=7°, β=0°, φ=0°, V∞=20 m/s
       Creating source strengths...
       Calculating doublet strengths...
       Calculating far field forces...
       Calculating on-body pressure coefficients...
       Calculating plane
          Calculating XFoil viscous drag on the fly...
             Processing Main Wing: 2 surfaces
                 ...done surface 1
                 ...done surface 0
             Processing Elevator: 2 surfaces
                 ...done surface 0
                 ...done surface 1
             Processing Fin: 1 surfaces
                 ...done surface 0
             ...done.
          Skipping derivatives and eigenthings
          Done operating point

     α=8°, β=0°, φ=0°, V∞=20 m/s
       Creating source strengths...
       Calculating doublet strengths...
       Calculating far field forces...
       Calculating on-body pressure coefficients...
       Calculating plane
          Calculating XFoil viscous drag on the fly...
             Processing Main Wing: 2 surfaces
                 ...done surface 1 - OTF failures:
                     span pos.     0.501 m, Cl=  1.30887, Re= 182543
                     span pos.     0.601 m, Cl=  1.28194, Re= 158407
                 ...done surface 0 - OTF failures:
                     span pos.    -0.501 m, Cl=  1.30887, Re= 182543
                     span pos.    -0.392 m, Cl=  1.30410, Re= 208807
                     span pos.    -0.282 m, Cl=  1.28023, Re= 235070

          Error generating the operating point... discarding

     α=9°, β=0°, φ=0°, V∞=20 m/s
       Creating source strengths...
       Calculating doublet strengths...
       Calculating far field forces...
       Calculating on-body pressure coefficients...
       Calculating plane
          Calculating XFoil viscous drag on the fly...
             Processing Main Wing: 2 surfaces
                 ...done surface 0 - OTF failures:
                     span pos.    -0.501 m, Cl=  1.40020, Re= 182543
                     span pos.    -0.392 m, Cl=  1.39386, Re= 208807
                     span pos.    -0.282 m, Cl=  1.36743, Re= 235070
                     span pos.    -0.182 m, Cl=  1.32944, Re= 259206
                     span pos.    -0.099 m, Cl=  1.28707, Re= 279259
                 ...done surface 1 - OTF failures:
                     span pos.     0.501 m, Cl=  1.40020, Re= 182543
                     span pos.     0.601 m, Cl=  1.37292, Re= 158407
                     span pos.     0.684 m, Cl=  1.28564, Re= 138355

          Error generating the operating point... discarding

     α=10°, β=0°, φ=0°, V∞=20 m/s
       Creating source strengths...
       Calculating doublet strengths...
       Calculating far field forces...
       Calculating on-body pressure coefficients...
       Calculating plane
          Calculating XFoil viscous drag on the fly...
             Processing Main Wing: 2 surfaces
                 ...done surface 0 - OTF failures:
                     span pos.    -0.501 m, Cl=  1.48998, Re= 182543
                     span pos.    -0.392 m, Cl=  1.48207, Re= 208807
                     span pos.    -0.282 m, Cl=  1.45314, Re= 235070
                     span pos.    -0.182 m, Cl=  1.41217, Re= 259206
                     span pos.    -0.099 m, Cl=  1.36676, Re= 279259
                     span pos.    -0.039 m, Cl=  1.32524, Re= 293604
                     span pos.    -0.008 m, Cl=  1.29787, Re= 301079
                 ...done surface 1 - OTF failures:
                     span pos.     0.501 m, Cl=  1.48998, Re= 182543
                     span pos.     0.601 m, Cl=  1.46237, Re= 158407
                     span pos.     0.684 m, Cl=  1.37077, Re= 138355
                     span pos.     0.775 m, Cl=  0.80367, Re= 116534

          Error generating the operating point... discarding

     α=11°, β=0°, φ=0°, V∞=20 m/s
       Creating source strengths...
       Calculating doublet strengths...
       Calculating far field forces...
       Calculating on-body pressure coefficients...
       Calculating plane
          Calculating XFoil viscous drag on the fly...
             Processing Main Wing: 2 surfaces
                 ...done surface 0 - OTF failures:
                     span pos.    -0.501 m, Cl=  1.57810, Re= 182543
                     span pos.    -0.392 m, Cl=  1.56864, Re= 208807
                     span pos.    -0.282 m, Cl=  1.53723, Re= 235070
                     span pos.    -0.182 m, Cl=  1.49334, Re= 259206
                     span pos.    -0.099 m, Cl=  1.44494, Re= 279259
                     span pos.    -0.039 m, Cl=  1.40082, Re= 293604
                     span pos.    -0.008 m, Cl=  1.37182, Re= 301079
                 ...done surface 1 - OTF failures:
                     span pos.     0.501 m, Cl=  1.57810, Re= 182543
                     span pos.     0.601 m, Cl=  1.55017, Re= 158407
                     span pos.     0.684 m, Cl=  1.45435, Re= 138355
                     span pos.     0.744 m, Cl=  1.23364, Re= 124010

          Error generating the operating point... discarding

     α=12°, β=0°, φ=0°, V∞=20 m/s
       Creating source strengths...
       Calculating doublet strengths...
       Calculating far field forces...
       Calculating on-body pressure coefficients...
       Calculating plane
          Calculating XFoil viscous drag on the fly...
             Processing Main Wing: 2 surfaces
                 ...done surface 0 - OTF failures:
                     span pos.    -0.501 m, Cl=  1.66444, Re= 182543
                     span pos.    -0.392 m, Cl=  1.65345, Re= 208807
                     span pos.    -0.282 m, Cl=  1.61961, Re= 235070
                     span pos.    -0.182 m, Cl=  1.57286, Re= 259206
                     span pos.    -0.099 m, Cl=  1.52152, Re= 279259
                     span pos.    -0.039 m, Cl=  1.47485, Re= 293604
                     span pos.    -0.008 m, Cl=  1.44426, Re= 301079
                 ...done surface 1 - OTF failures:
                     span pos.     0.501 m, Cl=  1.66444, Re= 182543
                     span pos.     0.601 m, Cl=  1.63623, Re= 158407
                     span pos.     0.684 m, Cl=  1.53628, Re= 138355
                     span pos.     0.744 m, Cl=  1.30379, Re= 124010

          Error generating the operating point... discarding

     α=13°, β=0°, φ=0°, V∞=20 m/s
       Creating source strengths...
       Calculating doublet strengths...
       Calculating far field forces...
       Calculating on-body pressure coefficients...
       Calculating plane
          Calculating XFoil viscous drag on the fly...
             Processing Main Wing: 2 surfaces
                 ...done surface 0 - OTF failures:
                     span pos.    -0.501 m, Cl=  1.74891, Re= 182543
                     span pos.    -0.392 m, Cl=  1.73641, Re= 208807
                     span pos.    -0.282 m, Cl=  1.70019, Re= 235070
                     span pos.    -0.182 m, Cl=  1.65062, Re= 259206
                     span pos.    -0.099 m, Cl=  1.59641, Re= 279259
                     span pos.    -0.039 m, Cl=  1.54723, Re= 293604
                     span pos.    -0.008 m, Cl=  1.51508, Re= 301079
                 ...done surface 1 - OTF failures:
                     span pos.     0.501 m, Cl=  1.74891, Re= 182543
                     span pos.     0.601 m, Cl=  1.72042, Re= 158407
                     span pos.     0.684 m, Cl=  1.61645, Re= 138355
                     span pos.     0.744 m, Cl=  1.37245, Re= 124010

          Error generating the operating point... discarding

     α=14°, β=0°, φ=0°, V∞=20 m/s
       Creating source strengths...
       Calculating doublet strengths...
       Calculating far field forces...
       Calculating on-body pressure coefficients...
       Calculating plane
          Calculating XFoil viscous drag on the fly...
             Processing Main Wing: 2 surfaces
                 ...done surface 0 - OTF failures:
                     span pos.    -0.501 m, Cl=  1.83139, Re= 182543
                     span pos.    -0.392 m, Cl=  1.81742, Re= 208807
                     span pos.    -0.282 m, Cl=  1.77885, Re= 235070
                     span pos.    -0.182 m, Cl=  1.72654, Re= 259206
                     span pos.    -0.099 m, Cl=  1.66951, Re= 279259
                     span pos.    -0.039 m, Cl=  1.61790, Re= 293604
                     span pos.    -0.008 m, Cl=  1.58422, Re= 301079
                 ...done surface 1 - OTF failures:
                     span pos.     0.501 m, Cl=  1.83139, Re= 182543
                     span pos.     0.601 m, Cl=  1.80266, Re= 158407
                     span pos.     0.684 m, Cl=  1.69478, Re= 138355
                     span pos.     0.744 m, Cl=  1.43953, Re= 124010

          Error generating the operating point... discarding


Done plane task.

Panel analysis completed ... Errors encountered

_____Plane analyses completed_____



-----Starting boat analyses-----

No xml Boat files to load

Making the analysis pairs (boat, analysis)

Made 0 valid analysis pairs (boat, polar) to run

_____ Boat analyses completed_____


