
flow5 v7.57
01.09.2026  16:11:40
Reading foil .dat files
   added foil: E387
   added foil: NACA 0009

Making foil analysis list
No foil analysis requested


Available foils:
   E387
   NACA 0009



-----Starting plane analyses-----

Adding planes from the .xml files
   added the plane: drone_opt from file drone_plane.xml


Adding the plane analyses from the xml files
   the analysis drone_polar has been added for drone_opt

Making the analysis pairs (plane, analysis)
   added analysis for (drone_opt, drone_polar)
   Made 1 valid analysis pairs (plane, polar) to run

Launching plane analysis: drone_opt / drone_polar
Initializing task

drone_opt
drone_polar

Checking plane and polar data
   ...done

drone_polar
Type 1 - Fixed speed polar

ρ =     1.225 kg/m³
ν =   1.5e-05 m²/s

RFF         = 10
Core radius = 1e-06 m

Using 4 threads

Linear system calculations in floating point double precision

Using S. Nintcheu-Fata's method for off-plane integrals

Initializing the triangle analysis
Checking element sizes
   ...done

Setting flap positions

Connecting triangular panels...   done in 0.002 s
Counted 498 elements
Matrix size = 498

Allocating result arrays

Solving the problem... 

   Making the unit RHS vectors...       done in 0.000 s
   Making the influence matrix...       done in 0.024 s
   Adding the wake's contribution...    done in 0.001 s
   LAPACK - LU factorization...         done in 0.001 s
   Back-substituting RHS...             done in 0.000 s
   Making unit panel velocities...      done

   Calculating 20 operating points
     α=-5°, β=0°, φ=0°, V∞=20 m/s
       Creating source strengths...
       Calculating doublet strengths...
       Calculating far field forces...
       Calculating on-body pressure coefficients...
       Calculating plane
          Calculating XFoil viscous drag on the fly...
             Processing Main Wing: 2 surfaces
                 ...done surface 0
                 ...done surface 1
             Processing Elevator: 2 surfaces
                 ...done surface 0
                 ...done surface 1
             Processing Fin: 1 surfaces
                 ...done surface 0
             ...done.
          Skipping derivatives and eigenthings
          Done operating point

     α=-4°, β=0°, φ=0°, V∞=20 m/s
       Creating source strengths...
       Calculating doublet strengths...
       Calculating far field forces...
       Calculating on-body pressure coefficients...
       Calculating plane
          Calculating XFoil viscous drag on the fly...
             Processing Main Wing: 2 surfaces
                 ...done surface 1
                 ...done surface 0
             Processing Elevator: 2 surfaces
                 ...done surface 0
                 ...done surface 1
             Processing Fin: 1 surfaces
                 ...done surface 0
             ...done.
          Skipping derivatives and eigenthings
          Done operating point

     α=-3°, β=0°, φ=0°, V∞=20 m/s
       Creating source strengths...
       Calculating doublet strengths...
       Calculating far field forces...
       Calculating on-body pressure coefficients...
       Calculating plane
          Calculating XFoil viscous drag on the fly...
             Processing Main Wing: 2 surfaces
                 ...done surface 1
                 ...done surface 0
             Processing Elevator: 2 surfaces
                 ...done surface 0
                 ...done surface 1
             Processing Fin: 1 surfaces
                 ...done surface 0
             ...done.
          Skipping derivatives and eigenthings
          Done operating point

     α=-2°, β=0°, φ=0°, V∞=20 m/s
       Creating source strengths...
       Calculating doublet strengths...
       Calculating far field forces...
       Calculating on-body pressure coefficients...
       Calculating plane
          Calculating XFoil viscous drag on the fly...
             Processing Main Wing: 2 surfaces
                 ...done surface 0
                 ...done surface 1
             Processing Elevator: 2 surfaces
                 ...done surface 0
                 ...done surface 1
             Processing Fin: 1 surfaces
                 ...done surface 0
             ...done.
          Skipping derivatives and eigenthings
          Done operating point

     α=-1°, β=0°, φ=0°, V∞=20 m/s
       Creating source strengths...
       Calculating doublet strengths...
       Calculating far field forces...
       Calculating on-body pressure coefficients...
       Calculating plane
          Calculating XFoil viscous drag on the fly...
             Processing Main Wing: 2 surfaces
                 ...done surface 0
                 ...done surface 1
             Processing Elevator: 2 surfaces
                 ...done surface 0
                 ...done surface 1
             Processing Fin: 1 surfaces
                 ...done surface 0
             ...done.
          Skipping derivatives and eigenthings
          Done operating point

     α=0°, β=0°, φ=0°, V∞=20 m/s
       Creating source strengths...
       Calculating doublet strengths...
       Calculating far field forces...
       Calculating on-body pressure coefficients...
       Calculating plane
          Calculating XFoil viscous drag on the fly...
             Processing Main Wing: 2 surfaces
                 ...done surface 0
                 ...done surface 1
             Processing Elevator: 2 surfaces
                 ...done surface 0
                 ...done surface 1
             Processing Fin: 1 surfaces
                 ...done surface 0
             ...done.
          Skipping derivatives and eigenthings
          Done operating point

     α=1°, β=0°, φ=0°, V∞=20 m/s
       Creating source strengths...
       Calculating doublet strengths...
       Calculating far field forces...
       Calculating on-body pressure coefficients...
       Calculating plane
          Calculating XFoil viscous drag on the fly...
             Processing Main Wing: 2 surfaces
                 ...done surface 0
                 ...done surface 1
             Processing Elevator: 2 surfaces
                 ...done surface 1
                 ...done surface 0
             Processing Fin: 1 surfaces
                 ...done surface 0
             ...done.
          Skipping derivatives and eigenthings
          Done operating point

     α=2°, β=0°, φ=0°, V∞=20 m/s
       Creating source strengths...
       Calculating doublet strengths...
       Calculating far field forces...
       Calculating on-body pressure coefficients...
       Calculating plane
          Calculating XFoil viscous drag on the fly...
             Processing Main Wing: 2 surfaces
                 ...done surface 1
                 ...done surface 0
             Processing Elevator: 2 surfaces
                 ...done surface 1
                 ...done surface 0
             Processing Fin: 1 surfaces
                 ...done surface 0
             ...done.
          Skipping derivatives and eigenthings
          Done operating point

     α=3°, β=0°, φ=0°, V∞=20 m/s
       Creating source strengths...
       Calculating doublet strengths...
       Calculating far field forces...
       Calculating on-body pressure coefficients...
       Calculating plane
          Calculating XFoil viscous drag on the fly...
             Processing Main Wing: 2 surfaces
                 ...done surface 0
                 ...done surface 1
             Processing Elevator: 2 surfaces
                 ...done surface 0
                 ...done surface 1
             Processing Fin: 1 surfaces
                 ...done surface 0
             ...done.
          Skipping derivatives and eigenthings
          Done operating point

     α=4°, β=0°, φ=0°, V∞=20 m/s
       Creating source strengths...
       Calculating doublet strengths...
       Calculating far field forces...
       Calculating on-body pressure coefficients...
       Calculating plane
          Calculating XFoil viscous drag on the fly...
             Processing Main Wing: 2 surfaces
                 ...done surface 0
                 ...done surface 1
             Processing Elevator: 2 surfaces
                 ...done surface 0
                 ...done surface 1
             Processing Fin: 1 surfaces
                 ...done surface 0
             ...done.
          Skipping derivatives and eigenthings
          Done operating point

     α=5°, β=0°, φ=0°, V∞=20 m/s
       Creating source strengths...
       Calculating doublet strengths...
       Calculating far field forces...
       Calculating on-body pressure coefficients...
       Calculating plane
          Calculating XFoil viscous drag on the fly...
             Processing Main Wing: 2 surfaces
                 ...done surface 1
                 ...done surface 0
             Processing Elevator: 2 surfaces
                 ...done surface 1
                 ...done surface 0
             Processing Fin: 1 surfaces
                 ...done surface 0
             ...done.
          Skipping derivatives and eigenthings
          Done operating point

     α=6°, β=0°, φ=0°, V∞=20 m/s
       Creating source strengths...
       Calculating doublet strengths...
       Calculating far field forces...
       Calculating on-body pressure coefficients...
       Calculating plane
          Calculating XFoil viscous drag on the fly...
             Processing Main Wing: 2 surfaces
                 ...done surface 0
                 ...done surface 1
             Processing Elevator: 2 surfaces
                 ...done surface 1
                 ...done surface 0
             Processing Fin: 1 surfaces
                 ...done surface 0
             ...done.
          Skipping derivatives and eigenthings
          Done operating point

     α=7°, β=0°, φ=0°, V∞=20 m/s
       Creating source strengths...
       Calculating doublet strengths...
       Calculating far field forces...
       Calculating on-body pressure coefficients...
       Calculating plane
          Calculating XFoil viscous drag on the fly...
             Processing Main Wing: 2 surfaces
                 ...done surface 0
                 ...done surface 1
             Processing Elevator: 2 surfaces
                 ...done surface 1
                 ...done surface 0
             Processing Fin: 1 surfaces
                 ...done surface 0
             ...done.
          Skipping derivatives and eigenthings
          Done operating point

     α=8°, β=0°, φ=0°, V∞=20 m/s
       Creating source strengths...
       Calculating doublet strengths...
       Calculating far field forces...
       Calculating on-body pressure coefficients...
       Calculating plane
          Calculating XFoil viscous drag on the fly...
             Processing Main Wing: 2 surfaces
                 ...done surface 0 - OTF failures:
                     span pos.    -0.715 m, Cl=  1.29790, Re= 381227
                     span pos.    -0.515 m, Cl=  1.28348, Re= 422603
                     span pos.    -0.332 m, Cl=  1.25646, Re= 460627
                     span pos.    -0.014 m, Cl=  1.16982, Re= 526595
                 ...done surface 1 - OTF failures:
                     span pos.     0.715 m, Cl=  1.29790, Re= 381227
                     span pos.     0.914 m, Cl=  1.29188, Re= 339851

          Error generating the operating point... discarding

     α=9°, β=0°, φ=0°, V∞=20 m/s
       Creating source strengths...
       Calculating doublet strengths...
       Calculating far field forces...
       Calculating on-body pressure coefficients...
       Calculating plane
          Calculating XFoil viscous drag on the fly...
             Processing Main Wing: 2 surfaces
                 ...done surface 0 - OTF failures:
                     span pos.    -0.715 m, Cl=  1.38732, Re= 381227
                     span pos.    -0.515 m, Cl=  1.37099, Re= 422603
                     span pos.    -0.332 m, Cl=  1.34148, Re= 460627
                     span pos.    -0.180 m, Cl=  1.30579, Re= 492218
                     span pos.    -0.071 m, Cl=  1.27155, Re= 514818
                     span pos.    -0.014 m, Cl=  1.24821, Re= 526595
                 ...done surface 1 - OTF failures:
                     span pos.     0.715 m, Cl=  1.38732, Re= 381227
                     span pos.     0.914 m, Cl=  1.38209, Re= 339851
                     span pos.     1.097 m, Cl=  1.34194, Re= 301826

          Error generating the operating point... discarding

     α=10°, β=0°, φ=0°, V∞=20 m/s
       Creating source strengths...
       Calculating doublet strengths...
       Calculating far field forces...
       Calculating on-body pressure coefficients...
       Calculating plane
          Calculating XFoil viscous drag on the fly...
             Processing Main Wing: 2 surfaces
                 ...done surface 0 - OTF failures:
                     span pos.    -0.715 m, Cl=  1.47521, Re= 381227
                     span pos.    -0.515 m, Cl=  1.45700, Re= 422603
                     span pos.    -0.332 m, Cl=  1.42502, Re= 460627
                     span pos.    -0.180 m, Cl=  1.38669, Re= 492218
                     span pos.    -0.071 m, Cl=  1.35009, Re= 514818
                     span pos.    -0.014 m, Cl=  1.32523, Re= 526595
                 ...done surface 1 - OTF failures:
                     span pos.     0.715 m, Cl=  1.47521, Re= 381227
                     span pos.     0.914 m, Cl=  1.47077, Re= 339851
                     span pos.     1.097 m, Cl=  1.42933, Re= 301826
                     span pos.     1.250 m, Cl=  1.32338, Re= 270235

          Error generating the operating point... discarding

     α=11°, β=0°, φ=0°, V∞=20 m/s
       Creating source strengths...
       Calculating doublet strengths...
       Calculating far field forces...
       Calculating on-body pressure coefficients...
       Calculating plane
          Calculating XFoil viscous drag on the fly...
             Processing Main Wing: 2 surfaces
                 ...done surface 0 - OTF failures:
                     span pos.    -0.715 m, Cl=  1.56146, Re= 381227
                     span pos.    -0.515 m, Cl=  1.54139, Re= 422603
                     span pos.    -0.332 m, Cl=  1.50700, Re= 460627
                     span pos.    -0.180 m, Cl=  1.46607, Re= 492218
                     span pos.    -0.071 m, Cl=  1.42713, Re= 514818
                     span pos.    -0.014 m, Cl=  1.40079, Re= 526595
                 ...done surface 1 - OTF failures:
                     span pos.     0.715 m, Cl=  1.56146, Re= 381227
                     span pos.     0.914 m, Cl=  1.55781, Re= 339851
                     span pos.     1.097 m, Cl=  1.51511, Re= 301826
                     span pos.     1.250 m, Cl=  1.40387, Re= 270235

          Error generating the operating point... discarding

     α=12°, β=0°, φ=0°, V∞=20 m/s
       Creating source strengths...
       Calculating doublet strengths...
       Calculating far field forces...
       Calculating on-body pressure coefficients...
       Calculating plane
          Calculating XFoil viscous drag on the fly...
             Processing Main Wing: 2 surfaces
                 ...done surface 0 - OTF failures:
                     span pos.    -0.715 m, Cl=  1.64596, Re= 381227
                     span pos.    -0.515 m, Cl=  1.62407, Re= 422603
                     span pos.    -0.332 m, Cl=  1.58730, Re= 460627
                     span pos.    -0.180 m, Cl=  1.54382, Re= 492218
                     span pos.    -0.071 m, Cl=  1.50260, Re= 514818
                     span pos.    -0.014 m, Cl=  1.47480, Re= 526595
                 ...done surface 1 - OTF failures:
                     span pos.     0.715 m, Cl=  1.64596, Re= 381227
                     span pos.     0.914 m, Cl=  1.64310, Re= 339851
                     span pos.     1.097 m, Cl=  1.59919, Re= 301826
                     span pos.     1.250 m, Cl=  1.48276, Re= 270235
                     span pos.     1.358 m, Cl=  1.23952, Re= 247635

          Error generating the operating point... discarding

     α=13°, β=0°, φ=0°, V∞=20 m/s
       Creating source strengths...
       Calculating doublet strengths...
       Calculating far field forces...
       Calculating on-body pressure coefficients...
       Calculating plane
          Calculating XFoil viscous drag on the fly...
             Processing Main Wing: 2 surfaces
                 ...done surface 0 - OTF failures:
                     span pos.    -0.715 m, Cl=  1.72861, Re= 381227
                     span pos.    -0.515 m, Cl=  1.70492, Re= 422603
                     span pos.    -0.332 m, Cl=  1.66582, Re= 460627
                     span pos.    -0.180 m, Cl=  1.61984, Re= 492218
                     span pos.    -0.071 m, Cl=  1.57639, Re= 514818
                     span pos.    -0.014 m, Cl=  1.54717, Re= 526595
                 ...done surface 1 - OTF failures:
                     span pos.     0.715 m, Cl=  1.72861, Re= 381227
                     span pos.     0.914 m, Cl=  1.72653, Re= 339851
                     span pos.     1.097 m, Cl=  1.68144, Re= 301826
                     span pos.     1.250 m, Cl=  1.55996, Re= 270235
                     span pos.     1.358 m, Cl=  1.30449, Re= 247635

          Error generating the operating point... discarding

     α=14°, β=0°, φ=0°, V∞=20 m/s
       Creating source strengths...
       Calculating doublet strengths...
       Calculating far field forces...
       Calculating on-body pressure coefficients...
       Calculating plane
          Calculating XFoil viscous drag on the fly...
             Processing Main Wing: 2 surfaces
                 ...done surface 0 - OTF failures:
                     span pos.    -0.715 m, Cl=  1.80932, Re= 381227
                     span pos.    -0.515 m, Cl=  1.78386, Re= 422603
                     span pos.    -0.332 m, Cl=  1.74248, Re= 460627
                     span pos.    -0.180 m, Cl=  1.69406, Re= 492218
                     span pos.    -0.071 m, Cl=  1.64843, Re= 514818
                     span pos.    -0.014 m, Cl=  1.61781, Re= 526595
                 ...done surface 1 - OTF failures:
                     span pos.     0.715 m, Cl=  1.80932, Re= 381227
                     span pos.     0.914 m, Cl=  1.80800, Re= 339851
                     span pos.     1.097 m, Cl=  1.76178, Re= 301826
                     span pos.     1.250 m, Cl=  1.63537, Re= 270235
                     span pos.     1.358 m, Cl=  1.36795, Re= 247635

          Error generating the operating point... discarding


Done plane task.

Panel analysis completed ... Errors encountered

_____Plane analyses completed_____



-----Starting boat analyses-----

No xml Boat files to load

Making the analysis pairs (boat, analysis)

Made 0 valid analysis pairs (boat, polar) to run

_____ Boat analyses completed_____


