
flow5 v7.57
29.08.2026  18:34:52
Reading foil .dat files
   added foil: E387
   added foil: NACA 0009

Making foil analysis list
No foil analysis requested


Available foils:
   E387
   NACA 0009



-----Starting plane analyses-----

Adding planes from the .xml files
   added the plane: drone_opt from file drone_plane.xml


Adding the plane analyses from the xml files
   the analysis drone_polar has been added for drone_opt

Making the analysis pairs (plane, analysis)
   added analysis for (drone_opt, drone_polar)
   Made 1 valid analysis pairs (plane, polar) to run

Launching plane analysis: drone_opt / drone_polar
Initializing task

drone_opt
drone_polar

Checking plane and polar data
   ...done

drone_polar
Type 1 - Fixed speed polar

ρ =     1.225 kg/m³
ν =   1.5e-05 m²/s

RFF         = 10
Core radius = 1e-06 m

Using 4 threads

Linear system calculations in floating point double precision

Using S. Nintcheu-Fata's method for off-plane integrals

Initializing the triangle analysis
Checking element sizes
   ...done

Setting flap positions

Connecting triangular panels...   done in 0.002 s
Counted 498 elements
Matrix size = 498

Allocating result arrays

Solving the problem... 

   Making the unit RHS vectors...       done in 0.000 s
   Making the influence matrix...       done in 0.025 s
   Adding the wake's contribution...    done in 0.001 s
   LAPACK - LU factorization...         done in 0.000 s
   Back-substituting RHS...             done in 0.000 s
   Making unit panel velocities...      done

   Calculating 20 operating points
     α=-5°, β=0°, φ=0°, V∞=20 m/s
       Creating source strengths...
       Calculating doublet strengths...
       Calculating far field forces...
       Calculating on-body pressure coefficients...
       Calculating plane
          Calculating XFoil viscous drag on the fly...
             Processing Main Wing: 2 surfaces
                 ...done surface 1
                 ...done surface 0 - OTF failures:
                     span pos.    -0.744 m, Cl= -0.01579, Re= 141177
                     span pos.    -0.684 m, Cl= -0.01062, Re= 152618
                     span pos.    -0.601 m, Cl=  0.00595, Re= 168611
                     span pos.    -0.392 m, Cl=  0.04292, Re= 208807

          Error generating the operating point... discarding

     α=-4°, β=0°, φ=0°, V∞=20 m/s
       Creating source strengths...
       Calculating doublet strengths...
       Calculating far field forces...
       Calculating on-body pressure coefficients...
       Calculating plane
          Calculating XFoil viscous drag on the fly...
             Processing Main Wing: 2 surfaces
                 ...done surface 1
                 ...done surface 0
             Processing Elevator: 2 surfaces
                 ...done surface 0
                 ...done surface 1
             Processing Fin: 1 surfaces
                 ...done surface 0
             ...done.
          Skipping derivatives and eigenthings
          Done operating point

     α=-3°, β=0°, φ=0°, V∞=20 m/s
       Creating source strengths...
       Calculating doublet strengths...
       Calculating far field forces...
       Calculating on-body pressure coefficients...
       Calculating plane
          Calculating XFoil viscous drag on the fly...
             Processing Main Wing: 2 surfaces
                 ...done surface 0
                 ...done surface 1
             Processing Elevator: 2 surfaces
                 ...done surface 0
                 ...done surface 1
             Processing Fin: 1 surfaces
                 ...done surface 0
             ...done.
          Skipping derivatives and eigenthings
          Done operating point

     α=-2°, β=0°, φ=0°, V∞=20 m/s
       Creating source strengths...
       Calculating doublet strengths...
       Calculating far field forces...
       Calculating on-body pressure coefficients...
       Calculating plane
          Calculating XFoil viscous drag on the fly...
             Processing Main Wing: 2 surfaces
                 ...done surface 0
                 ...done surface 1
             Processing Elevator: 2 surfaces
                 ...done surface 0
                 ...done surface 1
             Processing Fin: 1 surfaces
                 ...done surface 0
             ...done.
          Skipping derivatives and eigenthings
          Done operating point

     α=-1°, β=0°, φ=0°, V∞=20 m/s
       Creating source strengths...
       Calculating doublet strengths...
       Calculating far field forces...
       Calculating on-body pressure coefficients...
       Calculating plane
          Calculating XFoil viscous drag on the fly...
             Processing Main Wing: 2 surfaces
                 ...done surface 0
                 ...done surface 1
             Processing Elevator: 2 surfaces
                 ...done surface 1
                 ...done surface 0
             Processing Fin: 1 surfaces
                 ...done surface 0
             ...done.
          Skipping derivatives and eigenthings
          Done operating point

     α=0°, β=0°, φ=0°, V∞=20 m/s
       Creating source strengths...
       Calculating doublet strengths...
       Calculating far field forces...
       Calculating on-body pressure coefficients...
       Calculating plane
          Calculating XFoil viscous drag on the fly...
             Processing Main Wing: 2 surfaces
                 ...done surface 0
                 ...done surface 1
             Processing Elevator: 2 surfaces
                 ...done surface 1
                 ...done surface 0
             Processing Fin: 1 surfaces
                 ...done surface 0
             ...done.
          Skipping derivatives and eigenthings
          Done operating point

     α=1°, β=0°, φ=0°, V∞=20 m/s
       Creating source strengths...
       Calculating doublet strengths...
       Calculating far field forces...
       Calculating on-body pressure coefficients...
       Calculating plane
          Calculating XFoil viscous drag on the fly...
             Processing Main Wing: 2 surfaces
                 ...done surface 1
                 ...done surface 0
             Processing Elevator: 2 surfaces
                 ...done surface 1
                 ...done surface 0
             Processing Fin: 1 surfaces
                 ...done surface 0
             ...done.
          Skipping derivatives and eigenthings
          Done operating point

     α=2°, β=0°, φ=0°, V∞=20 m/s
       Creating source strengths...
       Calculating doublet strengths...
       Calculating far field forces...
       Calculating on-body pressure coefficients...
       Calculating plane
          Calculating XFoil viscous drag on the fly...
             Processing Main Wing: 2 surfaces
                 ...done surface 1
                 ...done surface 0
             Processing Elevator: 2 surfaces
                 ...done surface 0
                 ...done surface 1
             Processing Fin: 1 surfaces
                 ...done surface 0
             ...done.
          Skipping derivatives and eigenthings
          Done operating point

     α=3°, β=0°, φ=0°, V∞=20 m/s
       Creating source strengths...
       Calculating doublet strengths...
       Calculating far field forces...
       Calculating on-body pressure coefficients...
       Calculating plane
          Calculating XFoil viscous drag on the fly...
             Processing Main Wing: 2 surfaces
                 ...done surface 0
                 ...done surface 1
             Processing Elevator: 2 surfaces
                 ...done surface 0
                 ...done surface 1
             Processing Fin: 1 surfaces
                 ...done surface 0
             ...done.
          Skipping derivatives and eigenthings
          Done operating point

     α=4°, β=0°, φ=0°, V∞=20 m/s
       Creating source strengths...
       Calculating doublet strengths...
       Calculating far field forces...
       Calculating on-body pressure coefficients...
       Calculating plane
          Calculating XFoil viscous drag on the fly...
             Processing Main Wing: 2 surfaces
                 ...done surface 0
                 ...done surface 1
             Processing Elevator: 2 surfaces
                 ...done surface 1
                 ...done surface 0
             Processing Fin: 1 surfaces
                 ...done surface 0
             ...done.
          Skipping derivatives and eigenthings
          Done operating point

     α=5°, β=0°, φ=0°, V∞=20 m/s
       Creating source strengths...
       Calculating doublet strengths...
       Calculating far field forces...
       Calculating on-body pressure coefficients...
       Calculating plane
          Calculating XFoil viscous drag on the fly...
             Processing Main Wing: 2 surfaces
                 ...done surface 1
                 ...done surface 0
             Processing Elevator: 2 surfaces
                 ...done surface 0
                 ...done surface 1
             Processing Fin: 1 surfaces
                 ...done surface 0
             ...done.
          Skipping derivatives and eigenthings
          Done operating point

     α=6°, β=0°, φ=0°, V∞=20 m/s
       Creating source strengths...
       Calculating doublet strengths...
       Calculating far field forces...
       Calculating on-body pressure coefficients...
       Calculating plane
          Calculating XFoil viscous drag on the fly...
             Processing Main Wing: 2 surfaces
                 ...done surface 0
                 ...done surface 1
             Processing Elevator: 2 surfaces
                 ...done surface 0
                 ...done surface 1
             Processing Fin: 1 surfaces
                 ...done surface 0
             ...done.
          Skipping derivatives and eigenthings
          Done operating point

     α=7°, β=0°, φ=0°, V∞=20 m/s
       Creating source strengths...
       Calculating doublet strengths...
       Calculating far field forces...
       Calculating on-body pressure coefficients...
       Calculating plane
          Calculating XFoil viscous drag on the fly...
             Processing Main Wing: 2 surfaces
                 ...done surface 1
                 ...done surface 0
             Processing Elevator: 2 surfaces
                 ...done surface 0
                 ...done surface 1
             Processing Fin: 1 surfaces
                 ...done surface 0
             ...done.
          Skipping derivatives and eigenthings
          Done operating point

     α=8°, β=0°, φ=0°, V∞=20 m/s
       Creating source strengths...
       Calculating doublet strengths...
       Calculating far field forces...
       Calculating on-body pressure coefficients...
       Calculating plane
          Calculating XFoil viscous drag on the fly...
             Processing Main Wing: 2 surfaces
                 ...done surface 1 - OTF failures:
                     span pos.     0.392 m, Cl=  1.29129, Re= 208807
                     span pos.     0.501 m, Cl=  1.27910, Re= 187860
                 ...done surface 0 - OTF failures:
                     span pos.    -0.392 m, Cl=  1.29129, Re= 208807
                     span pos.    -0.282 m, Cl=  1.28233, Re= 229753
                     span pos.    -0.182 m, Cl=  1.25987, Re= 249003

          Error generating the operating point... discarding

     α=9°, β=0°, φ=0°, V∞=20 m/s
       Creating source strengths...
       Calculating doublet strengths...
       Calculating far field forces...
       Calculating on-body pressure coefficients...
       Calculating plane
          Calculating XFoil viscous drag on the fly...
             Processing Main Wing: 2 surfaces
                 ...done surface 0 - OTF failures:
                     span pos.    -0.392 m, Cl=  1.38057, Re= 208807
                     span pos.    -0.282 m, Cl=  1.37000, Re= 229753
                     span pos.    -0.182 m, Cl=  1.34530, Re= 249003
                     span pos.    -0.099 m, Cl=  1.31335, Re= 264996
                     span pos.    -0.039 m, Cl=  1.28167, Re= 276437
                 ...done surface 1 - OTF failures:
                     span pos.     0.392 m, Cl=  1.38057, Re= 208807
                     span pos.     0.501 m, Cl=  1.36881, Re= 187860
                     span pos.     0.601 m, Cl=  1.32167, Re= 168611
                     span pos.     0.684 m, Cl=  1.21465, Re= 152618

          Error generating the operating point... discarding

     α=10°, β=0°, φ=0°, V∞=20 m/s
       Creating source strengths...
       Calculating doublet strengths...
       Calculating far field forces...
       Calculating on-body pressure coefficients...
       Calculating plane
          Calculating XFoil viscous drag on the fly...
             Processing Main Wing: 2 surfaces
                 ...done surface 0 - OTF failures:
                     span pos.    -0.392 m, Cl=  1.46833, Re= 208807
                     span pos.    -0.282 m, Cl=  1.45617, Re= 229753
                     span pos.    -0.182 m, Cl=  1.42925, Re= 249003
                     span pos.    -0.099 m, Cl=  1.39486, Re= 264996
                     span pos.    -0.039 m, Cl=  1.36095, Re= 276437
                     span pos.    -0.008 m, Cl=  1.33745, Re= 282399
                 ...done surface 1 - OTF failures:
                     span pos.     0.392 m, Cl=  1.46833, Re= 208807
                     span pos.     0.501 m, Cl=  1.45701, Re= 187860
                     span pos.     0.601 m, Cl=  1.40815, Re= 168611
                     span pos.     0.684 m, Cl=  1.29526, Re= 152618

          Error generating the operating point... discarding

     α=11°, β=0°, φ=0°, V∞=20 m/s
       Creating source strengths...
       Calculating doublet strengths...
       Calculating far field forces...
       Calculating on-body pressure coefficients...
       Calculating plane
          Calculating XFoil viscous drag on the fly...
             Processing Main Wing: 2 surfaces
                 ...done surface 0 - OTF failures:
                     span pos.    -0.392 m, Cl=  1.55445, Re= 208807
                     span pos.    -0.282 m, Cl=  1.54071, Re= 229753
                     span pos.    -0.182 m, Cl=  1.51161, Re= 249003
                     span pos.    -0.099 m, Cl=  1.47482, Re= 264996
                     span pos.    -0.039 m, Cl=  1.43873, Re= 276437
                     span pos.    -0.008 m, Cl=  1.41382, Re= 282399
                 ...done surface 1 - OTF failures:
                     span pos.     0.392 m, Cl=  1.55445, Re= 208807
                     span pos.     0.501 m, Cl=  1.54357, Re= 187860
                     span pos.     0.601 m, Cl=  1.49305, Re= 168611
                     span pos.     0.684 m, Cl=  1.37440, Re= 152618

          Error generating the operating point... discarding

     α=12°, β=0°, φ=0°, V∞=20 m/s
       Creating source strengths...
       Calculating doublet strengths...
       Calculating far field forces...
       Calculating on-body pressure coefficients...
       Calculating plane
          Calculating XFoil viscous drag on the fly...
             Processing Main Wing: 2 surfaces
                 ...done surface 0 - OTF failures:
                     span pos.    -0.392 m, Cl=  1.63882, Re= 208807
                     span pos.    -0.282 m, Cl=  1.62354, Re= 229753
                     span pos.    -0.182 m, Cl=  1.59230, Re= 249003
                     span pos.    -0.099 m, Cl=  1.55315, Re= 264996
                     span pos.    -0.039 m, Cl=  1.51491, Re= 276437
                     span pos.    -0.008 m, Cl=  1.48862, Re= 282399
                 ...done surface 1 - OTF failures:
                     span pos.     0.392 m, Cl=  1.63882, Re= 208807
                     span pos.     0.501 m, Cl=  1.62839, Re= 187860
                     span pos.     0.601 m, Cl=  1.57625, Re= 168611
                     span pos.     0.684 m, Cl=  1.45198, Re= 152618
                     span pos.     0.744 m, Cl=  1.20500, Re= 141177

          Error generating the operating point... discarding

     α=13°, β=0°, φ=0°, V∞=20 m/s
       Creating source strengths...
       Calculating doublet strengths...
       Calculating far field forces...
       Calculating on-body pressure coefficients...
       Calculating plane
          Calculating XFoil viscous drag on the fly...
             Processing Main Wing: 2 surfaces
                 ...done surface 0 - OTF failures:
                     span pos.    -0.392 m, Cl=  1.72135, Re= 208807
                     span pos.    -0.282 m, Cl=  1.70455, Re= 229753
                     span pos.    -0.182 m, Cl=  1.67121, Re= 249003
                     span pos.    -0.099 m, Cl=  1.62974, Re= 264996
                     span pos.    -0.039 m, Cl=  1.58940, Re= 276437
                     span pos.    -0.008 m, Cl=  1.56177, Re= 282399
                 ...done surface 1 - OTF failures:
                     span pos.     0.392 m, Cl=  1.72135, Re= 208807
                     span pos.     0.501 m, Cl=  1.71137, Re= 187860
                     span pos.     0.601 m, Cl=  1.65766, Re= 168611
                     span pos.     0.684 m, Cl=  1.52790, Re= 152618
                     span pos.     0.744 m, Cl=  1.26840, Re= 141177

          Error generating the operating point... discarding

     α=14°, β=0°, φ=0°, V∞=20 m/s
       Creating source strengths...
       Calculating doublet strengths...
       Calculating far field forces...
       Calculating on-body pressure coefficients...
       Calculating plane
          Calculating XFoil viscous drag on the fly...
             Processing Main Wing: 2 surfaces
                 ...done surface 0 - OTF failures:
                     span pos.    -0.392 m, Cl=  1.80194, Re= 208807
                     span pos.    -0.282 m, Cl=  1.78365, Re= 229753
                     span pos.    -0.182 m, Cl=  1.74824, Re= 249003
                     span pos.    -0.099 m, Cl=  1.70451, Re= 264996
                     span pos.    -0.039 m, Cl=  1.66212, Re= 276437
                     span pos.    -0.008 m, Cl=  1.63316, Re= 282399
                 ...done surface 1 - OTF failures:
                     span pos.     0.392 m, Cl=  1.80194, Re= 208807
                     span pos.     0.501 m, Cl=  1.79241, Re= 187860
                     span pos.     0.601 m, Cl=  1.73718, Re= 168611
                     span pos.     0.684 m, Cl=  1.60206, Re= 152618
                     span pos.     0.744 m, Cl=  1.33035, Re= 141177

          Error generating the operating point... discarding


Done plane task.

Panel analysis completed ... Errors encountered

_____Plane analyses completed_____



-----Starting boat analyses-----

No xml Boat files to load

Making the analysis pairs (boat, analysis)

Made 0 valid analysis pairs (boat, polar) to run

_____ Boat analyses completed_____


