
flow5 v7.57
01.09.2026  16:08:56
Reading foil .dat files
   added foil: E387
   added foil: NACA 0009

Making foil analysis list
No foil analysis requested


Available foils:
   E387
   NACA 0009



-----Starting plane analyses-----

Adding planes from the .xml files
   added the plane: drone_opt from file drone_plane.xml


Adding the plane analyses from the xml files
   the analysis drone_polar has been added for drone_opt

Making the analysis pairs (plane, analysis)
   added analysis for (drone_opt, drone_polar)
   Made 1 valid analysis pairs (plane, polar) to run

Launching plane analysis: drone_opt / drone_polar
Initializing task

drone_opt
drone_polar

Checking plane and polar data
   ...done

drone_polar
Type 1 - Fixed speed polar

ρ =     1.225 kg/m³
ν =   1.5e-05 m²/s

RFF         = 10
Core radius = 1e-06 m

Using 4 threads

Linear system calculations in floating point double precision

Using S. Nintcheu-Fata's method for off-plane integrals

Initializing the triangle analysis
Checking element sizes
   ...done

Setting flap positions

Connecting triangular panels...   done in 0.002 s
Counted 498 elements
Matrix size = 498

Allocating result arrays

Solving the problem... 

   Making the unit RHS vectors...       done in 0.000 s
   Making the influence matrix...       done in 0.024 s
   Adding the wake's contribution...    done in 0.001 s
   LAPACK - LU factorization...         done in 0.000 s
   Back-substituting RHS...             done in 0.000 s
   Making unit panel velocities...      done

   Calculating 20 operating points
     α=-5°, β=0°, φ=0°, V∞=20 m/s
       Creating source strengths...
       Calculating doublet strengths...
       Calculating far field forces...
       Calculating on-body pressure coefficients...
       Calculating plane
          Calculating XFoil viscous drag on the fly...
             Processing Main Wing: 2 surfaces
                 ...done surface 0
                 ...done surface 1
             Processing Elevator: 2 surfaces
                 ...done surface 0
                 ...done surface 1
             Processing Fin: 1 surfaces
                 ...done surface 0
             ...done.
          Skipping derivatives and eigenthings
          Done operating point

     α=-4°, β=0°, φ=0°, V∞=20 m/s
       Creating source strengths...
       Calculating doublet strengths...
       Calculating far field forces...
       Calculating on-body pressure coefficients...
       Calculating plane
          Calculating XFoil viscous drag on the fly...
             Processing Main Wing: 2 surfaces
                 ...done surface 1
                 ...done surface 0
             Processing Elevator: 2 surfaces
                 ...done surface 0
                 ...done surface 1
             Processing Fin: 1 surfaces
                 ...done surface 0
             ...done.
          Skipping derivatives and eigenthings
          Done operating point

     α=-3°, β=0°, φ=0°, V∞=20 m/s
       Creating source strengths...
       Calculating doublet strengths...
       Calculating far field forces...
       Calculating on-body pressure coefficients...
       Calculating plane
          Calculating XFoil viscous drag on the fly...
             Processing Main Wing: 2 surfaces
                 ...done surface 1
                 ...done surface 0
             Processing Elevator: 2 surfaces
                 ...done surface 0
                 ...done surface 1
             Processing Fin: 1 surfaces
                 ...done surface 0
             ...done.
          Skipping derivatives and eigenthings
          Done operating point

     α=-2°, β=0°, φ=0°, V∞=20 m/s
       Creating source strengths...
       Calculating doublet strengths...
       Calculating far field forces...
       Calculating on-body pressure coefficients...
       Calculating plane
          Calculating XFoil viscous drag on the fly...
             Processing Main Wing: 2 surfaces
                 ...done surface 0
                 ...done surface 1
             Processing Elevator: 2 surfaces
                 ...done surface 0
                 ...done surface 1
             Processing Fin: 1 surfaces
                 ...done surface 0
             ...done.
          Skipping derivatives and eigenthings
          Done operating point

     α=-1°, β=0°, φ=0°, V∞=20 m/s
       Creating source strengths...
       Calculating doublet strengths...
       Calculating far field forces...
       Calculating on-body pressure coefficients...
       Calculating plane
          Calculating XFoil viscous drag on the fly...
             Processing Main Wing: 2 surfaces
                 ...done surface 0
                 ...done surface 1
             Processing Elevator: 2 surfaces
                 ...done surface 0
                 ...done surface 1
             Processing Fin: 1 surfaces
                 ...done surface 0
             ...done.
          Skipping derivatives and eigenthings
          Done operating point

     α=0°, β=0°, φ=0°, V∞=20 m/s
       Creating source strengths...
       Calculating doublet strengths...
       Calculating far field forces...
       Calculating on-body pressure coefficients...
       Calculating plane
          Calculating XFoil viscous drag on the fly...
             Processing Main Wing: 2 surfaces
                 ...done surface 1
                 ...done surface 0
             Processing Elevator: 2 surfaces
                 ...done surface 0
                 ...done surface 1
             Processing Fin: 1 surfaces
                 ...done surface 0
             ...done.
          Skipping derivatives and eigenthings
          Done operating point

     α=1°, β=0°, φ=0°, V∞=20 m/s
       Creating source strengths...
       Calculating doublet strengths...
       Calculating far field forces...
       Calculating on-body pressure coefficients...
       Calculating plane
          Calculating XFoil viscous drag on the fly...
             Processing Main Wing: 2 surfaces
                 ...done surface 0
                 ...done surface 1
             Processing Elevator: 2 surfaces
                 ...done surface 1
                 ...done surface 0
             Processing Fin: 1 surfaces
                 ...done surface 0
             ...done.
          Skipping derivatives and eigenthings
          Done operating point

     α=2°, β=0°, φ=0°, V∞=20 m/s
       Creating source strengths...
       Calculating doublet strengths...
       Calculating far field forces...
       Calculating on-body pressure coefficients...
       Calculating plane
          Calculating XFoil viscous drag on the fly...
             Processing Main Wing: 2 surfaces
                 ...done surface 1
                 ...done surface 0
             Processing Elevator: 2 surfaces
                 ...done surface 1
                 ...done surface 0
             Processing Fin: 1 surfaces
                 ...done surface 0
             ...done.
          Skipping derivatives and eigenthings
          Done operating point

     α=3°, β=0°, φ=0°, V∞=20 m/s
       Creating source strengths...
       Calculating doublet strengths...
       Calculating far field forces...
       Calculating on-body pressure coefficients...
       Calculating plane
          Calculating XFoil viscous drag on the fly...
             Processing Main Wing: 2 surfaces
                 ...done surface 0
                 ...done surface 1
             Processing Elevator: 2 surfaces
                 ...done surface 0
                 ...done surface 1
             Processing Fin: 1 surfaces
                 ...done surface 0
             ...done.
          Skipping derivatives and eigenthings
          Done operating point

     α=4°, β=0°, φ=0°, V∞=20 m/s
       Creating source strengths...
       Calculating doublet strengths...
       Calculating far field forces...
       Calculating on-body pressure coefficients...
       Calculating plane
          Calculating XFoil viscous drag on the fly...
             Processing Main Wing: 2 surfaces
                 ...done surface 0
                 ...done surface 1
             Processing Elevator: 2 surfaces
                 ...done surface 1
                 ...done surface 0
             Processing Fin: 1 surfaces
                 ...done surface 0
             ...done.
          Skipping derivatives and eigenthings
          Done operating point

     α=5°, β=0°, φ=0°, V∞=20 m/s
       Creating source strengths...
       Calculating doublet strengths...
       Calculating far field forces...
       Calculating on-body pressure coefficients...
       Calculating plane
          Calculating XFoil viscous drag on the fly...
             Processing Main Wing: 2 surfaces
                 ...done surface 0
                 ...done surface 1
             Processing Elevator: 2 surfaces
                 ...done surface 0
                 ...done surface 1
             Processing Fin: 1 surfaces
                 ...done surface 0
             ...done.
          Skipping derivatives and eigenthings
          Done operating point

     α=6°, β=0°, φ=0°, V∞=20 m/s
       Creating source strengths...
       Calculating doublet strengths...
       Calculating far field forces...
       Calculating on-body pressure coefficients...
       Calculating plane
          Calculating XFoil viscous drag on the fly...
             Processing Main Wing: 2 surfaces
                 ...done surface 0
                 ...done surface 1
             Processing Elevator: 2 surfaces
                 ...done surface 1
                 ...done surface 0
             Processing Fin: 1 surfaces
                 ...done surface 0
             ...done.
          Skipping derivatives and eigenthings
          Done operating point

     α=7°, β=0°, φ=0°, V∞=20 m/s
       Creating source strengths...
       Calculating doublet strengths...
       Calculating far field forces...
       Calculating on-body pressure coefficients...
       Calculating plane
          Calculating XFoil viscous drag on the fly...
             Processing Main Wing: 2 surfaces
                 ...done surface 0
                 ...done surface 1
             Processing Elevator: 2 surfaces
                 ...done surface 1
                 ...done surface 0
             Processing Fin: 1 surfaces
                 ...done surface 0
             ...done.
          Skipping derivatives and eigenthings
          Done operating point

     α=8°, β=0°, φ=0°, V∞=20 m/s
       Creating source strengths...
       Calculating doublet strengths...
       Calculating far field forces...
       Calculating on-body pressure coefficients...
       Calculating plane
          Calculating XFoil viscous drag on the fly...
             Processing Main Wing: 2 surfaces
                 ...done surface 0 - OTF failures:
                     span pos.    -0.914 m, Cl=  1.31159, Re= 333463
                     span pos.    -0.715 m, Cl=  1.30625, Re= 381227
                     span pos.    -0.515 m, Cl=  1.28197, Re= 428991
                     span pos.    -0.332 m, Cl=  1.24676, Re= 472885
                     span pos.    -0.071 m, Cl=  1.17124, Re= 535443
                 ...done surface 1 - OTF failures:
                     span pos.     0.914 m, Cl=  1.31159, Re= 333463
                     span pos.     1.097 m, Cl=  1.28532, Re= 289568

          Error generating the operating point... discarding

     α=9°, β=0°, φ=0°, V∞=20 m/s
       Creating source strengths...
       Calculating doublet strengths...
       Calculating far field forces...
       Calculating on-body pressure coefficients...
       Calculating plane
          Calculating XFoil viscous drag on the fly...
             Processing Main Wing: 2 surfaces
                 ...done surface 0 - OTF failures:
                     span pos.    -0.914 m, Cl=  1.40287, Re= 333463
                     span pos.    -0.715 m, Cl=  1.39598, Re= 381227
                     span pos.    -0.515 m, Cl=  1.36917, Re= 428991
                     span pos.    -0.332 m, Cl=  1.33097, Re= 472885
                     span pos.    -0.180 m, Cl=  1.28853, Re= 509354
                     span pos.    -0.071 m, Cl=  1.24967, Re= 535443
                 ...done surface 1 - OTF failures:
                     span pos.     0.914 m, Cl=  1.40287, Re= 333463
                     span pos.     1.097 m, Cl=  1.37621, Re= 289568
                     span pos.     1.250 m, Cl=  1.28933, Re= 253099

          Error generating the operating point... discarding

     α=10°, β=0°, φ=0°, V∞=20 m/s
       Creating source strengths...
       Calculating doublet strengths...
       Calculating far field forces...
       Calculating on-body pressure coefficients...
       Calculating plane
          Calculating XFoil viscous drag on the fly...
             Processing Main Wing: 2 surfaces
                 ...done surface 0 - OTF failures:
                     span pos.    -0.914 m, Cl=  1.49260, Re= 333463
                     span pos.    -0.715 m, Cl=  1.48417, Re= 381227
                     span pos.    -0.515 m, Cl=  1.45487, Re= 428991
                     span pos.    -0.332 m, Cl=  1.41371, Re= 472885
                     span pos.    -0.180 m, Cl=  1.36824, Re= 509354
                     span pos.    -0.071 m, Cl=  1.32674, Re= 535443
                     span pos.    -0.014 m, Cl=  1.29941, Re= 549038
                 ...done surface 1 - OTF failures:
                     span pos.     0.914 m, Cl=  1.49260, Re= 333463
                     span pos.     1.097 m, Cl=  1.46557, Re= 289568
                     span pos.     1.250 m, Cl=  1.37433, Re= 253099

          Error generating the operating point... discarding

     α=11°, β=0°, φ=0°, V∞=20 m/s
       Creating source strengths...
       Calculating doublet strengths...
       Calculating far field forces...
       Calculating on-body pressure coefficients...
       Calculating plane
          Calculating XFoil viscous drag on the fly...
             Processing Main Wing: 2 surfaces
                 ...done surface 0 - OTF failures:
                     span pos.    -0.914 m, Cl=  1.58065, Re= 333463
                     span pos.    -0.715 m, Cl=  1.57071, Re= 381227
                     span pos.    -0.515 m, Cl=  1.53896, Re= 428991
                     span pos.    -0.332 m, Cl=  1.49490, Re= 472885
                     span pos.    -0.180 m, Cl=  1.44645, Re= 509354
                     span pos.    -0.071 m, Cl=  1.40236, Re= 535443
                     span pos.    -0.014 m, Cl=  1.37340, Re= 549038
                 ...done surface 1 - OTF failures:
                     span pos.     0.914 m, Cl=  1.58065, Re= 333463
                     span pos.     1.097 m, Cl=  1.55328, Re= 289568
                     span pos.     1.250 m, Cl=  1.45778, Re= 253099
                     span pos.     1.358 m, Cl=  1.23673, Re= 227011

          Error generating the operating point... discarding

     α=12°, β=0°, φ=0°, V∞=20 m/s
       Creating source strengths...
       Calculating doublet strengths...
       Calculating far field forces...
       Calculating on-body pressure coefficients...
       Calculating plane
          Calculating XFoil viscous drag on the fly...
             Processing Main Wing: 2 surfaces
                 ...done surface 0 - OTF failures:
                     span pos.    -0.914 m, Cl=  1.66694, Re= 333463
                     span pos.    -0.715 m, Cl=  1.65549, Re= 381227
                     span pos.    -0.515 m, Cl=  1.62134, Re= 428991
                     span pos.    -0.332 m, Cl=  1.57443, Re= 472885
                     span pos.    -0.180 m, Cl=  1.52306, Re= 509354
                     span pos.    -0.071 m, Cl=  1.47642, Re= 535443
                     span pos.    -0.014 m, Cl=  1.44587, Re= 549038
                 ...done surface 1 - OTF failures:
                     span pos.     0.914 m, Cl=  1.66694, Re= 333463
                     span pos.     1.097 m, Cl=  1.63923, Re= 289568
                     span pos.     1.250 m, Cl=  1.53957, Re= 253099
                     span pos.     1.358 m, Cl=  1.30673, Re= 227011

          Error generating the operating point... discarding

     α=13°, β=0°, φ=0°, V∞=20 m/s
       Creating source strengths...
       Calculating doublet strengths...
       Calculating far field forces...
       Calculating on-body pressure coefficients...
       Calculating plane
          Calculating XFoil viscous drag on the fly...
             Processing Main Wing: 2 surfaces
                 ...done surface 0 - OTF failures:
                     span pos.    -0.914 m, Cl=  1.75135, Re= 333463
                     span pos.    -0.715 m, Cl=  1.73842, Re= 381227
                     span pos.    -0.515 m, Cl=  1.70191, Re= 428991
                     span pos.    -0.332 m, Cl=  1.65220, Re= 472885
                     span pos.    -0.180 m, Cl=  1.59797, Re= 509354
                     span pos.    -0.071 m, Cl=  1.54884, Re= 535443
                     span pos.    -0.014 m, Cl=  1.51674, Re= 549038
                 ...done surface 1 - OTF failures:
                     span pos.     0.914 m, Cl=  1.75135, Re= 333463
                     span pos.     1.097 m, Cl=  1.72334, Re= 289568
                     span pos.     1.250 m, Cl=  1.61961, Re= 253099
                     span pos.     1.358 m, Cl=  1.37522, Re= 227011

          Error generating the operating point... discarding

     α=14°, β=0°, φ=0°, V∞=20 m/s
       Creating source strengths...
       Calculating doublet strengths...
       Calculating far field forces...
       Calculating on-body pressure coefficients...
       Calculating plane
          Calculating XFoil viscous drag on the fly...
             Processing Main Wing: 2 surfaces
                 ...done surface 0 - OTF failures:
                     span pos.    -0.914 m, Cl=  1.83377, Re= 333463
                     span pos.    -0.715 m, Cl=  1.81939, Re= 381227
                     span pos.    -0.515 m, Cl=  1.78056, Re= 428991
                     span pos.    -0.332 m, Cl=  1.72812, Re= 472885
                     span pos.    -0.180 m, Cl=  1.67109, Re= 509354
                     span pos.    -0.071 m, Cl=  1.61953, Re= 535443
                     span pos.    -0.014 m, Cl=  1.58591, Re= 549038
                 ...done surface 1 - OTF failures:
                     span pos.     0.914 m, Cl=  1.83377, Re= 333463
                     span pos.     1.097 m, Cl=  1.80548, Re= 289568
                     span pos.     1.250 m, Cl=  1.69780, Re= 253099
                     span pos.     1.358 m, Cl=  1.44215, Re= 227011

          Error generating the operating point... discarding


Done plane task.

Panel analysis completed ... Errors encountered

_____Plane analyses completed_____



-----Starting boat analyses-----

No xml Boat files to load

Making the analysis pairs (boat, analysis)

Made 0 valid analysis pairs (boat, polar) to run

_____ Boat analyses completed_____


