
flow5 v7.57
01.09.2026  16:12:02
Reading foil .dat files
   added foil: E387
   added foil: NACA 0009

Making foil analysis list
No foil analysis requested


Available foils:
   E387
   NACA 0009



-----Starting plane analyses-----

Adding planes from the .xml files
   added the plane: drone_opt from file drone_plane.xml


Adding the plane analyses from the xml files
   the analysis drone_polar has been added for drone_opt

Making the analysis pairs (plane, analysis)
   added analysis for (drone_opt, drone_polar)
   Made 1 valid analysis pairs (plane, polar) to run

Launching plane analysis: drone_opt / drone_polar
Initializing task

drone_opt
drone_polar

Checking plane and polar data
   ...done

drone_polar
Type 1 - Fixed speed polar

ρ =     1.225 kg/m³
ν =   1.5e-05 m²/s

RFF         = 10
Core radius = 1e-06 m

Using 4 threads

Linear system calculations in floating point double precision

Using S. Nintcheu-Fata's method for off-plane integrals

Initializing the triangle analysis
Checking element sizes
   ...done

Setting flap positions

Connecting triangular panels...   done in 0.002 s
Counted 498 elements
Matrix size = 498

Allocating result arrays

Solving the problem... 

   Making the unit RHS vectors...       done in 0.000 s
   Making the influence matrix...       done in 0.024 s
   Adding the wake's contribution...    done in 0.001 s
   LAPACK - LU factorization...         done in 0.001 s
   Back-substituting RHS...             done in 0.000 s
   Making unit panel velocities...      done

   Calculating 20 operating points
     α=-5°, β=0°, φ=0°, V∞=20 m/s
       Creating source strengths...
       Calculating doublet strengths...
       Calculating far field forces...
       Calculating on-body pressure coefficients...
       Calculating plane
          Calculating XFoil viscous drag on the fly...
             Processing Main Wing: 2 surfaces
                 ...done surface 0
                 ...done surface 1
             Processing Elevator: 2 surfaces
                 ...done surface 0
                 ...done surface 1
             Processing Fin: 1 surfaces
                 ...done surface 0
             ...done.
          Skipping derivatives and eigenthings
          Done operating point

     α=-4°, β=0°, φ=0°, V∞=20 m/s
       Creating source strengths...
       Calculating doublet strengths...
       Calculating far field forces...
       Calculating on-body pressure coefficients...
       Calculating plane
          Calculating XFoil viscous drag on the fly...
             Processing Main Wing: 2 surfaces
                 ...done surface 0
                 ...done surface 1
             Processing Elevator: 2 surfaces
                 ...done surface 0
                 ...done surface 1
             Processing Fin: 1 surfaces
                 ...done surface 0
             ...done.
          Skipping derivatives and eigenthings
          Done operating point

     α=-3°, β=0°, φ=0°, V∞=20 m/s
       Creating source strengths...
       Calculating doublet strengths...
       Calculating far field forces...
       Calculating on-body pressure coefficients...
       Calculating plane
          Calculating XFoil viscous drag on the fly...
             Processing Main Wing: 2 surfaces
                 ...done surface 1
                 ...done surface 0
             Processing Elevator: 2 surfaces
                 ...done surface 0
                 ...done surface 1
             Processing Fin: 1 surfaces
                 ...done surface 0
             ...done.
          Skipping derivatives and eigenthings
          Done operating point

     α=-2°, β=0°, φ=0°, V∞=20 m/s
       Creating source strengths...
       Calculating doublet strengths...
       Calculating far field forces...
       Calculating on-body pressure coefficients...
       Calculating plane
          Calculating XFoil viscous drag on the fly...
             Processing Main Wing: 2 surfaces
                 ...done surface 1
                 ...done surface 0
             Processing Elevator: 2 surfaces
                 ...done surface 0
                 ...done surface 1
             Processing Fin: 1 surfaces
                 ...done surface 0
             ...done.
          Skipping derivatives and eigenthings
          Done operating point

     α=-1°, β=0°, φ=0°, V∞=20 m/s
       Creating source strengths...
       Calculating doublet strengths...
       Calculating far field forces...
       Calculating on-body pressure coefficients...
       Calculating plane
          Calculating XFoil viscous drag on the fly...
             Processing Main Wing: 2 surfaces
                 ...done surface 1
                 ...done surface 0
             Processing Elevator: 2 surfaces
                 ...done surface 0
                 ...done surface 1
             Processing Fin: 1 surfaces
                 ...done surface 0
             ...done.
          Skipping derivatives and eigenthings
          Done operating point

     α=0°, β=0°, φ=0°, V∞=20 m/s
       Creating source strengths...
       Calculating doublet strengths...
       Calculating far field forces...
       Calculating on-body pressure coefficients...
       Calculating plane
          Calculating XFoil viscous drag on the fly...
             Processing Main Wing: 2 surfaces
                 ...done surface 0
                 ...done surface 1
             Processing Elevator: 2 surfaces
                 ...done surface 1
                 ...done surface 0
             Processing Fin: 1 surfaces
                 ...done surface 0
             ...done.
          Skipping derivatives and eigenthings
          Done operating point

     α=1°, β=0°, φ=0°, V∞=20 m/s
       Creating source strengths...
       Calculating doublet strengths...
       Calculating far field forces...
       Calculating on-body pressure coefficients...
       Calculating plane
          Calculating XFoil viscous drag on the fly...
             Processing Main Wing: 2 surfaces
                 ...done surface 0
                 ...done surface 1
             Processing Elevator: 2 surfaces
                 ...done surface 1
                 ...done surface 0
             Processing Fin: 1 surfaces
                 ...done surface 0
             ...done.
          Skipping derivatives and eigenthings
          Done operating point

     α=2°, β=0°, φ=0°, V∞=20 m/s
       Creating source strengths...
       Calculating doublet strengths...
       Calculating far field forces...
       Calculating on-body pressure coefficients...
       Calculating plane
          Calculating XFoil viscous drag on the fly...
             Processing Main Wing: 2 surfaces
                 ...done surface 1
                 ...done surface 0
             Processing Elevator: 2 surfaces
                 ...done surface 1
                 ...done surface 0
             Processing Fin: 1 surfaces
                 ...done surface 0
             ...done.
          Skipping derivatives and eigenthings
          Done operating point

     α=3°, β=0°, φ=0°, V∞=20 m/s
       Creating source strengths...
       Calculating doublet strengths...
       Calculating far field forces...
       Calculating on-body pressure coefficients...
       Calculating plane
          Calculating XFoil viscous drag on the fly...
             Processing Main Wing: 2 surfaces
                 ...done surface 0
                 ...done surface 1
             Processing Elevator: 2 surfaces
                 ...done surface 0
                 ...done surface 1
             Processing Fin: 1 surfaces
                 ...done surface 0
             ...done.
          Skipping derivatives and eigenthings
          Done operating point

     α=4°, β=0°, φ=0°, V∞=20 m/s
       Creating source strengths...
       Calculating doublet strengths...
       Calculating far field forces...
       Calculating on-body pressure coefficients...
       Calculating plane
          Calculating XFoil viscous drag on the fly...
             Processing Main Wing: 2 surfaces
                 ...done surface 0
                 ...done surface 1
             Processing Elevator: 2 surfaces
                 ...done surface 0
                 ...done surface 1
             Processing Fin: 1 surfaces
                 ...done surface 0
             ...done.
          Skipping derivatives and eigenthings
          Done operating point

     α=5°, β=0°, φ=0°, V∞=20 m/s
       Creating source strengths...
       Calculating doublet strengths...
       Calculating far field forces...
       Calculating on-body pressure coefficients...
       Calculating plane
          Calculating XFoil viscous drag on the fly...
             Processing Main Wing: 2 surfaces
                 ...done surface 0
                 ...done surface 1
             Processing Elevator: 2 surfaces
                 ...done surface 0
                 ...done surface 1
             Processing Fin: 1 surfaces
                 ...done surface 0
             ...done.
          Skipping derivatives and eigenthings
          Done operating point

     α=6°, β=0°, φ=0°, V∞=20 m/s
       Creating source strengths...
       Calculating doublet strengths...
       Calculating far field forces...
       Calculating on-body pressure coefficients...
       Calculating plane
          Calculating XFoil viscous drag on the fly...
             Processing Main Wing: 2 surfaces
                 ...done surface 1
                 ...done surface 0
             Processing Elevator: 2 surfaces
                 ...done surface 1
                 ...done surface 0
             Processing Fin: 1 surfaces
                 ...done surface 0
             ...done.
          Skipping derivatives and eigenthings
          Done operating point

     α=7°, β=0°, φ=0°, V∞=20 m/s
       Creating source strengths...
       Calculating doublet strengths...
       Calculating far field forces...
       Calculating on-body pressure coefficients...
       Calculating plane
          Calculating XFoil viscous drag on the fly...
             Processing Main Wing: 2 surfaces
                 ...done surface 0
                 ...done surface 1
             Processing Elevator: 2 surfaces
                 ...done surface 0
                 ...done surface 1
             Processing Fin: 1 surfaces
                 ...done surface 0
             ...done.
          Skipping derivatives and eigenthings
          Done operating point

     α=8°, β=0°, φ=0°, V∞=20 m/s
       Creating source strengths...
       Calculating doublet strengths...
       Calculating far field forces...
       Calculating on-body pressure coefficients...
       Calculating plane
          Calculating XFoil viscous drag on the fly...
             Processing Main Wing: 2 surfaces
                 ...done surface 0 - OTF failures:
                     span pos.    -0.715 m, Cl=  1.29253, Re= 381227
                     span pos.    -0.515 m, Cl=  1.28462, Re= 418267
                     span pos.    -0.332 m, Cl=  1.26319, Re= 452307
                     span pos.    -0.071 m, Cl=  1.20603, Re= 500820
                 ...done surface 1 - OTF failures:
                     span pos.     0.715 m, Cl=  1.29253, Re= 381227
                     span pos.     0.914 m, Cl=  1.27929, Re= 344186
                     span pos.     1.097 m, Cl=  1.23276, Re= 310146

          Error generating the operating point... discarding

     α=9°, β=0°, φ=0°, V∞=20 m/s
       Creating source strengths...
       Calculating doublet strengths...
       Calculating far field forces...
       Calculating on-body pressure coefficients...
       Calculating plane
          Calculating XFoil viscous drag on the fly...
             Processing Main Wing: 2 surfaces
                 ...done surface 0 - OTF failures:
                     span pos.    -0.715 m, Cl=  1.38173, Re= 381227
                     span pos.    -0.515 m, Cl=  1.37233, Re= 418267
                     span pos.    -0.332 m, Cl=  1.34876, Re= 452307
                     span pos.    -0.180 m, Cl=  1.31786, Re= 480589
                     span pos.    -0.071 m, Cl=  1.28699, Re= 500820
                     span pos.    -0.014 m, Cl=  1.26540, Re= 511363
                 ...done surface 1 - OTF failures:
                     span pos.     0.715 m, Cl=  1.38173, Re= 381227
                     span pos.     0.914 m, Cl=  1.36878, Re= 344186
                     span pos.     1.097 m, Cl=  1.32033, Re= 310146

          Error generating the operating point... discarding

     α=10°, β=0°, φ=0°, V∞=20 m/s
       Creating source strengths...
       Calculating doublet strengths...
       Calculating far field forces...
       Calculating on-body pressure coefficients...
       Calculating plane
          Calculating XFoil viscous drag on the fly...
             Processing Main Wing: 2 surfaces
                 ...done surface 0 - OTF failures:
                     span pos.    -0.715 m, Cl=  1.46940, Re= 381227
                     span pos.    -0.515 m, Cl=  1.45853, Re= 418267
                     span pos.    -0.332 m, Cl=  1.43285, Re= 452307
                     span pos.    -0.180 m, Cl=  1.39958, Re= 480589
                     span pos.    -0.071 m, Cl=  1.36655, Re= 500820
                     span pos.    -0.014 m, Cl=  1.34355, Re= 511363
                 ...done surface 1 - OTF failures:
                     span pos.     0.715 m, Cl=  1.46940, Re= 381227
                     span pos.     0.914 m, Cl=  1.45675, Re= 344186
                     span pos.     1.097 m, Cl=  1.40642, Re= 310146
                     span pos.     1.250 m, Cl=  1.29182, Re= 281865

          Error generating the operating point... discarding

     α=11°, β=0°, φ=0°, V∞=20 m/s
       Creating source strengths...
       Calculating doublet strengths...
       Calculating far field forces...
       Calculating on-body pressure coefficients...
       Calculating plane
          Calculating XFoil viscous drag on the fly...
             Processing Main Wing: 2 surfaces
                 ...done surface 0 - OTF failures:
                     span pos.    -0.715 m, Cl=  1.55544, Re= 381227
                     span pos.    -0.515 m, Cl=  1.54311, Re= 418267
                     span pos.    -0.332 m, Cl=  1.51535, Re= 452307
                     span pos.    -0.180 m, Cl=  1.47976, Re= 480589
                     span pos.    -0.071 m, Cl=  1.44460, Re= 500820
                     span pos.    -0.014 m, Cl=  1.42022, Re= 511363
                 ...done surface 1 - OTF failures:
                     span pos.     0.715 m, Cl=  1.55544, Re= 381227
                     span pos.     0.914 m, Cl=  1.54308, Re= 344186
                     span pos.     1.097 m, Cl=  1.49092, Re= 310146
                     span pos.     1.250 m, Cl=  1.37040, Re= 281865

          Error generating the operating point... discarding

     α=12°, β=0°, φ=0°, V∞=20 m/s
       Creating source strengths...
       Calculating doublet strengths...
       Calculating far field forces...
       Calculating on-body pressure coefficients...
       Calculating plane
          Calculating XFoil viscous drag on the fly...
             Processing Main Wing: 2 surfaces
                 ...done surface 0 - OTF failures:
                     span pos.    -0.715 m, Cl=  1.63973, Re= 381227
                     span pos.    -0.515 m, Cl=  1.62598, Re= 418267
                     span pos.    -0.332 m, Cl=  1.59617, Re= 452307
                     span pos.    -0.180 m, Cl=  1.55829, Re= 480589
                     span pos.    -0.071 m, Cl=  1.52105, Re= 500820
                     span pos.    -0.014 m, Cl=  1.49532, Re= 511363
                 ...done surface 1 - OTF failures:
                     span pos.     0.715 m, Cl=  1.63973, Re= 381227
                     span pos.     0.914 m, Cl=  1.62769, Re= 344186
                     span pos.     1.097 m, Cl=  1.57374, Re= 310146
                     span pos.     1.250 m, Cl=  1.44742, Re= 281865

          Error generating the operating point... discarding

     α=13°, β=0°, φ=0°, V∞=20 m/s
       Creating source strengths...
       Calculating doublet strengths...
       Calculating far field forces...
       Calculating on-body pressure coefficients...
       Calculating plane
          Calculating XFoil viscous drag on the fly...
             Processing Main Wing: 2 surfaces
                 ...done surface 0 - OTF failures:
                     span pos.    -0.715 m, Cl=  1.72218, Re= 381227
                     span pos.    -0.515 m, Cl=  1.70702, Re= 418267
                     span pos.    -0.332 m, Cl=  1.67520, Re= 452307
                     span pos.    -0.180 m, Cl=  1.63509, Re= 480589
                     span pos.    -0.071 m, Cl=  1.59580, Re= 500820
                     span pos.    -0.014 m, Cl=  1.56875, Re= 511363
                 ...done surface 1 - OTF failures:
                     span pos.     0.715 m, Cl=  1.72218, Re= 381227
                     span pos.     0.914 m, Cl=  1.71045, Re= 344186
                     span pos.     1.097 m, Cl=  1.65477, Re= 310146
                     span pos.     1.250 m, Cl=  1.52278, Re= 281865

          Error generating the operating point... discarding

     α=14°, β=0°, φ=0°, V∞=20 m/s
       Creating source strengths...
       Calculating doublet strengths...
       Calculating far field forces...
       Calculating on-body pressure coefficients...
       Calculating plane
          Calculating XFoil viscous drag on the fly...
             Processing Main Wing: 2 surfaces
                 ...done surface 0 - OTF failures:
                     span pos.    -0.715 m, Cl=  1.80269, Re= 381227
                     span pos.    -0.515 m, Cl=  1.78614, Re= 418267
                     span pos.    -0.332 m, Cl=  1.75236, Re= 452307
                     span pos.    -0.180 m, Cl=  1.71006, Re= 480589
                     span pos.    -0.071 m, Cl=  1.66877, Re= 500820
                     span pos.    -0.014 m, Cl=  1.64043, Re= 511363
                 ...done surface 1 - OTF failures:
                     span pos.     0.715 m, Cl=  1.80269, Re= 381227
                     span pos.     0.914 m, Cl=  1.79127, Re= 344186
                     span pos.     1.097 m, Cl=  1.73391, Re= 310146
                     span pos.     1.250 m, Cl=  1.59641, Re= 281865
                     span pos.     1.358 m, Cl=  1.32290, Re= 261633

          Error generating the operating point... discarding


Done plane task.

Panel analysis completed ... Errors encountered

_____Plane analyses completed_____



-----Starting boat analyses-----

No xml Boat files to load

Making the analysis pairs (boat, analysis)

Made 0 valid analysis pairs (boat, polar) to run

_____ Boat analyses completed_____


