
flow5 v7.57
01.09.2026  16:09:19
Reading foil .dat files
   added foil: E387
   added foil: NACA 0009

Making foil analysis list
No foil analysis requested


Available foils:
   E387
   NACA 0009



-----Starting plane analyses-----

Adding planes from the .xml files
   added the plane: drone_opt from file drone_plane.xml


Adding the plane analyses from the xml files
   the analysis drone_polar has been added for drone_opt

Making the analysis pairs (plane, analysis)
   added analysis for (drone_opt, drone_polar)
   Made 1 valid analysis pairs (plane, polar) to run

Launching plane analysis: drone_opt / drone_polar
Initializing task

drone_opt
drone_polar

Checking plane and polar data
   ...done

drone_polar
Type 1 - Fixed speed polar

ρ =     1.225 kg/m³
ν =   1.5e-05 m²/s

RFF         = 10
Core radius = 1e-06 m

Using 4 threads

Linear system calculations in floating point double precision

Using S. Nintcheu-Fata's method for off-plane integrals

Initializing the triangle analysis
Checking element sizes
   ...done

Setting flap positions

Connecting triangular panels...   done in 0.002 s
Counted 498 elements
Matrix size = 498

Allocating result arrays

Solving the problem... 

   Making the unit RHS vectors...       done in 0.000 s
   Making the influence matrix...       done in 0.024 s
   Adding the wake's contribution...    done in 0.001 s
   LAPACK - LU factorization...         done in 0.000 s
   Back-substituting RHS...             done in 0.000 s
   Making unit panel velocities...      done

   Calculating 20 operating points
     α=-5°, β=0°, φ=0°, V∞=20 m/s
       Creating source strengths...
       Calculating doublet strengths...
       Calculating far field forces...
       Calculating on-body pressure coefficients...
       Calculating plane
          Calculating XFoil viscous drag on the fly...
             Processing Main Wing: 2 surfaces
                 ...done surface 0
                 ...done surface 1
             Processing Elevator: 2 surfaces
                 ...done surface 0
                 ...done surface 1
             Processing Fin: 1 surfaces
                 ...done surface 0
             ...done.
          Skipping derivatives and eigenthings
          Done operating point

     α=-4°, β=0°, φ=0°, V∞=20 m/s
       Creating source strengths...
       Calculating doublet strengths...
       Calculating far field forces...
       Calculating on-body pressure coefficients...
       Calculating plane
          Calculating XFoil viscous drag on the fly...
             Processing Main Wing: 2 surfaces
                 ...done surface 0
                 ...done surface 1
             Processing Elevator: 2 surfaces
                 ...done surface 0
                 ...done surface 1
             Processing Fin: 1 surfaces
                 ...done surface 0
             ...done.
          Skipping derivatives and eigenthings
          Done operating point

     α=-3°, β=0°, φ=0°, V∞=20 m/s
       Creating source strengths...
       Calculating doublet strengths...
       Calculating far field forces...
       Calculating on-body pressure coefficients...
       Calculating plane
          Calculating XFoil viscous drag on the fly...
             Processing Main Wing: 2 surfaces
                 ...done surface 1
                 ...done surface 0
             Processing Elevator: 2 surfaces
                 ...done surface 1
                 ...done surface 0
             Processing Fin: 1 surfaces
                 ...done surface 0
             ...done.
          Skipping derivatives and eigenthings
          Done operating point

     α=-2°, β=0°, φ=0°, V∞=20 m/s
       Creating source strengths...
       Calculating doublet strengths...
       Calculating far field forces...
       Calculating on-body pressure coefficients...
       Calculating plane
          Calculating XFoil viscous drag on the fly...
             Processing Main Wing: 2 surfaces
                 ...done surface 1
                 ...done surface 0
             Processing Elevator: 2 surfaces
                 ...done surface 0
                 ...done surface 1
             Processing Fin: 1 surfaces
                 ...done surface 0
             ...done.
          Skipping derivatives and eigenthings
          Done operating point

     α=-1°, β=0°, φ=0°, V∞=20 m/s
       Creating source strengths...
       Calculating doublet strengths...
       Calculating far field forces...
       Calculating on-body pressure coefficients...
       Calculating plane
          Calculating XFoil viscous drag on the fly...
             Processing Main Wing: 2 surfaces
                 ...done surface 0
                 ...done surface 1
             Processing Elevator: 2 surfaces
                 ...done surface 0
                 ...done surface 1
             Processing Fin: 1 surfaces
                 ...done surface 0
             ...done.
          Skipping derivatives and eigenthings
          Done operating point

     α=0°, β=0°, φ=0°, V∞=20 m/s
       Creating source strengths...
       Calculating doublet strengths...
       Calculating far field forces...
       Calculating on-body pressure coefficients...
       Calculating plane
          Calculating XFoil viscous drag on the fly...
             Processing Main Wing: 2 surfaces
                 ...done surface 0
                 ...done surface 1
             Processing Elevator: 2 surfaces
                 ...done surface 1
                 ...done surface 0
             Processing Fin: 1 surfaces
                 ...done surface 0
             ...done.
          Skipping derivatives and eigenthings
          Done operating point

     α=1°, β=0°, φ=0°, V∞=20 m/s
       Creating source strengths...
       Calculating doublet strengths...
       Calculating far field forces...
       Calculating on-body pressure coefficients...
       Calculating plane
          Calculating XFoil viscous drag on the fly...
             Processing Main Wing: 2 surfaces
                 ...done surface 0
                 ...done surface 1
             Processing Elevator: 2 surfaces
                 ...done surface 1
                 ...done surface 0
             Processing Fin: 1 surfaces
                 ...done surface 0
             ...done.
          Skipping derivatives and eigenthings
          Done operating point

     α=2°, β=0°, φ=0°, V∞=20 m/s
       Creating source strengths...
       Calculating doublet strengths...
       Calculating far field forces...
       Calculating on-body pressure coefficients...
       Calculating plane
          Calculating XFoil viscous drag on the fly...
             Processing Main Wing: 2 surfaces
                 ...done surface 0
                 ...done surface 1
             Processing Elevator: 2 surfaces
                 ...done surface 1
                 ...done surface 0
             Processing Fin: 1 surfaces
                 ...done surface 0
             ...done.
          Skipping derivatives and eigenthings
          Done operating point

     α=3°, β=0°, φ=0°, V∞=20 m/s
       Creating source strengths...
       Calculating doublet strengths...
       Calculating far field forces...
       Calculating on-body pressure coefficients...
       Calculating plane
          Calculating XFoil viscous drag on the fly...
             Processing Main Wing: 2 surfaces
                 ...done surface 0
                 ...done surface 1
             Processing Elevator: 2 surfaces
                 ...done surface 0
                 ...done surface 1
             Processing Fin: 1 surfaces
                 ...done surface 0
             ...done.
          Skipping derivatives and eigenthings
          Done operating point

     α=4°, β=0°, φ=0°, V∞=20 m/s
       Creating source strengths...
       Calculating doublet strengths...
       Calculating far field forces...
       Calculating on-body pressure coefficients...
       Calculating plane
          Calculating XFoil viscous drag on the fly...
             Processing Main Wing: 2 surfaces
                 ...done surface 1
                 ...done surface 0
             Processing Elevator: 2 surfaces
                 ...done surface 0
                 ...done surface 1
             Processing Fin: 1 surfaces
                 ...done surface 0
             ...done.
          Skipping derivatives and eigenthings
          Done operating point

     α=5°, β=0°, φ=0°, V∞=20 m/s
       Creating source strengths...
       Calculating doublet strengths...
       Calculating far field forces...
       Calculating on-body pressure coefficients...
       Calculating plane
          Calculating XFoil viscous drag on the fly...
             Processing Main Wing: 2 surfaces
                 ...done surface 0
                 ...done surface 1
             Processing Elevator: 2 surfaces
                 ...done surface 1
                 ...done surface 0
             Processing Fin: 1 surfaces
                 ...done surface 0
             ...done.
          Skipping derivatives and eigenthings
          Done operating point

     α=6°, β=0°, φ=0°, V∞=20 m/s
       Creating source strengths...
       Calculating doublet strengths...
       Calculating far field forces...
       Calculating on-body pressure coefficients...
       Calculating plane
          Calculating XFoil viscous drag on the fly...
             Processing Main Wing: 2 surfaces
                 ...done surface 1
                 ...done surface 0
             Processing Elevator: 2 surfaces
                 ...done surface 0
                 ...done surface 1
             Processing Fin: 1 surfaces
                 ...done surface 0
             ...done.
          Skipping derivatives and eigenthings
          Done operating point

     α=7°, β=0°, φ=0°, V∞=20 m/s
       Creating source strengths...
       Calculating doublet strengths...
       Calculating far field forces...
       Calculating on-body pressure coefficients...
       Calculating plane
          Calculating XFoil viscous drag on the fly...
             Processing Main Wing: 2 surfaces
                 ...done surface 1
                 ...done surface 0
             Processing Elevator: 2 surfaces
                 ...done surface 0
                 ...done surface 1
             Processing Fin: 1 surfaces
                 ...done surface 0
             ...done.
          Skipping derivatives and eigenthings
          Done operating point

     α=8°, β=0°, φ=0°, V∞=20 m/s
       Creating source strengths...
       Calculating doublet strengths...
       Calculating far field forces...
       Calculating on-body pressure coefficients...
       Calculating plane
          Calculating XFoil viscous drag on the fly...
             Processing Main Wing: 2 surfaces
                 ...done surface 0 - OTF failures:
                     span pos.    -0.914 m, Cl=  1.32029, Re= 331198
                     span pos.    -0.715 m, Cl=  1.31032, Re= 381227
                     span pos.    -0.515 m, Cl=  1.28217, Re= 431255
                     span pos.    -0.332 m, Cl=  1.24388, Re= 477230
                     span pos.    -0.071 m, Cl=  1.16457, Re= 542754
                 ...done surface 1 - OTF failures:
                     span pos.     0.914 m, Cl=  1.32029, Re= 331198
                     span pos.     1.097 m, Cl=  1.29931, Re= 285223

          Error generating the operating point... discarding

     α=9°, β=0°, φ=0°, V∞=20 m/s
       Creating source strengths...
       Calculating doublet strengths...
       Calculating far field forces...
       Calculating on-body pressure coefficients...
       Calculating plane
          Calculating XFoil viscous drag on the fly...
             Processing Main Wing: 2 surfaces
                 ...done surface 0 - OTF failures:
                     span pos.    -0.914 m, Cl=  1.41193, Re= 331198
                     span pos.    -0.715 m, Cl=  1.40014, Re= 381227
                     span pos.    -0.515 m, Cl=  1.36925, Re= 431255
                     span pos.    -0.332 m, Cl=  1.32780, Re= 477230
                     span pos.    -0.180 m, Cl=  1.28294, Re= 515428
                     span pos.    -0.071 m, Cl=  1.24249, Re= 542754
                 ...done surface 1 - OTF failures:
                     span pos.     0.914 m, Cl=  1.41193, Re= 331198
                     span pos.     1.097 m, Cl=  1.39091, Re= 285223
                     span pos.     1.250 m, Cl=  1.30986, Re= 247025

          Error generating the operating point... discarding

     α=10°, β=0°, φ=0°, V∞=20 m/s
       Creating source strengths...
       Calculating doublet strengths...
       Calculating far field forces...
       Calculating on-body pressure coefficients...
       Calculating plane
          Calculating XFoil viscous drag on the fly...
             Processing Main Wing: 2 surfaces
                 ...done surface 0 - OTF failures:
                     span pos.    -0.914 m, Cl=  1.50201, Re= 331198
                     span pos.    -0.715 m, Cl=  1.48842, Re= 381227
                     span pos.    -0.515 m, Cl=  1.45483, Re= 431255
                     span pos.    -0.332 m, Cl=  1.41025, Re= 477230
                     span pos.    -0.180 m, Cl=  1.36223, Re= 515428
                     span pos.    -0.071 m, Cl=  1.31906, Re= 542754
                     span pos.    -0.014 m, Cl=  1.29090, Re= 556993
                 ...done surface 1 - OTF failures:
                     span pos.     0.914 m, Cl=  1.50201, Re= 331198
                     span pos.     1.097 m, Cl=  1.48096, Re= 285223
                     span pos.     1.250 m, Cl=  1.39596, Re= 247025

          Error generating the operating point... discarding

     α=11°, β=0°, φ=0°, V∞=20 m/s
       Creating source strengths...
       Calculating doublet strengths...
       Calculating far field forces...
       Calculating on-body pressure coefficients...
       Calculating plane
          Calculating XFoil viscous drag on the fly...
             Processing Main Wing: 2 surfaces
                 ...done surface 0 - OTF failures:
                     span pos.    -0.914 m, Cl=  1.59042, Re= 331198
                     span pos.    -0.715 m, Cl=  1.57504, Re= 381227
                     span pos.    -0.515 m, Cl=  1.53880, Re= 431255
                     span pos.    -0.332 m, Cl=  1.49116, Re= 477230
                     span pos.    -0.180 m, Cl=  1.44003, Re= 515428
                     span pos.    -0.071 m, Cl=  1.39417, Re= 542754
                     span pos.    -0.014 m, Cl=  1.36435, Re= 556993
                 ...done surface 1 - OTF failures:
                     span pos.     0.914 m, Cl=  1.59042, Re= 331198
                     span pos.     1.097 m, Cl=  1.56935, Re= 285223
                     span pos.     1.250 m, Cl=  1.48049, Re= 247025
                     span pos.     1.358 m, Cl=  1.26373, Re= 219700
                     span pos.     1.415 m, Cl=  0.87816, Re= 205460

          Error generating the operating point... discarding

     α=12°, β=0°, φ=0°, V∞=20 m/s
       Creating source strengths...
       Calculating doublet strengths...
       Calculating far field forces...
       Calculating on-body pressure coefficients...
       Calculating plane
          Calculating XFoil viscous drag on the fly...
             Processing Main Wing: 2 surfaces
                 ...done surface 0 - OTF failures:
                     span pos.    -0.914 m, Cl=  1.67705, Re= 331198
                     span pos.    -0.715 m, Cl=  1.65991, Re= 381227
                     span pos.    -0.515 m, Cl=  1.62106, Re= 431255
                     span pos.    -0.332 m, Cl=  1.57041, Re= 477230
                     span pos.    -0.180 m, Cl=  1.51623, Re= 515428
                     span pos.    -0.071 m, Cl=  1.46774, Re= 542754
                     span pos.    -0.014 m, Cl=  1.43629, Re= 556993
                 ...done surface 1 - OTF failures:
                     span pos.     0.914 m, Cl=  1.67705, Re= 331198
                     span pos.     1.097 m, Cl=  1.65597, Re= 285223
                     span pos.     1.250 m, Cl=  1.56333, Re= 247025
                     span pos.     1.358 m, Cl=  1.33508, Re= 219700

          Error generating the operating point... discarding

     α=13°, β=0°, φ=0°, V∞=20 m/s
       Creating source strengths...
       Calculating doublet strengths...
       Calculating far field forces...
       Calculating on-body pressure coefficients...
       Calculating plane
          Calculating XFoil viscous drag on the fly...
             Processing Main Wing: 2 surfaces
                 ...done surface 0 - OTF failures:
                     span pos.    -0.914 m, Cl=  1.76178, Re= 331198
                     span pos.    -0.715 m, Cl=  1.74292, Re= 381227
                     span pos.    -0.515 m, Cl=  1.70151, Re= 431255
                     span pos.    -0.332 m, Cl=  1.64791, Re= 477230
                     span pos.    -0.180 m, Cl=  1.59075, Re= 515428
                     span pos.    -0.071 m, Cl=  1.53968, Re= 542754
                     span pos.    -0.014 m, Cl=  1.50663, Re= 556993
                 ...done surface 1 - OTF failures:
                     span pos.     0.914 m, Cl=  1.76178, Re= 331198
                     span pos.     1.097 m, Cl=  1.74072, Re= 285223
                     span pos.     1.250 m, Cl=  1.64440, Re= 247025
                     span pos.     1.358 m, Cl=  1.40491, Re= 219700

          Error generating the operating point... discarding

     α=14°, β=0°, φ=0°, V∞=20 m/s
       Creating source strengths...
       Calculating doublet strengths...
       Calculating far field forces...
       Calculating on-body pressure coefficients...
       Calculating plane
          Calculating XFoil viscous drag on the fly...
             Processing Main Wing: 2 surfaces
                 ...done surface 0 - OTF failures:
                     span pos.    -0.914 m, Cl=  1.84453, Re= 331198
                     span pos.    -0.715 m, Cl=  1.82397, Re= 381227
                     span pos.    -0.515 m, Cl=  1.78005, Re= 431255
                     span pos.    -0.332 m, Cl=  1.72356, Re= 477230
                     span pos.    -0.180 m, Cl=  1.66348, Re= 515428
                     span pos.    -0.071 m, Cl=  1.60991, Re= 542754
                     span pos.    -0.014 m, Cl=  1.57529, Re= 556993
                 ...done surface 1 - OTF failures:
                     span pos.     0.914 m, Cl=  1.84453, Re= 331198
                     span pos.     1.097 m, Cl=  1.82349, Re= 285223
                     span pos.     1.250 m, Cl=  1.72359, Re= 247025
                     span pos.     1.358 m, Cl=  1.47312, Re= 219700

          Error generating the operating point... discarding


Done plane task.

Panel analysis completed ... Errors encountered

_____Plane analyses completed_____



-----Starting boat analyses-----

No xml Boat files to load

Making the analysis pairs (boat, analysis)

Made 0 valid analysis pairs (boat, polar) to run

_____ Boat analyses completed_____


