
flow5 v7.57
01.09.2026  16:10:54
Reading foil .dat files
   added foil: E387
   added foil: NACA 0009

Making foil analysis list
No foil analysis requested


Available foils:
   E387
   NACA 0009



-----Starting plane analyses-----

Adding planes from the .xml files
   added the plane: drone_opt from file drone_plane.xml


Adding the plane analyses from the xml files
   the analysis drone_polar has been added for drone_opt

Making the analysis pairs (plane, analysis)
   added analysis for (drone_opt, drone_polar)
   Made 1 valid analysis pairs (plane, polar) to run

Launching plane analysis: drone_opt / drone_polar
Initializing task

drone_opt
drone_polar

Checking plane and polar data
   ...done

drone_polar
Type 1 - Fixed speed polar

ρ =     1.225 kg/m³
ν =   1.5e-05 m²/s

RFF         = 10
Core radius = 1e-06 m

Using 4 threads

Linear system calculations in floating point double precision

Using S. Nintcheu-Fata's method for off-plane integrals

Initializing the triangle analysis
Checking element sizes
   ...done

Setting flap positions

Connecting triangular panels...   done in 0.002 s
Counted 498 elements
Matrix size = 498

Allocating result arrays

Solving the problem... 

   Making the unit RHS vectors...       done in 0.000 s
   Making the influence matrix...       done in 0.024 s
   Adding the wake's contribution...    done in 0.001 s
   LAPACK - LU factorization...         done in 0.000 s
   Back-substituting RHS...             done in 0.000 s
   Making unit panel velocities...      done

   Calculating 20 operating points
     α=-5°, β=0°, φ=0°, V∞=20 m/s
       Creating source strengths...
       Calculating doublet strengths...
       Calculating far field forces...
       Calculating on-body pressure coefficients...
       Calculating plane
          Calculating XFoil viscous drag on the fly...
             Processing Main Wing: 2 surfaces
                 ...done surface 0
                 ...done surface 1
             Processing Elevator: 2 surfaces
                 ...done surface 0
                 ...done surface 1
             Processing Fin: 1 surfaces
                 ...done surface 0
             ...done.
          Skipping derivatives and eigenthings
          Done operating point

     α=-4°, β=0°, φ=0°, V∞=20 m/s
       Creating source strengths...
       Calculating doublet strengths...
       Calculating far field forces...
       Calculating on-body pressure coefficients...
       Calculating plane
          Calculating XFoil viscous drag on the fly...
             Processing Main Wing: 2 surfaces
                 ...done surface 1
                 ...done surface 0
             Processing Elevator: 2 surfaces
                 ...done surface 1
                 ...done surface 0
             Processing Fin: 1 surfaces
                 ...done surface 0
             ...done.
          Skipping derivatives and eigenthings
          Done operating point

     α=-3°, β=0°, φ=0°, V∞=20 m/s
       Creating source strengths...
       Calculating doublet strengths...
       Calculating far field forces...
       Calculating on-body pressure coefficients...
       Calculating plane
          Calculating XFoil viscous drag on the fly...
             Processing Main Wing: 2 surfaces
                 ...done surface 0
                 ...done surface 1
             Processing Elevator: 2 surfaces
                 ...done surface 0
                 ...done surface 1
             Processing Fin: 1 surfaces
                 ...done surface 0
             ...done.
          Skipping derivatives and eigenthings
          Done operating point

     α=-2°, β=0°, φ=0°, V∞=20 m/s
       Creating source strengths...
       Calculating doublet strengths...
       Calculating far field forces...
       Calculating on-body pressure coefficients...
       Calculating plane
          Calculating XFoil viscous drag on the fly...
             Processing Main Wing: 2 surfaces
                 ...done surface 0
                 ...done surface 1
             Processing Elevator: 2 surfaces
                 ...done surface 1
                 ...done surface 0
             Processing Fin: 1 surfaces
                 ...done surface 0
             ...done.
          Skipping derivatives and eigenthings
          Done operating point

     α=-1°, β=0°, φ=0°, V∞=20 m/s
       Creating source strengths...
       Calculating doublet strengths...
       Calculating far field forces...
       Calculating on-body pressure coefficients...
       Calculating plane
          Calculating XFoil viscous drag on the fly...
             Processing Main Wing: 2 surfaces
                 ...done surface 0
                 ...done surface 1
             Processing Elevator: 2 surfaces
                 ...done surface 0
                 ...done surface 1
             Processing Fin: 1 surfaces
                 ...done surface 0
             ...done.
          Skipping derivatives and eigenthings
          Done operating point

     α=0°, β=0°, φ=0°, V∞=20 m/s
       Creating source strengths...
       Calculating doublet strengths...
       Calculating far field forces...
       Calculating on-body pressure coefficients...
       Calculating plane
          Calculating XFoil viscous drag on the fly...
             Processing Main Wing: 2 surfaces
                 ...done surface 0
                 ...done surface 1
             Processing Elevator: 2 surfaces
                 ...done surface 1
                 ...done surface 0
             Processing Fin: 1 surfaces
                 ...done surface 0
             ...done.
          Skipping derivatives and eigenthings
          Done operating point

     α=1°, β=0°, φ=0°, V∞=20 m/s
       Creating source strengths...
       Calculating doublet strengths...
       Calculating far field forces...
       Calculating on-body pressure coefficients...
       Calculating plane
          Calculating XFoil viscous drag on the fly...
             Processing Main Wing: 2 surfaces
                 ...done surface 0
                 ...done surface 1
             Processing Elevator: 2 surfaces
                 ...done surface 1
                 ...done surface 0
             Processing Fin: 1 surfaces
                 ...done surface 0
             ...done.
          Skipping derivatives and eigenthings
          Done operating point

     α=2°, β=0°, φ=0°, V∞=20 m/s
       Creating source strengths...
       Calculating doublet strengths...
       Calculating far field forces...
       Calculating on-body pressure coefficients...
       Calculating plane
          Calculating XFoil viscous drag on the fly...
             Processing Main Wing: 2 surfaces
                 ...done surface 0
                 ...done surface 1
             Processing Elevator: 2 surfaces
                 ...done surface 1
                 ...done surface 0
             Processing Fin: 1 surfaces
                 ...done surface 0
             ...done.
          Skipping derivatives and eigenthings
          Done operating point

     α=3°, β=0°, φ=0°, V∞=20 m/s
       Creating source strengths...
       Calculating doublet strengths...
       Calculating far field forces...
       Calculating on-body pressure coefficients...
       Calculating plane
          Calculating XFoil viscous drag on the fly...
             Processing Main Wing: 2 surfaces
                 ...done surface 0
                 ...done surface 1
             Processing Elevator: 2 surfaces
                 ...done surface 0
                 ...done surface 1
             Processing Fin: 1 surfaces
                 ...done surface 0
             ...done.
          Skipping derivatives and eigenthings
          Done operating point

     α=4°, β=0°, φ=0°, V∞=20 m/s
       Creating source strengths...
       Calculating doublet strengths...
       Calculating far field forces...
       Calculating on-body pressure coefficients...
       Calculating plane
          Calculating XFoil viscous drag on the fly...
             Processing Main Wing: 2 surfaces
                 ...done surface 1
                 ...done surface 0
             Processing Elevator: 2 surfaces
                 ...done surface 1
                 ...done surface 0
             Processing Fin: 1 surfaces
                 ...done surface 0
             ...done.
          Skipping derivatives and eigenthings
          Done operating point

     α=5°, β=0°, φ=0°, V∞=20 m/s
       Creating source strengths...
       Calculating doublet strengths...
       Calculating far field forces...
       Calculating on-body pressure coefficients...
       Calculating plane
          Calculating XFoil viscous drag on the fly...
             Processing Main Wing: 2 surfaces
                 ...done surface 0
                 ...done surface 1
             Processing Elevator: 2 surfaces
                 ...done surface 1
                 ...done surface 0
             Processing Fin: 1 surfaces
                 ...done surface 0
             ...done.
          Skipping derivatives and eigenthings
          Done operating point

     α=6°, β=0°, φ=0°, V∞=20 m/s
       Creating source strengths...
       Calculating doublet strengths...
       Calculating far field forces...
       Calculating on-body pressure coefficients...
       Calculating plane
          Calculating XFoil viscous drag on the fly...
             Processing Main Wing: 2 surfaces
                 ...done surface 1
                 ...done surface 0
             Processing Elevator: 2 surfaces
                 ...done surface 1
                 ...done surface 0
             Processing Fin: 1 surfaces
                 ...done surface 0
             ...done.
          Skipping derivatives and eigenthings
          Done operating point

     α=7°, β=0°, φ=0°, V∞=20 m/s
       Creating source strengths...
       Calculating doublet strengths...
       Calculating far field forces...
       Calculating on-body pressure coefficients...
       Calculating plane
          Calculating XFoil viscous drag on the fly...
             Processing Main Wing: 2 surfaces
                 ...done surface 0
                 ...done surface 1
             Processing Elevator: 2 surfaces
                 ...done surface 1
                 ...done surface 0
             Processing Fin: 1 surfaces
                 ...done surface 0
             ...done.
          Skipping derivatives and eigenthings
          Done operating point

     α=8°, β=0°, φ=0°, V∞=20 m/s
       Creating source strengths...
       Calculating doublet strengths...
       Calculating far field forces...
       Calculating on-body pressure coefficients...
       Calculating plane
          Calculating XFoil viscous drag on the fly...
             Processing Main Wing: 2 surfaces
                 ...done surface 1 - OTF failures:
                     span pos.     0.914 m, Cl=  1.32039, Re= 330343
                     span pos.     1.097 m, Cl=  1.30041, Re= 283582
                     span pos.     1.250 m, Cl=  1.22463, Re= 244731
                 ...done surface 0 - OTF failures:
                     span pos.    -0.914 m, Cl=  1.32039, Re= 330343
                     span pos.    -0.715 m, Cl=  1.30956, Re= 381227
                     span pos.    -0.515 m, Cl=  1.28062, Re= 432110
                     span pos.    -0.180 m, Cl=  1.19939, Re= 517722

          Error generating the operating point... discarding

     α=9°, β=0°, φ=0°, V∞=20 m/s
       Creating source strengths...
       Calculating doublet strengths...
       Calculating far field forces...
       Calculating on-body pressure coefficients...
       Calculating plane
          Calculating XFoil viscous drag on the fly...
             Processing Main Wing: 2 surfaces
                 ...done surface 0 - OTF failures:
                     span pos.    -0.914 m, Cl=  1.41220, Re= 330343
                     span pos.    -0.715 m, Cl=  1.39943, Re= 381227
                     span pos.    -0.515 m, Cl=  1.36767, Re= 432110
                     span pos.    -0.332 m, Cl=  1.32543, Re= 478871
                     span pos.    -0.180 m, Cl=  1.27993, Re= 517722
                     span pos.    -0.071 m, Cl=  1.23901, Re= 545515
                 ...done surface 1 - OTF failures:
                     span pos.     0.914 m, Cl=  1.41220, Re= 330343
                     span pos.     1.097 m, Cl=  1.39231, Re= 283582
                     span pos.     1.250 m, Cl=  1.31267, Re= 244731

          Error generating the operating point... discarding

     α=10°, β=0°, φ=0°, V∞=20 m/s
       Creating source strengths...
       Calculating doublet strengths...
       Calculating far field forces...
       Calculating on-body pressure coefficients...
       Calculating plane
          Calculating XFoil viscous drag on the fly...
             Processing Main Wing: 2 surfaces
                 ...done surface 0 - OTF failures:
                     span pos.    -0.914 m, Cl=  1.50244, Re= 330343
                     span pos.    -0.715 m, Cl=  1.48776, Re= 381227
                     span pos.    -0.515 m, Cl=  1.45321, Re= 432110
                     span pos.    -0.332 m, Cl=  1.40779, Re= 478871
                     span pos.    -0.180 m, Cl=  1.35907, Re= 517722
                     span pos.    -0.071 m, Cl=  1.31539, Re= 545515
                     span pos.    -0.014 m, Cl=  1.28696, Re= 559998
                 ...done surface 1 - OTF failures:
                     span pos.     0.914 m, Cl=  1.50244, Re= 330343
                     span pos.     1.097 m, Cl=  1.48266, Re= 283582
                     span pos.     1.250 m, Cl=  1.39923, Re= 244731

          Error generating the operating point... discarding

     α=11°, β=0°, φ=0°, V∞=20 m/s
       Creating source strengths...
       Calculating doublet strengths...
       Calculating far field forces...
       Calculating on-body pressure coefficients...
       Calculating plane
          Calculating XFoil viscous drag on the fly...
             Processing Main Wing: 2 surfaces
                 ...done surface 0 - OTF failures:
                     span pos.    -0.914 m, Cl=  1.59100, Re= 330343
                     span pos.    -0.715 m, Cl=  1.57444, Re= 381227
                     span pos.    -0.515 m, Cl=  1.53715, Re= 432110
                     span pos.    -0.332 m, Cl=  1.48860, Re= 478871
                     span pos.    -0.180 m, Cl=  1.43672, Re= 517722
                     span pos.    -0.071 m, Cl=  1.39032, Re= 545515
                     span pos.    -0.014 m, Cl=  1.36021, Re= 559998
                 ...done surface 1 - OTF failures:
                     span pos.     0.914 m, Cl=  1.59100, Re= 330343
                     span pos.     1.097 m, Cl=  1.57134, Re= 283582
                     span pos.     1.250 m, Cl=  1.48421, Re= 244731
                     span pos.     1.358 m, Cl=  1.26913, Re= 216939

          Error generating the operating point... discarding

     α=12°, β=0°, φ=0°, V∞=20 m/s
       Creating source strengths...
       Calculating doublet strengths...
       Calculating far field forces...
       Calculating on-body pressure coefficients...
       Calculating plane
          Calculating XFoil viscous drag on the fly...
             Processing Main Wing: 2 surfaces
                 ...done surface 0 - OTF failures:
                     span pos.    -0.914 m, Cl=  1.67779, Re= 330343
                     span pos.    -0.715 m, Cl=  1.65936, Re= 381227
                     span pos.    -0.515 m, Cl=  1.61938, Re= 432110
                     span pos.    -0.332 m, Cl=  1.56775, Re= 478871
                     span pos.    -0.180 m, Cl=  1.51278, Re= 517722
                     span pos.    -0.071 m, Cl=  1.46371, Re= 545515
                     span pos.    -0.014 m, Cl=  1.43195, Re= 559998
                 ...done surface 1 - OTF failures:
                     span pos.     0.914 m, Cl=  1.67779, Re= 330343
                     span pos.     1.097 m, Cl=  1.65825, Re= 283582
                     span pos.     1.250 m, Cl=  1.56751, Re= 244731
                     span pos.     1.358 m, Cl=  1.34106, Re= 216939

          Error generating the operating point... discarding

     α=13°, β=0°, φ=0°, V∞=20 m/s
       Creating source strengths...
       Calculating doublet strengths...
       Calculating far field forces...
       Calculating on-body pressure coefficients...
       Calculating plane
          Calculating XFoil viscous drag on the fly...
             Processing Main Wing: 2 surfaces
                 ...done surface 0 - OTF failures:
                     span pos.    -0.914 m, Cl=  1.76268, Re= 330343
                     span pos.    -0.715 m, Cl=  1.74242, Re= 381227
                     span pos.    -0.515 m, Cl=  1.69980, Re= 432110
                     span pos.    -0.332 m, Cl=  1.64516, Re= 478871
                     span pos.    -0.180 m, Cl=  1.58715, Re= 517722
                     span pos.    -0.071 m, Cl=  1.53548, Re= 545515
                     span pos.    -0.014 m, Cl=  1.50211, Re= 559998
                 ...done surface 1 - OTF failures:
                     span pos.     0.914 m, Cl=  1.76268, Re= 330343
                     span pos.     1.097 m, Cl=  1.74329, Re= 283582
                     span pos.     1.250 m, Cl=  1.64902, Re= 244731
                     span pos.     1.358 m, Cl=  1.41145, Re= 216939

          Error generating the operating point... discarding

     α=14°, β=0°, φ=0°, V∞=20 m/s
       Creating source strengths...
       Calculating doublet strengths...
       Calculating far field forces...
       Calculating on-body pressure coefficients...
       Calculating plane
          Calculating XFoil viscous drag on the fly...
             Processing Main Wing: 2 surfaces
                 ...done surface 0 - OTF failures:
                     span pos.    -0.914 m, Cl=  1.84558, Re= 330343
                     span pos.    -0.715 m, Cl=  1.82352, Re= 381227
                     span pos.    -0.515 m, Cl=  1.77832, Re= 432110
                     span pos.    -0.332 m, Cl=  1.72073, Re= 478871
                     span pos.    -0.180 m, Cl=  1.65976, Re= 517722
                     span pos.    -0.071 m, Cl=  1.60554, Re= 545515
                     span pos.    -0.014 m, Cl=  1.57059, Re= 559998
                 ...done surface 1 - OTF failures:
                     span pos.     0.914 m, Cl=  1.84558, Re= 330343
                     span pos.     1.097 m, Cl=  1.82634, Re= 283582
                     span pos.     1.250 m, Cl=  1.72865, Re= 244731
                     span pos.     1.358 m, Cl=  1.48022, Re= 216939

          Error generating the operating point... discarding


Done plane task.

Panel analysis completed ... Errors encountered

_____Plane analyses completed_____



-----Starting boat analyses-----

No xml Boat files to load

Making the analysis pairs (boat, analysis)

Made 0 valid analysis pairs (boat, polar) to run

_____ Boat analyses completed_____


