
flow5 v7.57
01.09.2026  16:13:04
Reading foil .dat files
   added foil: E387
   added foil: NACA 0009

Making foil analysis list
No foil analysis requested


Available foils:
   E387
   NACA 0009



-----Starting plane analyses-----

Adding planes from the .xml files
   added the plane: drone_opt from file drone_plane.xml


Adding the plane analyses from the xml files
   the analysis drone_polar has been added for drone_opt

Making the analysis pairs (plane, analysis)
   added analysis for (drone_opt, drone_polar)
   Made 1 valid analysis pairs (plane, polar) to run

Launching plane analysis: drone_opt / drone_polar
Initializing task

drone_opt
drone_polar

Checking plane and polar data
   ...done

drone_polar
Type 1 - Fixed speed polar

ρ =     1.225 kg/m³
ν =   1.5e-05 m²/s

RFF         = 10
Core radius = 1e-06 m

Using 4 threads

Linear system calculations in floating point double precision

Using S. Nintcheu-Fata's method for off-plane integrals

Initializing the triangle analysis
Checking element sizes
   ...done

Setting flap positions

Connecting triangular panels...   done in 0.002 s
Counted 498 elements
Matrix size = 498

Allocating result arrays

Solving the problem... 

   Making the unit RHS vectors...       done in 0.000 s
   Making the influence matrix...       done in 0.024 s
   Adding the wake's contribution...    done in 0.001 s
   LAPACK - LU factorization...         done in 0.000 s
   Back-substituting RHS...             done in 0.000 s
   Making unit panel velocities...      done

   Calculating 20 operating points
     α=-5°, β=0°, φ=0°, V∞=20 m/s
       Creating source strengths...
       Calculating doublet strengths...
       Calculating far field forces...
       Calculating on-body pressure coefficients...
       Calculating plane
          Calculating XFoil viscous drag on the fly...
             Processing Main Wing: 2 surfaces
                 ...done surface 0
                 ...done surface 1
             Processing Elevator: 2 surfaces
                 ...done surface 0
                 ...done surface 1
             Processing Fin: 1 surfaces
                 ...done surface 0
             ...done.
          Skipping derivatives and eigenthings
          Done operating point

     α=-4°, β=0°, φ=0°, V∞=20 m/s
       Creating source strengths...
       Calculating doublet strengths...
       Calculating far field forces...
       Calculating on-body pressure coefficients...
       Calculating plane
          Calculating XFoil viscous drag on the fly...
             Processing Main Wing: 2 surfaces
                 ...done surface 0
                 ...done surface 1
             Processing Elevator: 2 surfaces
                 ...done surface 0
                 ...done surface 1
             Processing Fin: 1 surfaces
                 ...done surface 0
             ...done.
          Skipping derivatives and eigenthings
          Done operating point

     α=-3°, β=0°, φ=0°, V∞=20 m/s
       Creating source strengths...
       Calculating doublet strengths...
       Calculating far field forces...
       Calculating on-body pressure coefficients...
       Calculating plane
          Calculating XFoil viscous drag on the fly...
             Processing Main Wing: 2 surfaces
                 ...done surface 1
                 ...done surface 0
             Processing Elevator: 2 surfaces
                 ...done surface 0
                 ...done surface 1
             Processing Fin: 1 surfaces
                 ...done surface 0
             ...done.
          Skipping derivatives and eigenthings
          Done operating point

     α=-2°, β=0°, φ=0°, V∞=20 m/s
       Creating source strengths...
       Calculating doublet strengths...
       Calculating far field forces...
       Calculating on-body pressure coefficients...
       Calculating plane
          Calculating XFoil viscous drag on the fly...
             Processing Main Wing: 2 surfaces
                 ...done surface 0
                 ...done surface 1
             Processing Elevator: 2 surfaces
                 ...done surface 0
                 ...done surface 1
             Processing Fin: 1 surfaces
                 ...done surface 0
             ...done.
          Skipping derivatives and eigenthings
          Done operating point

     α=-1°, β=0°, φ=0°, V∞=20 m/s
       Creating source strengths...
       Calculating doublet strengths...
       Calculating far field forces...
       Calculating on-body pressure coefficients...
       Calculating plane
          Calculating XFoil viscous drag on the fly...
             Processing Main Wing: 2 surfaces
                 ...done surface 0
                 ...done surface 1
             Processing Elevator: 2 surfaces
                 ...done surface 0
                 ...done surface 1
             Processing Fin: 1 surfaces
                 ...done surface 0
             ...done.
          Skipping derivatives and eigenthings
          Done operating point

     α=0°, β=0°, φ=0°, V∞=20 m/s
       Creating source strengths...
       Calculating doublet strengths...
       Calculating far field forces...
       Calculating on-body pressure coefficients...
       Calculating plane
          Calculating XFoil viscous drag on the fly...
             Processing Main Wing: 2 surfaces
                 ...done surface 0
                 ...done surface 1
             Processing Elevator: 2 surfaces
                 ...done surface 0
                 ...done surface 1
             Processing Fin: 1 surfaces
                 ...done surface 0
             ...done.
          Skipping derivatives and eigenthings
          Done operating point

     α=1°, β=0°, φ=0°, V∞=20 m/s
       Creating source strengths...
       Calculating doublet strengths...
       Calculating far field forces...
       Calculating on-body pressure coefficients...
       Calculating plane
          Calculating XFoil viscous drag on the fly...
             Processing Main Wing: 2 surfaces
                 ...done surface 0
                 ...done surface 1
             Processing Elevator: 2 surfaces
                 ...done surface 1
                 ...done surface 0
             Processing Fin: 1 surfaces
                 ...done surface 0
             ...done.
          Skipping derivatives and eigenthings
          Done operating point

     α=2°, β=0°, φ=0°, V∞=20 m/s
       Creating source strengths...
       Calculating doublet strengths...
       Calculating far field forces...
       Calculating on-body pressure coefficients...
       Calculating plane
          Calculating XFoil viscous drag on the fly...
             Processing Main Wing: 2 surfaces
                 ...done surface 1
                 ...done surface 0
             Processing Elevator: 2 surfaces
                 ...done surface 1
                 ...done surface 0
             Processing Fin: 1 surfaces
                 ...done surface 0
             ...done.
          Skipping derivatives and eigenthings
          Done operating point

     α=3°, β=0°, φ=0°, V∞=20 m/s
       Creating source strengths...
       Calculating doublet strengths...
       Calculating far field forces...
       Calculating on-body pressure coefficients...
       Calculating plane
          Calculating XFoil viscous drag on the fly...
             Processing Main Wing: 2 surfaces
                 ...done surface 0
                 ...done surface 1
             Processing Elevator: 2 surfaces
                 ...done surface 1
                 ...done surface 0
             Processing Fin: 1 surfaces
                 ...done surface 0
             ...done.
          Skipping derivatives and eigenthings
          Done operating point

     α=4°, β=0°, φ=0°, V∞=20 m/s
       Creating source strengths...
       Calculating doublet strengths...
       Calculating far field forces...
       Calculating on-body pressure coefficients...
       Calculating plane
          Calculating XFoil viscous drag on the fly...
             Processing Main Wing: 2 surfaces
                 ...done surface 1
                 ...done surface 0
             Processing Elevator: 2 surfaces
                 ...done surface 1
                 ...done surface 0
             Processing Fin: 1 surfaces
                 ...done surface 0
             ...done.
          Skipping derivatives and eigenthings
          Done operating point

     α=5°, β=0°, φ=0°, V∞=20 m/s
       Creating source strengths...
       Calculating doublet strengths...
       Calculating far field forces...
       Calculating on-body pressure coefficients...
       Calculating plane
          Calculating XFoil viscous drag on the fly...
             Processing Main Wing: 2 surfaces
                 ...done surface 0
                 ...done surface 1
             Processing Elevator: 2 surfaces
                 ...done surface 0
                 ...done surface 1
             Processing Fin: 1 surfaces
                 ...done surface 0
             ...done.
          Skipping derivatives and eigenthings
          Done operating point

     α=6°, β=0°, φ=0°, V∞=20 m/s
       Creating source strengths...
       Calculating doublet strengths...
       Calculating far field forces...
       Calculating on-body pressure coefficients...
       Calculating plane
          Calculating XFoil viscous drag on the fly...
             Processing Main Wing: 2 surfaces
                 ...done surface 1
                 ...done surface 0
             Processing Elevator: 2 surfaces
                 ...done surface 1
                 ...done surface 0
             Processing Fin: 1 surfaces
                 ...done surface 0
             ...done.
          Skipping derivatives and eigenthings
          Done operating point

     α=7°, β=0°, φ=0°, V∞=20 m/s
       Creating source strengths...
       Calculating doublet strengths...
       Calculating far field forces...
       Calculating on-body pressure coefficients...
       Calculating plane
          Calculating XFoil viscous drag on the fly...
             Processing Main Wing: 2 surfaces
                 ...done surface 0
                 ...done surface 1
             Processing Elevator: 2 surfaces
                 ...done surface 0
                 ...done surface 1
             Processing Fin: 1 surfaces
                 ...done surface 0
             ...done.
          Skipping derivatives and eigenthings
          Done operating point

     α=8°, β=0°, φ=0°, V∞=20 m/s
       Creating source strengths...
       Calculating doublet strengths...
       Calculating far field forces...
       Calculating on-body pressure coefficients...
       Calculating plane
          Calculating XFoil viscous drag on the fly...
             Processing Main Wing: 2 surfaces
                 ...done surface 0 - OTF failures:
                     span pos.    -0.715 m, Cl=  1.28630, Re= 381227
                     span pos.    -0.515 m, Cl=  1.28177, Re= 416788
                     span pos.    -0.332 m, Cl=  1.26312, Re= 449467
                     span pos.    -0.071 m, Cl=  1.20939, Re= 496042
                 ...done surface 1 - OTF failures:
                     span pos.     0.715 m, Cl=  1.28630, Re= 381227
                     span pos.     0.914 m, Cl=  1.26921, Re= 345666
                     span pos.     1.097 m, Cl=  1.21875, Re= 312986

          Error generating the operating point... discarding

     α=9°, β=0°, φ=0°, V∞=20 m/s
       Creating source strengths...
       Calculating doublet strengths...
       Calculating far field forces...
       Calculating on-body pressure coefficients...
       Calculating plane
          Calculating XFoil viscous drag on the fly...
             Processing Main Wing: 2 surfaces
                 ...done surface 0 - OTF failures:
                     span pos.    -0.715 m, Cl=  1.37545, Re= 381227
                     span pos.    -0.515 m, Cl=  1.36957, Re= 416788
                     span pos.    -0.332 m, Cl=  1.34889, Re= 449467
                     span pos.    -0.180 m, Cl=  1.32016, Re= 476619
                     span pos.    -0.071 m, Cl=  1.29073, Re= 496042
                     span pos.    -0.014 m, Cl=  1.26983, Re= 506164
                 ...done surface 1 - OTF failures:
                     span pos.     0.715 m, Cl=  1.37545, Re= 381227
                     span pos.     0.914 m, Cl=  1.35850, Re= 345666
                     span pos.     1.097 m, Cl=  1.30593, Re= 312986

          Error generating the operating point... discarding

     α=10°, β=0°, φ=0°, V∞=20 m/s
       Creating source strengths...
       Calculating doublet strengths...
       Calculating far field forces...
       Calculating on-body pressure coefficients...
       Calculating plane
          Calculating XFoil viscous drag on the fly...
             Processing Main Wing: 2 surfaces
                 ...done surface 0 - OTF failures:
                     span pos.    -0.715 m, Cl=  1.46308, Re= 381227
                     span pos.    -0.515 m, Cl=  1.45586, Re= 416788
                     span pos.    -0.332 m, Cl=  1.43318, Re= 449467
                     span pos.    -0.180 m, Cl=  1.40219, Re= 476619
                     span pos.    -0.071 m, Cl=  1.37065, Re= 496042
                     span pos.    -0.014 m, Cl=  1.34838, Re= 506164
                 ...done surface 1 - OTF failures:
                     span pos.     0.715 m, Cl=  1.46308, Re= 381227
                     span pos.     0.914 m, Cl=  1.44627, Re= 345666
                     span pos.     1.097 m, Cl=  1.39163, Re= 312986
                     span pos.     1.250 m, Cl=  1.27343, Re= 285834

          Error generating the operating point... discarding

     α=11°, β=0°, φ=0°, V∞=20 m/s
       Creating source strengths...
       Calculating doublet strengths...
       Calculating far field forces...
       Calculating on-body pressure coefficients...
       Calculating plane
          Calculating XFoil viscous drag on the fly...
             Processing Main Wing: 2 surfaces
                 ...done surface 0 - OTF failures:
                     span pos.    -0.715 m, Cl=  1.54907, Re= 381227
                     span pos.    -0.515 m, Cl=  1.54054, Re= 416788
                     span pos.    -0.332 m, Cl=  1.51589, Re= 449467
                     span pos.    -0.180 m, Cl=  1.48266, Re= 476619
                     span pos.    -0.071 m, Cl=  1.44907, Re= 496042
                     span pos.    -0.014 m, Cl=  1.42545, Re= 506164
                 ...done surface 1 - OTF failures:
                     span pos.     0.715 m, Cl=  1.54907, Re= 381227
                     span pos.     0.914 m, Cl=  1.53241, Re= 345666
                     span pos.     1.097 m, Cl=  1.47576, Re= 312986
                     span pos.     1.250 m, Cl=  1.35144, Re= 285834

          Error generating the operating point... discarding

     α=12°, β=0°, φ=0°, V∞=20 m/s
       Creating source strengths...
       Calculating doublet strengths...
       Calculating far field forces...
       Calculating on-body pressure coefficients...
       Calculating plane
          Calculating XFoil viscous drag on the fly...
             Processing Main Wing: 2 surfaces
                 ...done surface 0 - OTF failures:
                     span pos.    -0.715 m, Cl=  1.63333, Re= 381227
                     span pos.    -0.515 m, Cl=  1.62349, Re= 416788
                     span pos.    -0.332 m, Cl=  1.59690, Re= 449467
                     span pos.    -0.180 m, Cl=  1.56148, Re= 476619
                     span pos.    -0.071 m, Cl=  1.52587, Re= 496042
                     span pos.    -0.014 m, Cl=  1.50094, Re= 506164
                 ...done surface 1 - OTF failures:
                     span pos.     0.715 m, Cl=  1.63333, Re= 381227
                     span pos.     0.914 m, Cl=  1.61683, Re= 345666
                     span pos.     1.097 m, Cl=  1.55822, Re= 312986
                     span pos.     1.250 m, Cl=  1.42791, Re= 285834

          Error generating the operating point... discarding

     α=13°, β=0°, φ=0°, V∞=20 m/s
       Creating source strengths...
       Calculating doublet strengths...
       Calculating far field forces...
       Calculating on-body pressure coefficients...
       Calculating plane
          Calculating XFoil viscous drag on the fly...
             Processing Main Wing: 2 surfaces
                 ...done surface 0 - OTF failures:
                     span pos.    -0.715 m, Cl=  1.71575, Re= 381227
                     span pos.    -0.515 m, Cl=  1.70462, Re= 416788
                     span pos.    -0.332 m, Cl=  1.67613, Re= 449467
                     span pos.    -0.180 m, Cl=  1.63856, Re= 476619
                     span pos.    -0.071 m, Cl=  1.60097, Re= 496042
                     span pos.    -0.014 m, Cl=  1.57476, Re= 506164
                 ...done surface 1 - OTF failures:
                     span pos.     0.715 m, Cl=  1.71575, Re= 381227
                     span pos.     0.914 m, Cl=  1.69942, Re= 345666
                     span pos.     1.097 m, Cl=  1.63891, Re= 312986
                     span pos.     1.250 m, Cl=  1.50275, Re= 285834

          Error generating the operating point... discarding

     α=14°, β=0°, φ=0°, V∞=20 m/s
       Creating source strengths...
       Calculating doublet strengths...
       Calculating far field forces...
       Calculating on-body pressure coefficients...
       Calculating plane
          Calculating XFoil viscous drag on the fly...
             Processing Main Wing: 2 surfaces
                 ...done surface 0 - OTF failures:
                     span pos.    -0.715 m, Cl=  1.79623, Re= 381227
                     span pos.    -0.515 m, Cl=  1.78384, Re= 416788
                     span pos.    -0.332 m, Cl=  1.75348, Re= 449467
                     span pos.    -0.180 m, Cl=  1.71381, Re= 476619
                     span pos.    -0.071 m, Cl=  1.67429, Re= 496042
                     span pos.    -0.014 m, Cl=  1.64682, Re= 506164
                 ...done surface 1 - OTF failures:
                     span pos.     0.715 m, Cl=  1.79623, Re= 381227
                     span pos.     0.914 m, Cl=  1.78008, Re= 345666
                     span pos.     1.097 m, Cl=  1.71772, Re= 312986
                     span pos.     1.250 m, Cl=  1.57586, Re= 285834
                     span pos.     1.358 m, Cl=  1.30105, Re= 266411

          Error generating the operating point... discarding


Done plane task.

Panel analysis completed ... Errors encountered

_____Plane analyses completed_____



-----Starting boat analyses-----

No xml Boat files to load

Making the analysis pairs (boat, analysis)

Made 0 valid analysis pairs (boat, polar) to run

_____ Boat analyses completed_____


