
flow5 v7.57
01.09.2026  16:10:31
Reading foil .dat files
   added foil: E387
   added foil: NACA 0009

Making foil analysis list
No foil analysis requested


Available foils:
   E387
   NACA 0009



-----Starting plane analyses-----

Adding planes from the .xml files
   added the plane: drone_opt from file drone_plane.xml


Adding the plane analyses from the xml files
   the analysis drone_polar has been added for drone_opt

Making the analysis pairs (plane, analysis)
   added analysis for (drone_opt, drone_polar)
   Made 1 valid analysis pairs (plane, polar) to run

Launching plane analysis: drone_opt / drone_polar
Initializing task

drone_opt
drone_polar

Checking plane and polar data
   ...done

drone_polar
Type 1 - Fixed speed polar

ρ =     1.225 kg/m³
ν =   1.5e-05 m²/s

RFF         = 10
Core radius = 1e-06 m

Using 4 threads

Linear system calculations in floating point double precision

Using S. Nintcheu-Fata's method for off-plane integrals

Initializing the triangle analysis
Checking element sizes
   ...done

Setting flap positions

Connecting triangular panels...   done in 0.002 s
Counted 498 elements
Matrix size = 498

Allocating result arrays

Solving the problem... 

   Making the unit RHS vectors...       done in 0.000 s
   Making the influence matrix...       done in 0.024 s
   Adding the wake's contribution...    done in 0.001 s
   LAPACK - LU factorization...         done in 0.001 s
   Back-substituting RHS...             done in 0.000 s
   Making unit panel velocities...      done

   Calculating 20 operating points
     α=-5°, β=0°, φ=0°, V∞=20 m/s
       Creating source strengths...
       Calculating doublet strengths...
       Calculating far field forces...
       Calculating on-body pressure coefficients...
       Calculating plane
          Calculating XFoil viscous drag on the fly...
             Processing Main Wing: 2 surfaces
                 ...done surface 0
                 ...done surface 1
             Processing Elevator: 2 surfaces
                 ...done surface 0
                 ...done surface 1
             Processing Fin: 1 surfaces
                 ...done surface 0
             ...done.
          Skipping derivatives and eigenthings
          Done operating point

     α=-4°, β=0°, φ=0°, V∞=20 m/s
       Creating source strengths...
       Calculating doublet strengths...
       Calculating far field forces...
       Calculating on-body pressure coefficients...
       Calculating plane
          Calculating XFoil viscous drag on the fly...
             Processing Main Wing: 2 surfaces
                 ...done surface 0
                 ...done surface 1
             Processing Elevator: 2 surfaces
                 ...done surface 0
                 ...done surface 1
             Processing Fin: 1 surfaces
                 ...done surface 0
             ...done.
          Skipping derivatives and eigenthings
          Done operating point

     α=-3°, β=0°, φ=0°, V∞=20 m/s
       Creating source strengths...
       Calculating doublet strengths...
       Calculating far field forces...
       Calculating on-body pressure coefficients...
       Calculating plane
          Calculating XFoil viscous drag on the fly...
             Processing Main Wing: 2 surfaces
                 ...done surface 1
                 ...done surface 0
             Processing Elevator: 2 surfaces
                 ...done surface 1
                 ...done surface 0
             Processing Fin: 1 surfaces
                 ...done surface 0
             ...done.
          Skipping derivatives and eigenthings
          Done operating point

     α=-2°, β=0°, φ=0°, V∞=20 m/s
       Creating source strengths...
       Calculating doublet strengths...
       Calculating far field forces...
       Calculating on-body pressure coefficients...
       Calculating plane
          Calculating XFoil viscous drag on the fly...
             Processing Main Wing: 2 surfaces
                 ...done surface 0
                 ...done surface 1
             Processing Elevator: 2 surfaces
                 ...done surface 0
                 ...done surface 1
             Processing Fin: 1 surfaces
                 ...done surface 0
             ...done.
          Skipping derivatives and eigenthings
          Done operating point

     α=-1°, β=0°, φ=0°, V∞=20 m/s
       Creating source strengths...
       Calculating doublet strengths...
       Calculating far field forces...
       Calculating on-body pressure coefficients...
       Calculating plane
          Calculating XFoil viscous drag on the fly...
             Processing Main Wing: 2 surfaces
                 ...done surface 0
                 ...done surface 1
             Processing Elevator: 2 surfaces
                 ...done surface 1
                 ...done surface 0
             Processing Fin: 1 surfaces
                 ...done surface 0
             ...done.
          Skipping derivatives and eigenthings
          Done operating point

     α=0°, β=0°, φ=0°, V∞=20 m/s
       Creating source strengths...
       Calculating doublet strengths...
       Calculating far field forces...
       Calculating on-body pressure coefficients...
       Calculating plane
          Calculating XFoil viscous drag on the fly...
             Processing Main Wing: 2 surfaces
                 ...done surface 0
                 ...done surface 1
             Processing Elevator: 2 surfaces
                 ...done surface 1
                 ...done surface 0
             Processing Fin: 1 surfaces
                 ...done surface 0
             ...done.
          Skipping derivatives and eigenthings
          Done operating point

     α=1°, β=0°, φ=0°, V∞=20 m/s
       Creating source strengths...
       Calculating doublet strengths...
       Calculating far field forces...
       Calculating on-body pressure coefficients...
       Calculating plane
          Calculating XFoil viscous drag on the fly...
             Processing Main Wing: 2 surfaces
                 ...done surface 1
                 ...done surface 0
             Processing Elevator: 2 surfaces
                 ...done surface 0
                 ...done surface 1
             Processing Fin: 1 surfaces
                 ...done surface 0
             ...done.
          Skipping derivatives and eigenthings
          Done operating point

     α=2°, β=0°, φ=0°, V∞=20 m/s
       Creating source strengths...
       Calculating doublet strengths...
       Calculating far field forces...
       Calculating on-body pressure coefficients...
       Calculating plane
          Calculating XFoil viscous drag on the fly...
             Processing Main Wing: 2 surfaces
                 ...done surface 1
                 ...done surface 0
             Processing Elevator: 2 surfaces
                 ...done surface 1
                 ...done surface 0
             Processing Fin: 1 surfaces
                 ...done surface 0
             ...done.
          Skipping derivatives and eigenthings
          Done operating point

     α=3°, β=0°, φ=0°, V∞=20 m/s
       Creating source strengths...
       Calculating doublet strengths...
       Calculating far field forces...
       Calculating on-body pressure coefficients...
       Calculating plane
          Calculating XFoil viscous drag on the fly...
             Processing Main Wing: 2 surfaces
                 ...done surface 0
                 ...done surface 1
             Processing Elevator: 2 surfaces
                 ...done surface 0
                 ...done surface 1
             Processing Fin: 1 surfaces
                 ...done surface 0
             ...done.
          Skipping derivatives and eigenthings
          Done operating point

     α=4°, β=0°, φ=0°, V∞=20 m/s
       Creating source strengths...
       Calculating doublet strengths...
       Calculating far field forces...
       Calculating on-body pressure coefficients...
       Calculating plane
          Calculating XFoil viscous drag on the fly...
             Processing Main Wing: 2 surfaces
                 ...done surface 1
                 ...done surface 0
             Processing Elevator: 2 surfaces
                 ...done surface 0
                 ...done surface 1
             Processing Fin: 1 surfaces
                 ...done surface 0
             ...done.
          Skipping derivatives and eigenthings
          Done operating point

     α=5°, β=0°, φ=0°, V∞=20 m/s
       Creating source strengths...
       Calculating doublet strengths...
       Calculating far field forces...
       Calculating on-body pressure coefficients...
       Calculating plane
          Calculating XFoil viscous drag on the fly...
             Processing Main Wing: 2 surfaces
                 ...done surface 0
                 ...done surface 1
             Processing Elevator: 2 surfaces
                 ...done surface 0
                 ...done surface 1
             Processing Fin: 1 surfaces
                 ...done surface 0
             ...done.
          Skipping derivatives and eigenthings
          Done operating point

     α=6°, β=0°, φ=0°, V∞=20 m/s
       Creating source strengths...
       Calculating doublet strengths...
       Calculating far field forces...
       Calculating on-body pressure coefficients...
       Calculating plane
          Calculating XFoil viscous drag on the fly...
             Processing Main Wing: 2 surfaces
                 ...done surface 1
                 ...done surface 0
             Processing Elevator: 2 surfaces
                 ...done surface 1
                 ...done surface 0
             Processing Fin: 1 surfaces
                 ...done surface 0
             ...done.
          Skipping derivatives and eigenthings
          Done operating point

     α=7°, β=0°, φ=0°, V∞=20 m/s
       Creating source strengths...
       Calculating doublet strengths...
       Calculating far field forces...
       Calculating on-body pressure coefficients...
       Calculating plane
          Calculating XFoil viscous drag on the fly...
             Processing Main Wing: 2 surfaces
                 ...done surface 1
                 ...done surface 0
             Processing Elevator: 2 surfaces
                 ...done surface 1
                 ...done surface 0
             Processing Fin: 1 surfaces
                 ...done surface 0
             ...done.
          Skipping derivatives and eigenthings
          Done operating point

     α=8°, β=0°, φ=0°, V∞=20 m/s
       Creating source strengths...
       Calculating doublet strengths...
       Calculating far field forces...
       Calculating on-body pressure coefficients...
       Calculating plane
          Calculating XFoil viscous drag on the fly...
             Processing Main Wing: 2 surfaces
                 ...done surface 0 - OTF failures:
                     span pos.    -0.914 m, Cl=  1.33147, Re= 325301
                     span pos.    -0.715 m, Cl=  1.31245, Re= 381227
                     span pos.    -0.515 m, Cl=  1.27666, Re= 437152
                     span pos.    -0.180 m, Cl=  1.18565, Re= 531247
                 ...done surface 1 - OTF failures:
                     span pos.     0.914 m, Cl=  1.33147, Re= 325301
                     span pos.     1.097 m, Cl=  1.32105, Re= 273907
                     span pos.     1.250 m, Cl=  1.25602, Re= 231206

          Error generating the operating point... discarding

     α=9°, β=0°, φ=0°, V∞=20 m/s
       Creating source strengths...
       Calculating doublet strengths...
       Calculating far field forces...
       Calculating on-body pressure coefficients...
       Calculating plane
          Calculating XFoil viscous drag on the fly...
             Processing Main Wing: 2 surfaces
                 ...done surface 0 - OTF failures:
                     span pos.    -0.914 m, Cl=  1.42415, Re= 325301
                     span pos.    -0.715 m, Cl=  1.40256, Re= 381227
                     span pos.    -0.515 m, Cl=  1.36346, Re= 437152
                     span pos.    -0.332 m, Cl=  1.31529, Re= 488547
                     span pos.    -0.180 m, Cl=  1.26527, Re= 531247
                 ...done surface 1 - OTF failures:
                     span pos.     0.914 m, Cl=  1.42415, Re= 325301
                     span pos.     1.097 m, Cl=  1.41465, Re= 273907
                     span pos.     1.250 m, Cl=  1.34678, Re= 231206

          Error generating the operating point... discarding

     α=10°, β=0°, φ=0°, V∞=20 m/s
       Creating source strengths...
       Calculating doublet strengths...
       Calculating far field forces...
       Calculating on-body pressure coefficients...
       Calculating plane
          Calculating XFoil viscous drag on the fly...
             Processing Main Wing: 2 surfaces
                 ...done surface 0 - OTF failures:
                     span pos.    -0.914 m, Cl=  1.51525, Re= 325301
                     span pos.    -0.715 m, Cl=  1.49113, Re= 381227
                     span pos.    -0.515 m, Cl=  1.44875, Re= 437152
                     span pos.    -0.332 m, Cl=  1.39703, Re= 488547
                     span pos.    -0.180 m, Cl=  1.34352, Re= 531247
                     span pos.    -0.071 m, Cl=  1.29661, Re= 561794
                     span pos.    -0.014 m, Cl=  1.26659, Re= 577712
                 ...done surface 1 - OTF failures:
                     span pos.     0.914 m, Cl=  1.51525, Re= 325301
                     span pos.     1.097 m, Cl=  1.50668, Re= 273907
                     span pos.     1.250 m, Cl=  1.43602, Re= 231206

          Error generating the operating point... discarding

     α=11°, β=0°, φ=0°, V∞=20 m/s
       Creating source strengths...
       Calculating doublet strengths...
       Calculating far field forces...
       Calculating on-body pressure coefficients...
       Calculating plane
          Calculating XFoil viscous drag on the fly...
             Processing Main Wing: 2 surfaces
                 ...done surface 0 - OTF failures:
                     span pos.    -0.914 m, Cl=  1.60466, Re= 325301
                     span pos.    -0.715 m, Cl=  1.57804, Re= 381227
                     span pos.    -0.515 m, Cl=  1.53245, Re= 437152
                     span pos.    -0.332 m, Cl=  1.47722, Re= 488547
                     span pos.    -0.180 m, Cl=  1.42028, Re= 531247
                     span pos.    -0.071 m, Cl=  1.37048, Re= 561794
                     span pos.    -0.014 m, Cl=  1.33868, Re= 577712
                 ...done surface 1 - OTF failures:
                     span pos.     0.914 m, Cl=  1.60466, Re= 325301
                     span pos.     1.097 m, Cl=  1.59701, Re= 273907
                     span pos.     1.250 m, Cl=  1.52365, Re= 231206
                     span pos.     1.358 m, Cl=  1.31993, Re= 200660

          Error generating the operating point... discarding

     α=12°, β=0°, φ=0°, V∞=20 m/s
       Creating source strengths...
       Calculating doublet strengths...
       Calculating far field forces...
       Calculating on-body pressure coefficients...
       Calculating plane
          Calculating XFoil viscous drag on the fly...
             Processing Main Wing: 2 surfaces
                 ...done surface 0 - OTF failures:
                     span pos.    -0.914 m, Cl=  1.69227, Re= 325301
                     span pos.    -0.715 m, Cl=  1.66319, Re= 381227
                     span pos.    -0.515 m, Cl=  1.61445, Re= 437152
                     span pos.    -0.332 m, Cl=  1.55578, Re= 488547
                     span pos.    -0.180 m, Cl=  1.49547, Re= 531247
                     span pos.    -0.071 m, Cl=  1.44283, Re= 561794
                     span pos.    -0.014 m, Cl=  1.40929, Re= 577712
                 ...done surface 1 - OTF failures:
                     span pos.     0.914 m, Cl=  1.69227, Re= 325301
                     span pos.     1.097 m, Cl=  1.68554, Re= 273907
                     span pos.     1.250 m, Cl=  1.60954, Re= 231206
                     span pos.     1.358 m, Cl=  1.39528, Re= 200660

          Error generating the operating point... discarding

     α=13°, β=0°, φ=0°, V∞=20 m/s
       Creating source strengths...
       Calculating doublet strengths...
       Calculating far field forces...
       Calculating on-body pressure coefficients...
       Calculating plane
          Calculating XFoil viscous drag on the fly...
             Processing Main Wing: 2 surfaces
                 ...done surface 0 - OTF failures:
                     span pos.    -0.914 m, Cl=  1.77798, Re= 325301
                     span pos.    -0.715 m, Cl=  1.74648, Re= 381227
                     span pos.    -0.515 m, Cl=  1.69464, Re= 437152
                     span pos.    -0.332 m, Cl=  1.63261, Re= 488547
                     span pos.    -0.180 m, Cl=  1.56900, Re= 531247
                     span pos.    -0.071 m, Cl=  1.51358, Re= 561794
                     span pos.    -0.014 m, Cl=  1.47834, Re= 577712
                 ...done surface 1 - OTF failures:
                     span pos.     0.914 m, Cl=  1.77798, Re= 325301
                     span pos.     1.097 m, Cl=  1.77216, Re= 273907
                     span pos.     1.250 m, Cl=  1.69359, Re= 231206
                     span pos.     1.358 m, Cl=  1.46904, Re= 200660

          Error generating the operating point... discarding

     α=14°, β=0°, φ=0°, V∞=20 m/s
       Creating source strengths...
       Calculating doublet strengths...
       Calculating far field forces...
       Calculating on-body pressure coefficients...
       Calculating plane
          Calculating XFoil viscous drag on the fly...
             Processing Main Wing: 2 surfaces
                 ...done surface 0 - OTF failures:
                     span pos.    -0.914 m, Cl=  1.86167, Re= 325301
                     span pos.    -0.715 m, Cl=  1.82780, Re= 381227
                     span pos.    -0.515 m, Cl=  1.77293, Re= 437152
                     span pos.    -0.332 m, Cl=  1.70761, Re= 488547
                     span pos.    -0.180 m, Cl=  1.64078, Re= 531247
                     span pos.    -0.071 m, Cl=  1.58264, Re= 561794
                     span pos.    -0.014 m, Cl=  1.54573, Re= 577712
                 ...done surface 1 - OTF failures:
                     span pos.     0.914 m, Cl=  1.86167, Re= 325301
                     span pos.     1.097 m, Cl=  1.85676, Re= 273907
                     span pos.     1.250 m, Cl=  1.77571, Re= 231206
                     span pos.     1.358 m, Cl=  1.54110, Re= 200660

          Error generating the operating point... discarding


Done plane task.

Panel analysis completed ... Errors encountered

_____Plane analyses completed_____



-----Starting boat analyses-----

No xml Boat files to load

Making the analysis pairs (boat, analysis)

Made 0 valid analysis pairs (boat, polar) to run

_____ Boat analyses completed_____


