
flow5 v7.57
01.09.2026  16:07:49
Reading foil .dat files
   added foil: E387
   added foil: NACA 0009

Making foil analysis list
No foil analysis requested


Available foils:
   E387
   NACA 0009



-----Starting plane analyses-----

Adding planes from the .xml files
   added the plane: drone_opt from file drone_plane.xml


Adding the plane analyses from the xml files
   the analysis drone_polar has been added for drone_opt

Making the analysis pairs (plane, analysis)
   added analysis for (drone_opt, drone_polar)
   Made 1 valid analysis pairs (plane, polar) to run

Launching plane analysis: drone_opt / drone_polar
Initializing task

drone_opt
drone_polar

Checking plane and polar data
   ...done

drone_polar
Type 1 - Fixed speed polar

ρ =     1.225 kg/m³
ν =   1.5e-05 m²/s

RFF         = 10
Core radius = 1e-06 m

Using 4 threads

Linear system calculations in floating point double precision

Using S. Nintcheu-Fata's method for off-plane integrals

Initializing the triangle analysis
Checking element sizes
   ...done

Setting flap positions

Connecting triangular panels...   done in 0.002 s
Counted 498 elements
Matrix size = 498

Allocating result arrays

Solving the problem... 

   Making the unit RHS vectors...       done in 0.000 s
   Making the influence matrix...       done in 0.024 s
   Adding the wake's contribution...    done in 0.001 s
   LAPACK - LU factorization...         done in 0.000 s
   Back-substituting RHS...             done in 0.000 s
   Making unit panel velocities...      done

   Calculating 20 operating points
     α=-5°, β=0°, φ=0°, V∞=20 m/s
       Creating source strengths...
       Calculating doublet strengths...
       Calculating far field forces...
       Calculating on-body pressure coefficients...
       Calculating plane
          Calculating XFoil viscous drag on the fly...
             Processing Main Wing: 2 surfaces
                 ...done surface 0
                 ...done surface 1
             Processing Elevator: 2 surfaces
                 ...done surface 0
                 ...done surface 1
             Processing Fin: 1 surfaces
                 ...done surface 0
             ...done.
          Skipping derivatives and eigenthings
          Done operating point

     α=-4°, β=0°, φ=0°, V∞=20 m/s
       Creating source strengths...
       Calculating doublet strengths...
       Calculating far field forces...
       Calculating on-body pressure coefficients...
       Calculating plane
          Calculating XFoil viscous drag on the fly...
             Processing Main Wing: 2 surfaces
                 ...done surface 0
                 ...done surface 1
             Processing Elevator: 2 surfaces
                 ...done surface 0
                 ...done surface 1
             Processing Fin: 1 surfaces
                 ...done surface 0
             ...done.
          Skipping derivatives and eigenthings
          Done operating point

     α=-3°, β=0°, φ=0°, V∞=20 m/s
       Creating source strengths...
       Calculating doublet strengths...
       Calculating far field forces...
       Calculating on-body pressure coefficients...
       Calculating plane
          Calculating XFoil viscous drag on the fly...
             Processing Main Wing: 2 surfaces
                 ...done surface 1
                 ...done surface 0
             Processing Elevator: 2 surfaces
                 ...done surface 1
                 ...done surface 0
             Processing Fin: 1 surfaces
                 ...done surface 0
             ...done.
          Skipping derivatives and eigenthings
          Done operating point

     α=-2°, β=0°, φ=0°, V∞=20 m/s
       Creating source strengths...
       Calculating doublet strengths...
       Calculating far field forces...
       Calculating on-body pressure coefficients...
       Calculating plane
          Calculating XFoil viscous drag on the fly...
             Processing Main Wing: 2 surfaces
                 ...done surface 0
                 ...done surface 1
             Processing Elevator: 2 surfaces
                 ...done surface 1
                 ...done surface 0
             Processing Fin: 1 surfaces
                 ...done surface 0
             ...done.
          Skipping derivatives and eigenthings
          Done operating point

     α=-1°, β=0°, φ=0°, V∞=20 m/s
       Creating source strengths...
       Calculating doublet strengths...
       Calculating far field forces...
       Calculating on-body pressure coefficients...
       Calculating plane
          Calculating XFoil viscous drag on the fly...
             Processing Main Wing: 2 surfaces
                 ...done surface 0
                 ...done surface 1
             Processing Elevator: 2 surfaces
                 ...done surface 1
                 ...done surface 0
             Processing Fin: 1 surfaces
                 ...done surface 0
             ...done.
          Skipping derivatives and eigenthings
          Done operating point

     α=0°, β=0°, φ=0°, V∞=20 m/s
       Creating source strengths...
       Calculating doublet strengths...
       Calculating far field forces...
       Calculating on-body pressure coefficients...
       Calculating plane
          Calculating XFoil viscous drag on the fly...
             Processing Main Wing: 2 surfaces
                 ...done surface 0
                 ...done surface 1
             Processing Elevator: 2 surfaces
                 ...done surface 0
                 ...done surface 1
             Processing Fin: 1 surfaces
                 ...done surface 0
             ...done.
          Skipping derivatives and eigenthings
          Done operating point

     α=1°, β=0°, φ=0°, V∞=20 m/s
       Creating source strengths...
       Calculating doublet strengths...
       Calculating far field forces...
       Calculating on-body pressure coefficients...
       Calculating plane
          Calculating XFoil viscous drag on the fly...
             Processing Main Wing: 2 surfaces
                 ...done surface 0
                 ...done surface 1
             Processing Elevator: 2 surfaces
                 ...done surface 1
                 ...done surface 0
             Processing Fin: 1 surfaces
                 ...done surface 0
             ...done.
          Skipping derivatives and eigenthings
          Done operating point

     α=2°, β=0°, φ=0°, V∞=20 m/s
       Creating source strengths...
       Calculating doublet strengths...
       Calculating far field forces...
       Calculating on-body pressure coefficients...
       Calculating plane
          Calculating XFoil viscous drag on the fly...
             Processing Main Wing: 2 surfaces
                 ...done surface 1
                 ...done surface 0
             Processing Elevator: 2 surfaces
                 ...done surface 1
                 ...done surface 0
             Processing Fin: 1 surfaces
                 ...done surface 0
             ...done.
          Skipping derivatives and eigenthings
          Done operating point

     α=3°, β=0°, φ=0°, V∞=20 m/s
       Creating source strengths...
       Calculating doublet strengths...
       Calculating far field forces...
       Calculating on-body pressure coefficients...
       Calculating plane
          Calculating XFoil viscous drag on the fly...
             Processing Main Wing: 2 surfaces
                 ...done surface 0
                 ...done surface 1
             Processing Elevator: 2 surfaces
                 ...done surface 0
                 ...done surface 1
             Processing Fin: 1 surfaces
                 ...done surface 0
             ...done.
          Skipping derivatives and eigenthings
          Done operating point

     α=4°, β=0°, φ=0°, V∞=20 m/s
       Creating source strengths...
       Calculating doublet strengths...
       Calculating far field forces...
       Calculating on-body pressure coefficients...
       Calculating plane
          Calculating XFoil viscous drag on the fly...
             Processing Main Wing: 2 surfaces
                 ...done surface 0
                 ...done surface 1
             Processing Elevator: 2 surfaces
                 ...done surface 0
                 ...done surface 1
             Processing Fin: 1 surfaces
                 ...done surface 0
             ...done.
          Skipping derivatives and eigenthings
          Done operating point

     α=5°, β=0°, φ=0°, V∞=20 m/s
       Creating source strengths...
       Calculating doublet strengths...
       Calculating far field forces...
       Calculating on-body pressure coefficients...
       Calculating plane
          Calculating XFoil viscous drag on the fly...
             Processing Main Wing: 2 surfaces
                 ...done surface 0
                 ...done surface 1
             Processing Elevator: 2 surfaces
                 ...done surface 0
                 ...done surface 1
             Processing Fin: 1 surfaces
                 ...done surface 0
             ...done.
          Skipping derivatives and eigenthings
          Done operating point

     α=6°, β=0°, φ=0°, V∞=20 m/s
       Creating source strengths...
       Calculating doublet strengths...
       Calculating far field forces...
       Calculating on-body pressure coefficients...
       Calculating plane
          Calculating XFoil viscous drag on the fly...
             Processing Main Wing: 2 surfaces
                 ...done surface 1
                 ...done surface 0
             Processing Elevator: 2 surfaces
                 ...done surface 1
                 ...done surface 0
             Processing Fin: 1 surfaces
                 ...done surface 0
             ...done.
          Skipping derivatives and eigenthings
          Done operating point

     α=7°, β=0°, φ=0°, V∞=20 m/s
       Creating source strengths...
       Calculating doublet strengths...
       Calculating far field forces...
       Calculating on-body pressure coefficients...
       Calculating plane
          Calculating XFoil viscous drag on the fly...
             Processing Main Wing: 2 surfaces
                 ...done surface 0
                 ...done surface 1
             Processing Elevator: 2 surfaces
                 ...done surface 1
                 ...done surface 0
             Processing Fin: 1 surfaces
                 ...done surface 0
             ...done.
          Skipping derivatives and eigenthings
          Done operating point

     α=8°, β=0°, φ=0°, V∞=20 m/s
       Creating source strengths...
       Calculating doublet strengths...
       Calculating far field forces...
       Calculating on-body pressure coefficients...
       Calculating plane
          Calculating XFoil viscous drag on the fly...
             Processing Main Wing: 2 surfaces
                 ...done surface 0 - OTF failures:
                     span pos.    -0.855 m, Cl=  1.27371, Re= 359418
                     span pos.    -0.669 m, Cl=  1.27156, Re= 407547
                     span pos.    -0.482 m, Cl=  1.24932, Re= 455675
                     span pos.    -0.168 m, Cl=  1.17771, Re= 536651
                 ...done surface 1 - OTF failures:
                     span pos.     0.855 m, Cl=  1.27371, Re= 359418

          Error generating the operating point... discarding

     α=9°, β=0°, φ=0°, V∞=20 m/s
       Creating source strengths...
       Calculating doublet strengths...
       Calculating far field forces...
       Calculating on-body pressure coefficients...
       Calculating plane
          Calculating XFoil viscous drag on the fly...
             Processing Main Wing: 2 surfaces
                 ...done surface 0 - OTF failures:
                     span pos.    -0.855 m, Cl=  1.36240, Re= 359418
                     span pos.    -0.669 m, Cl=  1.35894, Re= 407547
                     span pos.    -0.482 m, Cl=  1.33428, Re= 455675
                     span pos.    -0.311 m, Cl=  1.29767, Re= 499904
                     span pos.    -0.168 m, Cl=  1.25673, Re= 536651
                 ...done surface 1 - OTF failures:
                     span pos.     0.855 m, Cl=  1.36240, Re= 359418
                     span pos.     1.026 m, Cl=  1.33009, Re= 315189

          Error generating the operating point... discarding

     α=10°, β=0°, φ=0°, V∞=20 m/s
       Creating source strengths...
       Calculating doublet strengths...
       Calculating far field forces...
       Calculating on-body pressure coefficients...
       Calculating plane
          Calculating XFoil viscous drag on the fly...
             Processing Main Wing: 2 surfaces
                 ...done surface 0 - OTF failures:
                     span pos.    -0.855 m, Cl=  1.44959, Re= 359418
                     span pos.    -0.669 m, Cl=  1.44482, Re= 407547
                     span pos.    -0.482 m, Cl=  1.41778, Re= 455675
                     span pos.    -0.311 m, Cl=  1.37827, Re= 499904
                     span pos.    -0.168 m, Cl=  1.33437, Re= 536651
                     span pos.    -0.067 m, Cl=  1.29454, Re= 562939
                     span pos.    -0.014 m, Cl=  1.26864, Re= 576638
                 ...done surface 1 - OTF failures:
                     span pos.     0.855 m, Cl=  1.44959, Re= 359418
                     span pos.     1.026 m, Cl=  1.41646, Re= 315189
                     span pos.     1.169 m, Cl=  1.31659, Re= 278442

          Error generating the operating point... discarding

     α=11°, β=0°, φ=0°, V∞=20 m/s
       Creating source strengths...
       Calculating doublet strengths...
       Calculating far field forces...
       Calculating on-body pressure coefficients...
       Calculating plane
          Calculating XFoil viscous drag on the fly...
             Processing Main Wing: 2 surfaces
                 ...done surface 0 - OTF failures:
                     span pos.    -0.855 m, Cl=  1.53516, Re= 359418
                     span pos.    -0.669 m, Cl=  1.52910, Re= 407547
                     span pos.    -0.482 m, Cl=  1.49970, Re= 455675
                     span pos.    -0.311 m, Cl=  1.45736, Re= 499904
                     span pos.    -0.168 m, Cl=  1.41054, Re= 536651
                     span pos.    -0.067 m, Cl=  1.36822, Re= 562939
                     span pos.    -0.014 m, Cl=  1.34078, Re= 576638
                 ...done surface 1 - OTF failures:
                     span pos.     0.855 m, Cl=  1.53516, Re= 359418
                     span pos.     1.026 m, Cl=  1.50125, Re= 315189
                     span pos.     1.169 m, Cl=  1.39644, Re= 278442

          Error generating the operating point... discarding

     α=12°, β=0°, φ=0°, V∞=20 m/s
       Creating source strengths...
       Calculating doublet strengths...
       Calculating far field forces...
       Calculating on-body pressure coefficients...
       Calculating plane
          Calculating XFoil viscous drag on the fly...
             Processing Main Wing: 2 surfaces
                 ...done surface 0 - OTF failures:
                     span pos.    -0.855 m, Cl=  1.61901, Re= 359418
                     span pos.    -0.669 m, Cl=  1.61166, Re= 407547
                     span pos.    -0.482 m, Cl=  1.57996, Re= 455675
                     span pos.    -0.311 m, Cl=  1.53482, Re= 499904
                     span pos.    -0.168 m, Cl=  1.48516, Re= 536651
                     span pos.    -0.067 m, Cl=  1.44038, Re= 562939
                     span pos.    -0.014 m, Cl=  1.41144, Re= 576638
                 ...done surface 1 - OTF failures:
                     span pos.     0.855 m, Cl=  1.61901, Re= 359418
                     span pos.     1.026 m, Cl=  1.58434, Re= 315189
                     span pos.     1.169 m, Cl=  1.47472, Re= 278442

          Error generating the operating point... discarding

     α=13°, β=0°, φ=0°, V∞=20 m/s
       Creating source strengths...
       Calculating doublet strengths...
       Calculating far field forces...
       Calculating on-body pressure coefficients...
       Calculating plane
          Calculating XFoil viscous drag on the fly...
             Processing Main Wing: 2 surfaces
                 ...done surface 0 - OTF failures:
                     span pos.    -0.855 m, Cl=  1.70103, Re= 359418
                     span pos.    -0.669 m, Cl=  1.69243, Re= 407547
                     span pos.    -0.482 m, Cl=  1.65846, Re= 455675
                     span pos.    -0.311 m, Cl=  1.61058, Re= 499904
                     span pos.    -0.168 m, Cl=  1.55812, Re= 536651
                     span pos.    -0.067 m, Cl=  1.51095, Re= 562939
                     span pos.    -0.014 m, Cl=  1.48053, Re= 576638
                 ...done surface 1 - OTF failures:
                     span pos.     0.855 m, Cl=  1.70103, Re= 359418
                     span pos.     1.026 m, Cl=  1.66564, Re= 315189
                     span pos.     1.169 m, Cl=  1.55132, Re= 278442
                     span pos.     1.271 m, Cl=  1.30006, Re= 252154

          Error generating the operating point... discarding

     α=14°, β=0°, φ=0°, V∞=20 m/s
       Creating source strengths...
       Calculating doublet strengths...
       Calculating far field forces...
       Calculating on-body pressure coefficients...
       Calculating plane
          Calculating XFoil viscous drag on the fly...
             Processing Main Wing: 2 surfaces
                 ...done surface 0 - OTF failures:
                     span pos.    -0.855 m, Cl=  1.78114, Re= 359418
                     span pos.    -0.669 m, Cl=  1.77128, Re= 407547
                     span pos.    -0.482 m, Cl=  1.73509, Re= 455675
                     span pos.    -0.311 m, Cl=  1.68453, Re= 499904
                     span pos.    -0.168 m, Cl=  1.62934, Re= 536651
                     span pos.    -0.067 m, Cl=  1.57983, Re= 562939
                     span pos.    -0.014 m, Cl=  1.54797, Re= 576638
                 ...done surface 1 - OTF failures:
                     span pos.     0.855 m, Cl=  1.78114, Re= 359418
                     span pos.     1.026 m, Cl=  1.74504, Re= 315189
                     span pos.     1.169 m, Cl=  1.62614, Re= 278442
                     span pos.     1.271 m, Cl=  1.36319, Re= 252154

          Error generating the operating point... discarding


Done plane task.

Panel analysis completed ... Errors encountered

_____Plane analyses completed_____



-----Starting boat analyses-----

No xml Boat files to load

Making the analysis pairs (boat, analysis)

Made 0 valid analysis pairs (boat, polar) to run

_____ Boat analyses completed_____


