
flow5 v7.57
01.09.2026  16:05:32
Reading foil .dat files
   added foil: E387
   added foil: NACA 0009

Making foil analysis list
No foil analysis requested


Available foils:
   E387
   NACA 0009



-----Starting plane analyses-----

Adding planes from the .xml files
   added the plane: drone_opt from file drone_plane.xml


Adding the plane analyses from the xml files
   the analysis drone_polar has been added for drone_opt

Making the analysis pairs (plane, analysis)
   added analysis for (drone_opt, drone_polar)
   Made 1 valid analysis pairs (plane, polar) to run

Launching plane analysis: drone_opt / drone_polar
Initializing task

drone_opt
drone_polar

Checking plane and polar data
   ...done

drone_polar
Type 1 - Fixed speed polar

ρ =     1.225 kg/m³
ν =   1.5e-05 m²/s

RFF         = 10
Core radius = 1e-06 m

Using 4 threads

Linear system calculations in floating point double precision

Using S. Nintcheu-Fata's method for off-plane integrals

Initializing the triangle analysis
Checking element sizes
   ...done

Setting flap positions

Connecting triangular panels...   done in 0.002 s
Counted 498 elements
Matrix size = 498

Allocating result arrays

Solving the problem... 

   Making the unit RHS vectors...       done in 0.000 s
   Making the influence matrix...       done in 0.024 s
   Adding the wake's contribution...    done in 0.001 s
   LAPACK - LU factorization...         done in 0.000 s
   Back-substituting RHS...             done in 0.000 s
   Making unit panel velocities...      done

   Calculating 20 operating points
     α=-5°, β=0°, φ=0°, V∞=20 m/s
       Creating source strengths...
       Calculating doublet strengths...
       Calculating far field forces...
       Calculating on-body pressure coefficients...
       Calculating plane
          Calculating XFoil viscous drag on the fly...
             Processing Main Wing: 2 surfaces
                 ...done surface 0
                 ...done surface 1
             Processing Elevator: 2 surfaces
                 ...done surface 0
                 ...done surface 1
             Processing Fin: 1 surfaces
                 ...done surface 0
             ...done.
          Skipping derivatives and eigenthings
          Done operating point

     α=-4°, β=0°, φ=0°, V∞=20 m/s
       Creating source strengths...
       Calculating doublet strengths...
       Calculating far field forces...
       Calculating on-body pressure coefficients...
       Calculating plane
          Calculating XFoil viscous drag on the fly...
             Processing Main Wing: 2 surfaces
                 ...done surface 0
                 ...done surface 1
             Processing Elevator: 2 surfaces
                 ...done surface 0
                 ...done surface 1
             Processing Fin: 1 surfaces
                 ...done surface 0
             ...done.
          Skipping derivatives and eigenthings
          Done operating point

     α=-3°, β=0°, φ=0°, V∞=20 m/s
       Creating source strengths...
       Calculating doublet strengths...
       Calculating far field forces...
       Calculating on-body pressure coefficients...
       Calculating plane
          Calculating XFoil viscous drag on the fly...
             Processing Main Wing: 2 surfaces
                 ...done surface 1
                 ...done surface 0
             Processing Elevator: 2 surfaces
                 ...done surface 0
                 ...done surface 1
             Processing Fin: 1 surfaces
                 ...done surface 0
             ...done.
          Skipping derivatives and eigenthings
          Done operating point

     α=-2°, β=0°, φ=0°, V∞=20 m/s
       Creating source strengths...
       Calculating doublet strengths...
       Calculating far field forces...
       Calculating on-body pressure coefficients...
       Calculating plane
          Calculating XFoil viscous drag on the fly...
             Processing Main Wing: 2 surfaces
                 ...done surface 0
                 ...done surface 1
             Processing Elevator: 2 surfaces
                 ...done surface 1
                 ...done surface 0
             Processing Fin: 1 surfaces
                 ...done surface 0
             ...done.
          Skipping derivatives and eigenthings
          Done operating point

     α=-1°, β=0°, φ=0°, V∞=20 m/s
       Creating source strengths...
       Calculating doublet strengths...
       Calculating far field forces...
       Calculating on-body pressure coefficients...
       Calculating plane
          Calculating XFoil viscous drag on the fly...
             Processing Main Wing: 2 surfaces
                 ...done surface 1
                 ...done surface 0
             Processing Elevator: 2 surfaces
                 ...done surface 0
                 ...done surface 1
             Processing Fin: 1 surfaces
                 ...done surface 0
             ...done.
          Skipping derivatives and eigenthings
          Done operating point

     α=0°, β=0°, φ=0°, V∞=20 m/s
       Creating source strengths...
       Calculating doublet strengths...
       Calculating far field forces...
       Calculating on-body pressure coefficients...
       Calculating plane
          Calculating XFoil viscous drag on the fly...
             Processing Main Wing: 2 surfaces
                 ...done surface 1
                 ...done surface 0
             Processing Elevator: 2 surfaces
                 ...done surface 0
                 ...done surface 1
             Processing Fin: 1 surfaces
                 ...done surface 0
             ...done.
          Skipping derivatives and eigenthings
          Done operating point

     α=1°, β=0°, φ=0°, V∞=20 m/s
       Creating source strengths...
       Calculating doublet strengths...
       Calculating far field forces...
       Calculating on-body pressure coefficients...
       Calculating plane
          Calculating XFoil viscous drag on the fly...
             Processing Main Wing: 2 surfaces
                 ...done surface 0
                 ...done surface 1
             Processing Elevator: 2 surfaces
                 ...done surface 0
                 ...done surface 1
             Processing Fin: 1 surfaces
                 ...done surface 0
             ...done.
          Skipping derivatives and eigenthings
          Done operating point

     α=2°, β=0°, φ=0°, V∞=20 m/s
       Creating source strengths...
       Calculating doublet strengths...
       Calculating far field forces...
       Calculating on-body pressure coefficients...
       Calculating plane
          Calculating XFoil viscous drag on the fly...
             Processing Main Wing: 2 surfaces
                 ...done surface 1
                 ...done surface 0
             Processing Elevator: 2 surfaces
                 ...done surface 0
                 ...done surface 1
             Processing Fin: 1 surfaces
                 ...done surface 0
             ...done.
          Skipping derivatives and eigenthings
          Done operating point

     α=3°, β=0°, φ=0°, V∞=20 m/s
       Creating source strengths...
       Calculating doublet strengths...
       Calculating far field forces...
       Calculating on-body pressure coefficients...
       Calculating plane
          Calculating XFoil viscous drag on the fly...
             Processing Main Wing: 2 surfaces
                 ...done surface 1
                 ...done surface 0
             Processing Elevator: 2 surfaces
                 ...done surface 0
                 ...done surface 1
             Processing Fin: 1 surfaces
                 ...done surface 0
             ...done.
          Skipping derivatives and eigenthings
          Done operating point

     α=4°, β=0°, φ=0°, V∞=20 m/s
       Creating source strengths...
       Calculating doublet strengths...
       Calculating far field forces...
       Calculating on-body pressure coefficients...
       Calculating plane
          Calculating XFoil viscous drag on the fly...
             Processing Main Wing: 2 surfaces
                 ...done surface 0
                 ...done surface 1
             Processing Elevator: 2 surfaces
                 ...done surface 0
                 ...done surface 1
             Processing Fin: 1 surfaces
                 ...done surface 0
             ...done.
          Skipping derivatives and eigenthings
          Done operating point

     α=5°, β=0°, φ=0°, V∞=20 m/s
       Creating source strengths...
       Calculating doublet strengths...
       Calculating far field forces...
       Calculating on-body pressure coefficients...
       Calculating plane
          Calculating XFoil viscous drag on the fly...
             Processing Main Wing: 2 surfaces
                 ...done surface 0
                 ...done surface 1
             Processing Elevator: 2 surfaces
                 ...done surface 0
                 ...done surface 1
             Processing Fin: 1 surfaces
                 ...done surface 0
             ...done.
          Skipping derivatives and eigenthings
          Done operating point

     α=6°, β=0°, φ=0°, V∞=20 m/s
       Creating source strengths...
       Calculating doublet strengths...
       Calculating far field forces...
       Calculating on-body pressure coefficients...
       Calculating plane
          Calculating XFoil viscous drag on the fly...
             Processing Main Wing: 2 surfaces
                 ...done surface 0
                 ...done surface 1
             Processing Elevator: 2 surfaces
                 ...done surface 1
                 ...done surface 0
             Processing Fin: 1 surfaces
                 ...done surface 0
             ...done.
          Skipping derivatives and eigenthings
          Done operating point

     α=7°, β=0°, φ=0°, V∞=20 m/s
       Creating source strengths...
       Calculating doublet strengths...
       Calculating far field forces...
       Calculating on-body pressure coefficients...
       Calculating plane
          Calculating XFoil viscous drag on the fly...
             Processing Main Wing: 2 surfaces
                 ...done surface 0
                 ...done surface 1
             Processing Elevator: 2 surfaces
                 ...done surface 0
                 ...done surface 1
             Processing Fin: 1 surfaces
                 ...done surface 0
             ...done.
          Skipping derivatives and eigenthings
          Done operating point

     α=8°, β=0°, φ=0°, V∞=20 m/s
       Creating source strengths...
       Calculating doublet strengths...
       Calculating far field forces...
       Calculating on-body pressure coefficients...
       Calculating plane
          Calculating XFoil viscous drag on the fly...
             Processing Main Wing: 2 surfaces
                 ...done surface 1
                 ...done surface 0
             Processing Elevator: 2 surfaces
                 ...done surface 0
                 ...done surface 1
             Processing Fin: 1 surfaces
                 ...done surface 0
             ...done.
          Skipping derivatives and eigenthings
          Done operating point

     α=9°, β=0°, φ=0°, V∞=20 m/s
       Creating source strengths...
       Calculating doublet strengths...
       Calculating far field forces...
       Calculating on-body pressure coefficients...
       Calculating plane
          Calculating XFoil viscous drag on the fly...
             Processing Main Wing: 2 surfaces
                 ...done surface 0 - OTF failures:
                     span pos.    -0.619 m, Cl=  1.30807, Re= 440200
                     span pos.    -0.446 m, Cl=  1.29315, Re= 484175
                     span pos.    -0.288 m, Cl=  1.26435, Re= 524588
                     span pos.    -0.156 m, Cl=  1.22969, Re= 558164
                     span pos.    -0.013 m, Cl=  1.17593, Re= 594699
                 ...done surface 1 - OTF failures:
                     span pos.     0.619 m, Cl=  1.30807, Re= 440200
                     span pos.     0.792 m, Cl=  1.29931, Re= 396225
                     span pos.     0.950 m, Cl=  1.25198, Re= 355812

          Error generating the operating point... discarding

     α=10°, β=0°, φ=0°, V∞=20 m/s
       Creating source strengths...
       Calculating doublet strengths...
       Calculating far field forces...
       Calculating on-body pressure coefficients...
       Calculating plane
          Calculating XFoil viscous drag on the fly...
             Processing Main Wing: 2 surfaces
                 ...done surface 0 - OTF failures:
                     span pos.    -0.619 m, Cl=  1.39079, Re= 440200
                     span pos.    -0.446 m, Cl=  1.37408, Re= 484175
                     span pos.    -0.288 m, Cl=  1.34285, Re= 524588
                     span pos.    -0.156 m, Cl=  1.30561, Re= 558164
                     span pos.    -0.062 m, Cl=  1.27094, Re= 582183
                     span pos.    -0.013 m, Cl=  1.24824, Re= 594699
                 ...done surface 1 - OTF failures:
                     span pos.     0.619 m, Cl=  1.39079, Re= 440200
                     span pos.     0.792 m, Cl=  1.38250, Re= 396225
                     span pos.     0.950 m, Cl=  1.33323, Re= 355812
                     span pos.     1.082 m, Cl=  1.21642, Re= 322236

          Error generating the operating point... discarding

     α=11°, β=0°, φ=0°, V∞=20 m/s
       Creating source strengths...
       Calculating doublet strengths...
       Calculating far field forces...
       Calculating on-body pressure coefficients...
       Calculating plane
          Calculating XFoil viscous drag on the fly...
             Processing Main Wing: 2 surfaces
                 ...done surface 0 - OTF failures:
                     span pos.    -0.619 m, Cl=  1.47196, Re= 440200
                     span pos.    -0.446 m, Cl=  1.45350, Re= 484175
                     span pos.    -0.288 m, Cl=  1.41988, Re= 524588
                     span pos.    -0.156 m, Cl=  1.38009, Re= 558164
                     span pos.    -0.062 m, Cl=  1.34323, Re= 582183
                     span pos.    -0.013 m, Cl=  1.31918, Re= 594699
                 ...done surface 1 - OTF failures:
                     span pos.     0.619 m, Cl=  1.47196, Re= 440200
                     span pos.     0.792 m, Cl=  1.46415, Re= 396225
                     span pos.     0.950 m, Cl=  1.41298, Re= 355812
                     span pos.     1.082 m, Cl=  1.28999, Re= 322236

          Error generating the operating point... discarding

     α=12°, β=0°, φ=0°, V∞=20 m/s
       Creating source strengths...
       Calculating doublet strengths...
       Calculating far field forces...
       Calculating on-body pressure coefficients...
       Calculating plane
          Calculating XFoil viscous drag on the fly...
             Processing Main Wing: 2 surfaces
                 ...done surface 0 - OTF failures:
                     span pos.    -0.619 m, Cl=  1.55150, Re= 440200
                     span pos.    -0.446 m, Cl=  1.53130, Re= 484175
                     span pos.    -0.288 m, Cl=  1.49533, Re= 524588
                     span pos.    -0.156 m, Cl=  1.45305, Re= 558164
                     span pos.    -0.062 m, Cl=  1.41403, Re= 582183
                     span pos.    -0.013 m, Cl=  1.38866, Re= 594699
                 ...done surface 1 - OTF failures:
                     span pos.     0.619 m, Cl=  1.55150, Re= 440200
                     span pos.     0.792 m, Cl=  1.54416, Re= 396225
                     span pos.     0.950 m, Cl=  1.49114, Re= 355812
                     span pos.     1.082 m, Cl=  1.36209, Re= 322236

          Error generating the operating point... discarding

     α=13°, β=0°, φ=0°, V∞=20 m/s
       Creating source strengths...
       Calculating doublet strengths...
       Calculating far field forces...
       Calculating on-body pressure coefficients...
       Calculating plane
          Calculating XFoil viscous drag on the fly...
             Processing Main Wing: 2 surfaces
                 ...done surface 0 - OTF failures:
                     span pos.    -0.619 m, Cl=  1.62929, Re= 440200
                     span pos.    -0.446 m, Cl=  1.60739, Re= 484175
                     span pos.    -0.288 m, Cl=  1.56911, Re= 524588
                     span pos.    -0.156 m, Cl=  1.52439, Re= 558164
                     span pos.    -0.062 m, Cl=  1.48327, Re= 582183
                     span pos.    -0.013 m, Cl=  1.45661, Re= 594699
                 ...done surface 1 - OTF failures:
                     span pos.     0.619 m, Cl=  1.62929, Re= 440200
                     span pos.     0.792 m, Cl=  1.62243, Re= 396225
                     span pos.     0.950 m, Cl=  1.56761, Re= 355812
                     span pos.     1.082 m, Cl=  1.43264, Re= 322236

          Error generating the operating point... discarding

     α=14°, β=0°, φ=0°, V∞=20 m/s
       Creating source strengths...
       Calculating doublet strengths...
       Calculating far field forces...
       Calculating on-body pressure coefficients...
       Calculating plane
          Calculating XFoil viscous drag on the fly...
             Processing Main Wing: 2 surfaces
                 ...done surface 0 - OTF failures:
                     span pos.    -0.619 m, Cl=  1.70525, Re= 440200
                     span pos.    -0.446 m, Cl=  1.68168, Re= 484175
                     span pos.    -0.288 m, Cl=  1.64114, Re= 524588
                     span pos.    -0.156 m, Cl=  1.59403, Re= 558164
                     span pos.    -0.062 m, Cl=  1.55084, Re= 582183
                     span pos.    -0.013 m, Cl=  1.52292, Re= 594699
                 ...done surface 1 - OTF failures:
                     span pos.     0.619 m, Cl=  1.70525, Re= 440200
                     span pos.     0.792 m, Cl=  1.69887, Re= 396225
                     span pos.     0.950 m, Cl=  1.64230, Re= 355812
                     span pos.     1.082 m, Cl=  1.50156, Re= 322236

          Error generating the operating point... discarding


Done plane task.

Panel analysis completed ... Errors encountered

_____Plane analyses completed_____



-----Starting boat analyses-----

No xml Boat files to load

Making the analysis pairs (boat, analysis)

Made 0 valid analysis pairs (boat, polar) to run

_____ Boat analyses completed_____


