
flow5 v7.57
03.09.2026  00:11:35
Reading foil .dat files
   added foil: E387
   added foil: NACA 0009

Making foil analysis list
No foil analysis requested


Available foils:
   E387
   NACA 0009



-----Starting plane analyses-----

Adding planes from the .xml files
   added the plane: drone_opt from file drone_mdo_best.xml


Adding the plane analyses from the xml files
   the analysis drone_verify_polar has been added for drone_opt

Making the analysis pairs (plane, analysis)
   added analysis for (drone_opt, drone_verify_polar)
   Made 1 valid analysis pairs (plane, polar) to run

Launching plane analysis: drone_opt / drone_verify_polar
Initializing task

drone_opt
drone_verify_polar

Checking plane and polar data
   ...done

drone_verify_polar
Type 1 - Fixed speed polar

ρ =     1.225 kg/m³
ν =   1.5e-05 m²/s

RFF         = 10
Core radius = 1e-06 m

Using 4 threads

Linear system calculations in floating point double precision

Using S. Nintcheu-Fata's method for off-plane integrals

Initializing the quad analysis
Setting flap positions

Counted 527 elements
Matrix size = 527

Allocating result arrays

Solving the problem... 

   Making the unit RHS vectors...       done in 0.004 s
   Making the influence matrix...       done in 0.002 s
   Adding the wake's contribution...    done in 0.002 s
   LAPACK - LU factorization...         done in 0.001 s
   Back-substituting RHS...             done in 0.000 s
   Making unit panel velocities...      done

   Calculating 10 operating points
     α=-4°, β=0°, φ=0°, V∞=20 m/s
       Creating source strengths...
       Calculating doublet strengths...
       Calculating far field forces...
       Calculating on-body pressure coefficients...
       Calculating plane
          Calculating XFoil viscous drag on the fly...
             Processing Main Wing: 2 surfaces
                 ...done surface 0
                 ...done surface 1
             Processing Elevator: 2 surfaces
                 ...done surface 0 - OTF failures:
                     span pos.    -0.162 m, Cl= -1.61891, Re= 100864
                     span pos.    -0.146 m, Cl= -2.51049, Re= 110130
                     span pos.    -0.118 m, Cl= -2.98160, Re= 126826
                     span pos.    -0.083 m, Cl= -2.97810, Re= 147647
                     span pos.    -0.048 m, Cl= -2.68058, Re= 168467
                     span pos.    -0.020 m, Cl= -2.41231, Re= 185164
                     span pos.    -0.004 m, Cl= -2.26752, Re= 194430
                 ...done surface 1 - OTF failures:
                     span pos.     0.083 m, Cl= -2.97810, Re= 147647
                     span pos.     0.118 m, Cl= -2.98160, Re= 126826
                     span pos.     0.146 m, Cl= -2.51049, Re= 110130
                     span pos.     0.162 m, Cl= -1.61891, Re= 100864

          Error generating the operating point... discarding

     α=-3°, β=0°, φ=0°, V∞=20 m/s
       Creating source strengths...
       Calculating doublet strengths...
       Calculating far field forces...
       Calculating on-body pressure coefficients...
       Calculating plane
          Calculating XFoil viscous drag on the fly...
             Processing Main Wing: 2 surfaces
                 ...done surface 0
                 ...done surface 1
             Processing Elevator: 2 surfaces
                 ...done surface 0 - OTF failures:
                     span pos.    -0.162 m, Cl= -2.99001, Re= 100864
                     span pos.    -0.146 m, Cl= -4.63565, Re= 110130
                     span pos.    -0.118 m, Cl= -5.50931, Re= 126826
                     span pos.    -0.083 m, Cl= -5.51049, Re= 147647
                     span pos.    -0.048 m, Cl= -4.96760, Re= 168467
                     span pos.    -0.020 m, Cl= -4.47562, Re= 185164
                     span pos.    -0.004 m, Cl= -4.20812, Re= 194430
                 ...done surface 1 - OTF failures:
                     span pos.     0.083 m, Cl= -5.51049, Re= 147647
                     span pos.     0.118 m, Cl= -5.50931, Re= 126826
                     span pos.     0.146 m, Cl= -4.63565, Re= 110130
                     span pos.     0.162 m, Cl= -2.99001, Re= 100864

          Error generating the operating point... discarding

     α=-2°, β=0°, φ=0°, V∞=20 m/s
       Creating source strengths...
       Calculating doublet strengths...
       Calculating far field forces...
       Calculating on-body pressure coefficients...
       Calculating plane
          Calculating XFoil viscous drag on the fly...
             Processing Main Wing: 2 surfaces
                 ...done surface 0 - OTF failures:
                     span pos.    -0.199 m, Cl= -0.43788, Re= 232754
                     span pos.    -0.108 m, Cl= -0.65124, Re= 249520
                     span pos.    -0.043 m, Cl= -0.75719, Re= 261515
                     span pos.    -0.009 m, Cl= -0.77014, Re= 267765
                 ...done surface 1 - OTF failures:
                     span pos.     0.009 m, Cl= -0.77014, Re= 267765
                     span pos.     0.043 m, Cl= -0.75719, Re= 261515
                     span pos.     0.108 m, Cl= -0.65124, Re= 249520
                     span pos.     0.199 m, Cl= -0.43788, Re= 232754

          Error generating the operating point... discarding

     α=-1°, β=0°, φ=0°, V∞=20 m/s
       Creating source strengths...
       Calculating doublet strengths...
       Calculating far field forces...
       Calculating on-body pressure coefficients...
       Calculating plane
          Calculating XFoil viscous drag on the fly...
             Processing Main Wing: 2 surfaces
                 ...done surface 0 - OTF failures:
                     span pos.    -0.108 m, Cl= -0.85418, Re= 249520
                     span pos.    -0.043 m, Cl= -0.99372, Re= 261515
                     span pos.    -0.009 m, Cl= -1.01099, Re= 267765
                 ...done surface 1 - OTF failures:
                     span pos.     0.009 m, Cl= -1.01099, Re= 267765
                     span pos.     0.043 m, Cl= -0.99372, Re= 261515
                     span pos.     0.108 m, Cl= -0.85418, Re= 249520
                     span pos.     0.548 m, Cl=  0.04198, Re= 168654

          Error generating the operating point... discarding

     α=0°, β=0°, φ=0°, V∞=20 m/s
       Creating source strengths...
       Calculating doublet strengths...
       Calculating far field forces...
       Calculating on-body pressure coefficients...
       Calculating plane
          Calculating XFoil viscous drag on the fly...
             Processing Main Wing: 2 surfaces
                 ...done surface 0 - OTF failures:
                     span pos.    -0.199 m, Cl= -0.70851, Re= 232754
                     span pos.    -0.108 m, Cl= -1.05648, Re= 249520
                     span pos.    -0.043 m, Cl= -1.22951, Re= 261515
                     span pos.    -0.009 m, Cl= -1.25109, Re= 267765
                 ...done surface 1 - OTF failures:
                     span pos.     0.009 m, Cl= -1.25109, Re= 267765
                     span pos.     0.043 m, Cl= -1.22951, Re= 261515
                     span pos.     0.108 m, Cl= -1.05648, Re= 249520
                     span pos.     0.199 m, Cl= -0.70851, Re= 232754
                     span pos.     0.309 m, Cl= -0.35647, Re= 212573
                     span pos.     0.429 m, Cl= -0.10414, Re= 190613

          Error generating the operating point... discarding

     α=1°, β=0°, φ=0°, V∞=20 m/s
       Creating source strengths...
       Calculating doublet strengths...
       Calculating far field forces...
       Calculating on-body pressure coefficients...
       Calculating plane
          Calculating XFoil viscous drag on the fly...
             Processing Main Wing: 2 surfaces
                 ...done surface 0 - OTF failures:
                     span pos.    -0.199 m, Cl= -0.84302, Re= 232754
                     span pos.    -0.108 m, Cl= -1.25791, Re= 249520
                     span pos.    -0.043 m, Cl= -1.46428, Re= 261515
                     span pos.    -0.009 m, Cl= -1.49015, Re= 267765
                 ...done surface 1 - OTF failures:
                     span pos.     0.009 m, Cl= -1.49015, Re= 267765
                     span pos.     0.043 m, Cl= -1.46428, Re= 261515
                     span pos.     0.108 m, Cl= -1.25791, Re= 249520
                     span pos.     0.199 m, Cl= -0.84302, Re= 232754

          Error generating the operating point... discarding

     α=2°, β=0°, φ=0°, V∞=20 m/s
       Creating source strengths...
       Calculating doublet strengths...
       Calculating far field forces...
       Calculating on-body pressure coefficients...
       Calculating plane
          Calculating XFoil viscous drag on the fly...
             Processing Main Wing: 2 surfaces
                 ...done surface 0 - OTF failures:
                     span pos.    -0.199 m, Cl= -0.97677, Re= 232754
                     span pos.    -0.108 m, Cl= -1.45821, Re= 249520
                     span pos.    -0.043 m, Cl= -1.69774, Re= 261515
                     span pos.    -0.009 m, Cl= -1.72788, Re= 267765
                 ...done surface 1 - OTF failures:
                     span pos.     0.009 m, Cl= -1.72788, Re= 267765
                     span pos.     0.043 m, Cl= -1.69774, Re= 261515
                     span pos.     0.108 m, Cl= -1.45821, Re= 249520
                     span pos.     0.199 m, Cl= -0.97677, Re= 232754
                     span pos.     0.309 m, Cl= -0.48920, Re= 212573
                     span pos.     0.548 m, Cl=  0.08483, Re= 168654

          Error generating the operating point... discarding

     α=3°, β=0°, φ=0°, V∞=20 m/s
       Creating source strengths...
       Calculating doublet strengths...
       Calculating far field forces...
       Calculating on-body pressure coefficients...
       Calculating plane
          Calculating XFoil viscous drag on the fly...
             Processing Main Wing: 2 surfaces
                 ...done surface 0 - OTF failures:
                     span pos.    -0.199 m, Cl= -1.10962, Re= 232754
                     span pos.    -0.108 m, Cl= -1.65714, Re= 249520
                     span pos.    -0.043 m, Cl= -1.92961, Re= 261515
                     span pos.    -0.009 m, Cl= -1.96399, Re= 267765
                 ...done surface 1 - OTF failures:
                     span pos.     0.009 m, Cl= -1.96399, Re= 267765
                     span pos.     0.043 m, Cl= -1.92961, Re= 261515
                     span pos.     0.108 m, Cl= -1.65714, Re= 249520
                     span pos.     0.199 m, Cl= -1.10962, Re= 232754
                     span pos.     0.309 m, Cl= -0.55491, Re= 212573

          Error generating the operating point... discarding

     α=4°, β=0°, φ=0°, V∞=20 m/s
       Creating source strengths...
       Calculating doublet strengths...
       Calculating far field forces...
       Calculating on-body pressure coefficients...
       Calculating plane
          Calculating XFoil viscous drag on the fly...
             Processing Main Wing: 2 surfaces
                 ...done surface 0 - OTF failures:
                     span pos.    -0.199 m, Cl= -1.24138, Re= 232754
                     span pos.    -0.108 m, Cl= -1.85447, Re= 249520
                     span pos.    -0.043 m, Cl= -2.15961, Re= 261515
                     span pos.    -0.009 m, Cl= -2.19818, Re= 267765
                 ...done surface 1 - OTF failures:
                     span pos.     0.009 m, Cl= -2.19818, Re= 267765
                     span pos.     0.043 m, Cl= -2.15961, Re= 261515
                     span pos.     0.108 m, Cl= -1.85447, Re= 249520
                     span pos.     0.199 m, Cl= -1.24138, Re= 232754
                     span pos.     0.309 m, Cl= -0.62009, Re= 212573

          Error generating the operating point... discarding

     α=5°, β=0°, φ=0°, V∞=20 m/s
       Creating source strengths...
       Calculating doublet strengths...
       Calculating far field forces...
       Calculating on-body pressure coefficients...
       Calculating plane
          Calculating XFoil viscous drag on the fly...
             Processing Main Wing: 2 surfaces
                 ...done surface 0 - OTF failures:
                     span pos.    -0.309 m, Cl= -0.68466, Re= 212573
                     span pos.    -0.199 m, Cl= -1.37191, Re= 232754
                     span pos.    -0.108 m, Cl= -2.04994, Re= 249520
                     span pos.    -0.043 m, Cl= -2.38745, Re= 261515
                     span pos.    -0.009 m, Cl= -2.43019, Re= 267765
                 ...done surface 1 - OTF failures:
                     span pos.     0.009 m, Cl= -2.43019, Re= 267765
                     span pos.     0.043 m, Cl= -2.38745, Re= 261515
                     span pos.     0.108 m, Cl= -2.04994, Re= 249520
                     span pos.     0.199 m, Cl= -1.37191, Re= 232754
                     span pos.     0.309 m, Cl= -0.68466, Re= 212573
                     span pos.     0.429 m, Cl= -0.18995, Re= 190613
                     span pos.     0.849 m, Cl=  0.25877, Re= 113462

          Error generating the operating point... discarding


Panel analysis completed ... Errors encountered

_____Plane analyses completed_____



-----Starting boat analyses-----

No xml Boat files to load

Making the analysis pairs (boat, analysis)

Made 0 valid analysis pairs (boat, polar) to run

_____ Boat analyses completed_____


