
flow5 v7.57
01.09.2026  16:10:09
Reading foil .dat files
   added foil: E387
   added foil: NACA 0009

Making foil analysis list
No foil analysis requested


Available foils:
   E387
   NACA 0009



-----Starting plane analyses-----

Adding planes from the .xml files
   added the plane: drone_opt from file drone_plane.xml


Adding the plane analyses from the xml files
   the analysis drone_polar has been added for drone_opt

Making the analysis pairs (plane, analysis)
   added analysis for (drone_opt, drone_polar)
   Made 1 valid analysis pairs (plane, polar) to run

Launching plane analysis: drone_opt / drone_polar
Initializing task

drone_opt
drone_polar

Checking plane and polar data
   ...done

drone_polar
Type 1 - Fixed speed polar

ρ =     1.225 kg/m³
ν =   1.5e-05 m²/s

RFF         = 10
Core radius = 1e-06 m

Using 4 threads

Linear system calculations in floating point double precision

Using S. Nintcheu-Fata's method for off-plane integrals

Initializing the triangle analysis
Checking element sizes
   ...done

Setting flap positions

Connecting triangular panels...   done in 0.002 s
Counted 498 elements
Matrix size = 498

Allocating result arrays

Solving the problem... 

   Making the unit RHS vectors...       done in 0.000 s
   Making the influence matrix...       done in 0.024 s
   Adding the wake's contribution...    done in 0.001 s
   LAPACK - LU factorization...         done in 0.001 s
   Back-substituting RHS...             done in 0.000 s
   Making unit panel velocities...      done

   Calculating 20 operating points
     α=-5°, β=0°, φ=0°, V∞=20 m/s
       Creating source strengths...
       Calculating doublet strengths...
       Calculating far field forces...
       Calculating on-body pressure coefficients...
       Calculating plane
          Calculating XFoil viscous drag on the fly...
             Processing Main Wing: 2 surfaces
                 ...done surface 0
                 ...done surface 1
             Processing Elevator: 2 surfaces
                 ...done surface 0
                 ...done surface 1
             Processing Fin: 1 surfaces
                 ...done surface 0
             ...done.
          Skipping derivatives and eigenthings
          Done operating point

     α=-4°, β=0°, φ=0°, V∞=20 m/s
       Creating source strengths...
       Calculating doublet strengths...
       Calculating far field forces...
       Calculating on-body pressure coefficients...
       Calculating plane
          Calculating XFoil viscous drag on the fly...
             Processing Main Wing: 2 surfaces
                 ...done surface 1
                 ...done surface 0
             Processing Elevator: 2 surfaces
                 ...done surface 1
                 ...done surface 0
             Processing Fin: 1 surfaces
                 ...done surface 0
             ...done.
          Skipping derivatives and eigenthings
          Done operating point

     α=-3°, β=0°, φ=0°, V∞=20 m/s
       Creating source strengths...
       Calculating doublet strengths...
       Calculating far field forces...
       Calculating on-body pressure coefficients...
       Calculating plane
          Calculating XFoil viscous drag on the fly...
             Processing Main Wing: 2 surfaces
                 ...done surface 1
                 ...done surface 0
             Processing Elevator: 2 surfaces
                 ...done surface 0
                 ...done surface 1
             Processing Fin: 1 surfaces
                 ...done surface 0
             ...done.
          Skipping derivatives and eigenthings
          Done operating point

     α=-2°, β=0°, φ=0°, V∞=20 m/s
       Creating source strengths...
       Calculating doublet strengths...
       Calculating far field forces...
       Calculating on-body pressure coefficients...
       Calculating plane
          Calculating XFoil viscous drag on the fly...
             Processing Main Wing: 2 surfaces
                 ...done surface 0
                 ...done surface 1
             Processing Elevator: 2 surfaces
                 ...done surface 0
                 ...done surface 1
             Processing Fin: 1 surfaces
                 ...done surface 0
             ...done.
          Skipping derivatives and eigenthings
          Done operating point

     α=-1°, β=0°, φ=0°, V∞=20 m/s
       Creating source strengths...
       Calculating doublet strengths...
       Calculating far field forces...
       Calculating on-body pressure coefficients...
       Calculating plane
          Calculating XFoil viscous drag on the fly...
             Processing Main Wing: 2 surfaces
                 ...done surface 0
                 ...done surface 1
             Processing Elevator: 2 surfaces
                 ...done surface 0
                 ...done surface 1
             Processing Fin: 1 surfaces
                 ...done surface 0
             ...done.
          Skipping derivatives and eigenthings
          Done operating point

     α=0°, β=0°, φ=0°, V∞=20 m/s
       Creating source strengths...
       Calculating doublet strengths...
       Calculating far field forces...
       Calculating on-body pressure coefficients...
       Calculating plane
          Calculating XFoil viscous drag on the fly...
             Processing Main Wing: 2 surfaces
                 ...done surface 1
                 ...done surface 0
             Processing Elevator: 2 surfaces
                 ...done surface 1
                 ...done surface 0
             Processing Fin: 1 surfaces
                 ...done surface 0
             ...done.
          Skipping derivatives and eigenthings
          Done operating point

     α=1°, β=0°, φ=0°, V∞=20 m/s
       Creating source strengths...
       Calculating doublet strengths...
       Calculating far field forces...
       Calculating on-body pressure coefficients...
       Calculating plane
          Calculating XFoil viscous drag on the fly...
             Processing Main Wing: 2 surfaces
                 ...done surface 0
                 ...done surface 1
             Processing Elevator: 2 surfaces
                 ...done surface 1
                 ...done surface 0
             Processing Fin: 1 surfaces
                 ...done surface 0
             ...done.
          Skipping derivatives and eigenthings
          Done operating point

     α=2°, β=0°, φ=0°, V∞=20 m/s
       Creating source strengths...
       Calculating doublet strengths...
       Calculating far field forces...
       Calculating on-body pressure coefficients...
       Calculating plane
          Calculating XFoil viscous drag on the fly...
             Processing Main Wing: 2 surfaces
                 ...done surface 0
                 ...done surface 1
             Processing Elevator: 2 surfaces
                 ...done surface 1
                 ...done surface 0
             Processing Fin: 1 surfaces
                 ...done surface 0
             ...done.
          Skipping derivatives and eigenthings
          Done operating point

     α=3°, β=0°, φ=0°, V∞=20 m/s
       Creating source strengths...
       Calculating doublet strengths...
       Calculating far field forces...
       Calculating on-body pressure coefficients...
       Calculating plane
          Calculating XFoil viscous drag on the fly...
             Processing Main Wing: 2 surfaces
                 ...done surface 0
                 ...done surface 1
             Processing Elevator: 2 surfaces
                 ...done surface 1
                 ...done surface 0
             Processing Fin: 1 surfaces
                 ...done surface 0
             ...done.
          Skipping derivatives and eigenthings
          Done operating point

     α=4°, β=0°, φ=0°, V∞=20 m/s
       Creating source strengths...
       Calculating doublet strengths...
       Calculating far field forces...
       Calculating on-body pressure coefficients...
       Calculating plane
          Calculating XFoil viscous drag on the fly...
             Processing Main Wing: 2 surfaces
                 ...done surface 0
                 ...done surface 1
             Processing Elevator: 2 surfaces
                 ...done surface 0
                 ...done surface 1
             Processing Fin: 1 surfaces
                 ...done surface 0
             ...done.
          Skipping derivatives and eigenthings
          Done operating point

     α=5°, β=0°, φ=0°, V∞=20 m/s
       Creating source strengths...
       Calculating doublet strengths...
       Calculating far field forces...
       Calculating on-body pressure coefficients...
       Calculating plane
          Calculating XFoil viscous drag on the fly...
             Processing Main Wing: 2 surfaces
                 ...done surface 0
                 ...done surface 1
             Processing Elevator: 2 surfaces
                 ...done surface 0
                 ...done surface 1
             Processing Fin: 1 surfaces
                 ...done surface 0
             ...done.
          Skipping derivatives and eigenthings
          Done operating point

     α=6°, β=0°, φ=0°, V∞=20 m/s
       Creating source strengths...
       Calculating doublet strengths...
       Calculating far field forces...
       Calculating on-body pressure coefficients...
       Calculating plane
          Calculating XFoil viscous drag on the fly...
             Processing Main Wing: 2 surfaces
                 ...done surface 0
                 ...done surface 1
             Processing Elevator: 2 surfaces
                 ...done surface 1
                 ...done surface 0
             Processing Fin: 1 surfaces
                 ...done surface 0
             ...done.
          Skipping derivatives and eigenthings
          Done operating point

     α=7°, β=0°, φ=0°, V∞=20 m/s
       Creating source strengths...
       Calculating doublet strengths...
       Calculating far field forces...
       Calculating on-body pressure coefficients...
       Calculating plane
          Calculating XFoil viscous drag on the fly...
             Processing Main Wing: 2 surfaces
                 ...done surface 1
                 ...done surface 0
             Processing Elevator: 2 surfaces
                 ...done surface 0
                 ...done surface 1
             Processing Fin: 1 surfaces
                 ...done surface 0
             ...done.
          Skipping derivatives and eigenthings
          Done operating point

     α=8°, β=0°, φ=0°, V∞=20 m/s
       Creating source strengths...
       Calculating doublet strengths...
       Calculating far field forces...
       Calculating on-body pressure coefficients...
       Calculating plane
          Calculating XFoil viscous drag on the fly...
             Processing Main Wing: 2 surfaces
                 ...done surface 0 - OTF failures:
                     span pos.    -0.914 m, Cl=  1.31201, Re= 331771
                     span pos.    -0.715 m, Cl=  1.30493, Re= 381227
                     span pos.    -0.515 m, Cl=  1.27904, Re= 430682
                     span pos.    -0.180 m, Cl=  1.20179, Re= 513892
                 ...done surface 1 - OTF failures:
                     span pos.     0.914 m, Cl=  1.31201, Re= 331771
                     span pos.     1.097 m, Cl=  1.28771, Re= 286322

          Error generating the operating point... discarding

     α=9°, β=0°, φ=0°, V∞=20 m/s
       Creating source strengths...
       Calculating doublet strengths...
       Calculating far field forces...
       Calculating on-body pressure coefficients...
       Calculating plane
          Calculating XFoil viscous drag on the fly...
             Processing Main Wing: 2 surfaces
                 ...done surface 0 - OTF failures:
                     span pos.    -0.914 m, Cl=  1.40361, Re= 331771
                     span pos.    -0.715 m, Cl=  1.39476, Re= 381227
                     span pos.    -0.515 m, Cl=  1.36618, Re= 430682
                     span pos.    -0.332 m, Cl=  1.32638, Re= 476132
                     span pos.    -0.180 m, Cl=  1.28261, Re= 513892
                     span pos.    -0.071 m, Cl=  1.24277, Re= 540905
                 ...done surface 1 - OTF failures:
                     span pos.     0.914 m, Cl=  1.40361, Re= 331771
                     span pos.     1.097 m, Cl=  1.37919, Re= 286322
                     span pos.     1.250 m, Cl=  1.29501, Re= 248561

          Error generating the operating point... discarding

     α=10°, β=0°, φ=0°, V∞=20 m/s
       Creating source strengths...
       Calculating doublet strengths...
       Calculating far field forces...
       Calculating on-body pressure coefficients...
       Calculating plane
          Calculating XFoil viscous drag on the fly...
             Processing Main Wing: 2 surfaces
                 ...done surface 0 - OTF failures:
                     span pos.    -0.914 m, Cl=  1.49365, Re= 331771
                     span pos.    -0.715 m, Cl=  1.48305, Re= 381227
                     span pos.    -0.515 m, Cl=  1.45181, Re= 430682
                     span pos.    -0.332 m, Cl=  1.40893, Re= 476132
                     span pos.    -0.180 m, Cl=  1.36203, Re= 513892
                     span pos.    -0.071 m, Cl=  1.31948, Re= 540905
                     span pos.    -0.014 m, Cl=  1.29159, Re= 554981
                 ...done surface 1 - OTF failures:
                     span pos.     0.914 m, Cl=  1.49365, Re= 331771
                     span pos.     1.097 m, Cl=  1.46913, Re= 286322
                     span pos.     1.250 m, Cl=  1.38090, Re= 248561

          Error generating the operating point... discarding

     α=11°, β=0°, φ=0°, V∞=20 m/s
       Creating source strengths...
       Calculating doublet strengths...
       Calculating far field forces...
       Calculating on-body pressure coefficients...
       Calculating plane
          Calculating XFoil viscous drag on the fly...
             Processing Main Wing: 2 surfaces
                 ...done surface 0 - OTF failures:
                     span pos.    -0.914 m, Cl=  1.58202, Re= 331771
                     span pos.    -0.715 m, Cl=  1.56969, Re= 381227
                     span pos.    -0.515 m, Cl=  1.53584, Re= 430682
                     span pos.    -0.332 m, Cl=  1.48992, Re= 476132
                     span pos.    -0.180 m, Cl=  1.43994, Re= 513892
                     span pos.    -0.071 m, Cl=  1.39473, Re= 540905
                     span pos.    -0.014 m, Cl=  1.36518, Re= 554981
                 ...done surface 1 - OTF failures:
                     span pos.     0.914 m, Cl=  1.58202, Re= 331771
                     span pos.     1.097 m, Cl=  1.55741, Re= 286322
                     span pos.     1.250 m, Cl=  1.46523, Re= 248561

          Error generating the operating point... discarding

     α=12°, β=0°, φ=0°, V∞=20 m/s
       Creating source strengths...
       Calculating doublet strengths...
       Calculating far field forces...
       Calculating on-body pressure coefficients...
       Calculating plane
          Calculating XFoil viscous drag on the fly...
             Processing Main Wing: 2 surfaces
                 ...done surface 0 - OTF failures:
                     span pos.    -0.914 m, Cl=  1.66861, Re= 331771
                     span pos.    -0.715 m, Cl=  1.65458, Re= 381227
                     span pos.    -0.515 m, Cl=  1.61816, Re= 430682
                     span pos.    -0.332 m, Cl=  1.56926, Re= 476132
                     span pos.    -0.180 m, Cl=  1.51626, Re= 513892
                     span pos.    -0.071 m, Cl=  1.46844, Re= 540905
                     span pos.    -0.014 m, Cl=  1.43726, Re= 554981
                 ...done surface 1 - OTF failures:
                     span pos.     0.914 m, Cl=  1.66861, Re= 331771
                     span pos.     1.097 m, Cl=  1.64394, Re= 286322
                     span pos.     1.250 m, Cl=  1.54790, Re= 248561
                     span pos.     1.358 m, Cl=  1.31835, Re= 221548

          Error generating the operating point... discarding

     α=13°, β=0°, φ=0°, V∞=20 m/s
       Creating source strengths...
       Calculating doublet strengths...
       Calculating far field forces...
       Calculating on-body pressure coefficients...
       Calculating plane
          Calculating XFoil viscous drag on the fly...
             Processing Main Wing: 2 surfaces
                 ...done surface 0 - OTF failures:
                     span pos.    -0.914 m, Cl=  1.75332, Re= 331771
                     span pos.    -0.715 m, Cl=  1.73761, Re= 381227
                     span pos.    -0.515 m, Cl=  1.69867, Re= 430682
                     span pos.    -0.332 m, Cl=  1.64685, Re= 476132
                     span pos.    -0.180 m, Cl=  1.59089, Re= 513892
                     span pos.    -0.071 m, Cl=  1.54051, Re= 540905
                     span pos.    -0.014 m, Cl=  1.50775, Re= 554981
                 ...done surface 1 - OTF failures:
                     span pos.     0.914 m, Cl=  1.75332, Re= 331771
                     span pos.     1.097 m, Cl=  1.72860, Re= 286322
                     span pos.     1.250 m, Cl=  1.62880, Re= 248561
                     span pos.     1.358 m, Cl=  1.38793, Re= 221548

          Error generating the operating point... discarding

     α=14°, β=0°, φ=0°, V∞=20 m/s
       Creating source strengths...
       Calculating doublet strengths...
       Calculating far field forces...
       Calculating on-body pressure coefficients...
       Calculating plane
          Calculating XFoil viscous drag on the fly...
             Processing Main Wing: 2 surfaces
                 ...done surface 0 - OTF failures:
                     span pos.    -0.914 m, Cl=  1.83605, Re= 331771
                     span pos.    -0.715 m, Cl=  1.81869, Re= 381227
                     span pos.    -0.515 m, Cl=  1.77727, Re= 430682
                     span pos.    -0.332 m, Cl=  1.72260, Re= 476132
                     span pos.    -0.180 m, Cl=  1.66374, Re= 513892
                     span pos.    -0.071 m, Cl=  1.61087, Re= 540905
                     span pos.    -0.014 m, Cl=  1.57656, Re= 554981
                 ...done surface 1 - OTF failures:
                     span pos.     0.914 m, Cl=  1.83605, Re= 331771
                     span pos.     1.097 m, Cl=  1.81129, Re= 286322
                     span pos.     1.250 m, Cl=  1.70783, Re= 248561
                     span pos.     1.358 m, Cl=  1.45591, Re= 221548

          Error generating the operating point... discarding


Done plane task.

Panel analysis completed ... Errors encountered

_____Plane analyses completed_____



-----Starting boat analyses-----

No xml Boat files to load

Making the analysis pairs (boat, analysis)

Made 0 valid analysis pairs (boat, polar) to run

_____ Boat analyses completed_____


