
flow5 v7.57
27.08.2026  22:36:23
Reading foil .dat files
   added foil: E387
   added foil: NACA 0009

Making foil analysis list
No foil analysis requested


Available foils:
   E387
   NACA 0009



-----Starting plane analyses-----

Adding planes from the .xml files
   added the plane: drone_opt from file drone_plane.xml


Adding the plane analyses from the xml files
   the analysis drone_polar has been added for drone_opt

Making the analysis pairs (plane, analysis)
   added analysis for (drone_opt, drone_polar)
   Made 1 valid analysis pairs (plane, polar) to run

Launching plane analysis: drone_opt / drone_polar
Initializing task

drone_opt
drone_polar

Checking plane and polar data
   ...done

drone_polar
Type 1 - Fixed speed polar

ρ =     1.225 kg/m³
ν =   1.5e-05 m²/s

RFF         = 10
Core radius = 1e-06 m

Using 4 threads

Linear system calculations in floating point double precision

Using S. Nintcheu-Fata's method for off-plane integrals

Initializing the triangle analysis
Checking element sizes
   ...done

Setting flap positions

Connecting triangular panels...   done in 0.002 s
Counted 498 elements
Matrix size = 498

Allocating result arrays

Solving the problem... 

   Making the unit RHS vectors...       done in 0.000 s
   Making the influence matrix...       done in 0.036 s
   Adding the wake's contribution...    done in 0.002 s
   LAPACK - LU factorization...         done in 0.001 s
   Back-substituting RHS...             done in 0.000 s
   Making unit panel velocities...      done

   Calculating 20 operating points
     α=-5°, β=0°, φ=0°, V∞=20 m/s
       Creating source strengths...
       Calculating doublet strengths...
       Calculating far field forces...
       Calculating on-body pressure coefficients...
       Calculating plane
          Calculating XFoil viscous drag on the fly...
             Processing Main Wing: 2 surfaces
                 ...done surface 0
                 ...done surface 1 - OTF failures:
                     span pos.     0.775 m, Cl= -0.00753, Re= 112537

          Error generating the operating point... discarding

     α=-4°, β=0°, φ=0°, V∞=20 m/s
       Creating source strengths...
       Calculating doublet strengths...
       Calculating far field forces...
       Calculating on-body pressure coefficients...
       Calculating plane
          Calculating XFoil viscous drag on the fly...
             Processing Main Wing: 2 surfaces
                 ...done surface 0
                 ...done surface 1
             Processing Elevator: 2 surfaces
                 ...done surface 0
                 ...done surface 1
             Processing Fin: 1 surfaces
                 ...done surface 0
             ...done.
          Skipping derivatives and eigenthings
          Done operating point

     α=-3°, β=0°, φ=0°, V∞=20 m/s
       Creating source strengths...
       Calculating doublet strengths...
       Calculating far field forces...
       Calculating on-body pressure coefficients...
       Calculating plane
          Calculating XFoil viscous drag on the fly...
             Processing Main Wing: 2 surfaces
                 ...done surface 0
                 ...done surface 1
             Processing Elevator: 2 surfaces
                 ...done surface 1
                 ...done surface 0
             Processing Fin: 1 surfaces
                 ...done surface 0
             ...done.
          Skipping derivatives and eigenthings
          Done operating point

     α=-2°, β=0°, φ=0°, V∞=20 m/s
       Creating source strengths...
       Calculating doublet strengths...
       Calculating far field forces...
       Calculating on-body pressure coefficients...
       Calculating plane
          Calculating XFoil viscous drag on the fly...
             Processing Main Wing: 2 surfaces
                 ...done surface 1
                 ...done surface 0
             Processing Elevator: 2 surfaces
                 ...done surface 0
                 ...done surface 1
             Processing Fin: 1 surfaces
                 ...done surface 0
             ...done.
          Skipping derivatives and eigenthings
          Done operating point

     α=-1°, β=0°, φ=0°, V∞=20 m/s
       Creating source strengths...
       Calculating doublet strengths...
       Calculating far field forces...
       Calculating on-body pressure coefficients...
       Calculating plane
          Calculating XFoil viscous drag on the fly...
             Processing Main Wing: 2 surfaces
                 ...done surface 0
                 ...done surface 1
             Processing Elevator: 2 surfaces
                 ...done surface 0
                 ...done surface 1
             Processing Fin: 1 surfaces
                 ...done surface 0
             ...done.
          Skipping derivatives and eigenthings
          Done operating point

     α=0°, β=0°, φ=0°, V∞=20 m/s
       Creating source strengths...
       Calculating doublet strengths...
       Calculating far field forces...
       Calculating on-body pressure coefficients...
       Calculating plane
          Calculating XFoil viscous drag on the fly...
             Processing Main Wing: 2 surfaces
                 ...done surface 0
                 ...done surface 1
             Processing Elevator: 2 surfaces
                 ...done surface 0
                 ...done surface 1
             Processing Fin: 1 surfaces
                 ...done surface 0
             ...done.
          Skipping derivatives and eigenthings
          Done operating point

     α=1°, β=0°, φ=0°, V∞=20 m/s
       Creating source strengths...
       Calculating doublet strengths...
       Calculating far field forces...
       Calculating on-body pressure coefficients...
       Calculating plane
          Calculating XFoil viscous drag on the fly...
             Processing Main Wing: 2 surfaces
                 ...done surface 0
                 ...done surface 1
             Processing Elevator: 2 surfaces
                 ...done surface 0
                 ...done surface 1
             Processing Fin: 1 surfaces
                 ...done surface 0
             ...done.
          Skipping derivatives and eigenthings
          Done operating point

     α=2°, β=0°, φ=0°, V∞=20 m/s
       Creating source strengths...
       Calculating doublet strengths...
       Calculating far field forces...
       Calculating on-body pressure coefficients...
       Calculating plane
          Calculating XFoil viscous drag on the fly...
             Processing Main Wing: 2 surfaces
                 ...done surface 0
                 ...done surface 1
             Processing Elevator: 2 surfaces
                 ...done surface 0
                 ...done surface 1
             Processing Fin: 1 surfaces
                 ...done surface 0
             ...done.
          Skipping derivatives and eigenthings
          Done operating point

     α=3°, β=0°, φ=0°, V∞=20 m/s
       Creating source strengths...
       Calculating doublet strengths...
       Calculating far field forces...
       Calculating on-body pressure coefficients...
       Calculating plane
          Calculating XFoil viscous drag on the fly...
             Processing Main Wing: 2 surfaces
                 ...done surface 0
                 ...done surface 1
             Processing Elevator: 2 surfaces
                 ...done surface 0
                 ...done surface 1
             Processing Fin: 1 surfaces
                 ...done surface 0
             ...done.
          Skipping derivatives and eigenthings
          Done operating point

     α=4°, β=0°, φ=0°, V∞=20 m/s
       Creating source strengths...
       Calculating doublet strengths...
       Calculating far field forces...
       Calculating on-body pressure coefficients...
       Calculating plane
          Calculating XFoil viscous drag on the fly...
             Processing Main Wing: 2 surfaces
                 ...done surface 0
                 ...done surface 1
             Processing Elevator: 2 surfaces
                 ...done surface 0
                 ...done surface 1
             Processing Fin: 1 surfaces
                 ...done surface 0
             ...done.
          Skipping derivatives and eigenthings
          Done operating point

     α=5°, β=0°, φ=0°, V∞=20 m/s
       Creating source strengths...
       Calculating doublet strengths...
       Calculating far field forces...
       Calculating on-body pressure coefficients...
       Calculating plane
          Calculating XFoil viscous drag on the fly...
             Processing Main Wing: 2 surfaces
                 ...done surface 0
                 ...done surface 1
             Processing Elevator: 2 surfaces
                 ...done surface 0
                 ...done surface 1
             Processing Fin: 1 surfaces
                 ...done surface 0
             ...done.
          Skipping derivatives and eigenthings
          Done operating point

     α=6°, β=0°, φ=0°, V∞=20 m/s
       Creating source strengths...
       Calculating doublet strengths...
       Calculating far field forces...
       Calculating on-body pressure coefficients...
       Calculating plane
          Calculating XFoil viscous drag on the fly...
             Processing Main Wing: 2 surfaces
                 ...done surface 0
                 ...done surface 1
             Processing Elevator: 2 surfaces
                 ...done surface 1
                 ...done surface 0
             Processing Fin: 1 surfaces
                 ...done surface 0
             ...done.
          Skipping derivatives and eigenthings
          Done operating point

     α=7°, β=0°, φ=0°, V∞=20 m/s
       Creating source strengths...
       Calculating doublet strengths...
       Calculating far field forces...
       Calculating on-body pressure coefficients...
       Calculating plane
          Calculating XFoil viscous drag on the fly...
             Processing Main Wing: 2 surfaces
                 ...done surface 1
                 ...done surface 0
             Processing Elevator: 2 surfaces
                 ...done surface 0
                 ...done surface 1
             Processing Fin: 1 surfaces
                 ...done surface 0
             ...done.
          Skipping derivatives and eigenthings
          Done operating point

     α=8°, β=0°, φ=0°, V∞=20 m/s
       Creating source strengths...
       Calculating doublet strengths...
       Calculating far field forces...
       Calculating on-body pressure coefficients...
       Calculating plane
          Calculating XFoil viscous drag on the fly...
             Processing Main Wing: 2 surfaces
                 ...done surface 0 - OTF failures:
                     span pos.    -0.501 m, Cl=  1.32029, Re= 181405
                     span pos.    -0.392 m, Cl=  1.31031, Re= 208807
                     span pos.    -0.282 m, Cl=  1.28217, Re= 236208
                 ...done surface 1 - OTF failures:
                     span pos.     0.501 m, Cl=  1.32029, Re= 181405
                     span pos.     0.601 m, Cl=  1.29930, Re= 156224

          Error generating the operating point... discarding

     α=9°, β=0°, φ=0°, V∞=20 m/s
       Creating source strengths...
       Calculating doublet strengths...
       Calculating far field forces...
       Calculating on-body pressure coefficients...
       Calculating plane
          Calculating XFoil viscous drag on the fly...
             Processing Main Wing: 2 surfaces
                 ...done surface 0 - OTF failures:
                     span pos.    -0.501 m, Cl=  1.41193, Re= 181405
                     span pos.    -0.392 m, Cl=  1.40013, Re= 208807
                     span pos.    -0.282 m, Cl=  1.36925, Re= 236208
                     span pos.    -0.182 m, Cl=  1.32780, Re= 261389
                     span pos.    -0.099 m, Cl=  1.28294, Re= 282311
                 ...done surface 1 - OTF failures:
                     span pos.     0.501 m, Cl=  1.41193, Re= 181405
                     span pos.     0.601 m, Cl=  1.39090, Re= 156224
                     span pos.     0.684 m, Cl=  1.30986, Re= 135303

          Error generating the operating point... discarding

     α=10°, β=0°, φ=0°, V∞=20 m/s
       Creating source strengths...
       Calculating doublet strengths...
       Calculating far field forces...
       Calculating on-body pressure coefficients...
       Calculating plane
          Calculating XFoil viscous drag on the fly...
             Processing Main Wing: 2 surfaces
                 ...done surface 0 - OTF failures:
                     span pos.    -0.501 m, Cl=  1.50201, Re= 181405
                     span pos.    -0.392 m, Cl=  1.48841, Re= 208807
                     span pos.    -0.282 m, Cl=  1.45483, Re= 236208
                     span pos.    -0.182 m, Cl=  1.41025, Re= 261389
                     span pos.    -0.099 m, Cl=  1.36223, Re= 282311
                     span pos.    -0.039 m, Cl=  1.31906, Re= 297277
                     span pos.    -0.008 m, Cl=  1.29090, Re= 305077
                 ...done surface 1 - OTF failures:
                     span pos.     0.501 m, Cl=  1.50201, Re= 181405
                     span pos.     0.601 m, Cl=  1.48095, Re= 156224
                     span pos.     0.684 m, Cl=  1.39595, Re= 135303

          Error generating the operating point... discarding

     α=11°, β=0°, φ=0°, V∞=20 m/s
       Creating source strengths...
       Calculating doublet strengths...
       Calculating far field forces...
       Calculating on-body pressure coefficients...
       Calculating plane
          Calculating XFoil viscous drag on the fly...
             Processing Main Wing: 2 surfaces
                 ...done surface 0 - OTF failures:
                     span pos.    -0.501 m, Cl=  1.59042, Re= 181405
                     span pos.    -0.392 m, Cl=  1.57504, Re= 208807
                     span pos.    -0.282 m, Cl=  1.53880, Re= 236208
                     span pos.    -0.182 m, Cl=  1.49116, Re= 261389
                     span pos.    -0.099 m, Cl=  1.44003, Re= 282311
                     span pos.    -0.039 m, Cl=  1.39417, Re= 297277
                     span pos.    -0.008 m, Cl=  1.36435, Re= 305077
                 ...done surface 1 - OTF failures:
                     span pos.     0.501 m, Cl=  1.59042, Re= 181405
                     span pos.     0.601 m, Cl=  1.56934, Re= 156224
                     span pos.     0.684 m, Cl=  1.48048, Re= 135303
                     span pos.     0.744 m, Cl=  1.26372, Re= 120336

          Error generating the operating point... discarding

     α=12°, β=0°, φ=0°, V∞=20 m/s
       Creating source strengths...
       Calculating doublet strengths...
       Calculating far field forces...
       Calculating on-body pressure coefficients...
       Calculating plane
          Calculating XFoil viscous drag on the fly...
             Processing Main Wing: 2 surfaces
                 ...done surface 0 - OTF failures:
                     span pos.    -0.501 m, Cl=  1.67704, Re= 181405
                     span pos.    -0.392 m, Cl=  1.65991, Re= 208807
                     span pos.    -0.282 m, Cl=  1.62106, Re= 236208
                     span pos.    -0.182 m, Cl=  1.57041, Re= 261389
                     span pos.    -0.099 m, Cl=  1.51623, Re= 282311
                     span pos.    -0.039 m, Cl=  1.46774, Re= 297277
                     span pos.    -0.008 m, Cl=  1.43629, Re= 305077
                 ...done surface 1 - OTF failures:
                     span pos.     0.501 m, Cl=  1.67704, Re= 181405
                     span pos.     0.601 m, Cl=  1.65596, Re= 156224
                     span pos.     0.684 m, Cl=  1.56332, Re= 135303
                     span pos.     0.744 m, Cl=  1.33507, Re= 120336

          Error generating the operating point... discarding

     α=13°, β=0°, φ=0°, V∞=20 m/s
       Creating source strengths...
       Calculating doublet strengths...
       Calculating far field forces...
       Calculating on-body pressure coefficients...
       Calculating plane
          Calculating XFoil viscous drag on the fly...
             Processing Main Wing: 2 surfaces
                 ...done surface 0 - OTF failures:
                     span pos.    -0.501 m, Cl=  1.76178, Re= 181405
                     span pos.    -0.392 m, Cl=  1.74292, Re= 208807
                     span pos.    -0.282 m, Cl=  1.70151, Re= 236208
                     span pos.    -0.182 m, Cl=  1.64790, Re= 261389
                     span pos.    -0.099 m, Cl=  1.59075, Re= 282311
                     span pos.    -0.039 m, Cl=  1.53968, Re= 297277
                     span pos.    -0.008 m, Cl=  1.50663, Re= 305077
                 ...done surface 1 - OTF failures:
                     span pos.     0.501 m, Cl=  1.76178, Re= 181405
                     span pos.     0.601 m, Cl=  1.74071, Re= 156224
                     span pos.     0.684 m, Cl=  1.64439, Re= 135303
                     span pos.     0.744 m, Cl=  1.40489, Re= 120336

          Error generating the operating point... discarding

     α=14°, β=0°, φ=0°, V∞=20 m/s
       Creating source strengths...
       Calculating doublet strengths...
       Calculating far field forces...
       Calculating on-body pressure coefficients...
       Calculating plane
          Calculating XFoil viscous drag on the fly...
             Processing Main Wing: 2 surfaces
                 ...done surface 0 - OTF failures:
                     span pos.    -0.501 m, Cl=  1.84453, Re= 181405
                     span pos.    -0.392 m, Cl=  1.82397, Re= 208807
                     span pos.    -0.282 m, Cl=  1.78005, Re= 236208
                     span pos.    -0.182 m, Cl=  1.72356, Re= 261389
                     span pos.    -0.099 m, Cl=  1.66348, Re= 282311
                     span pos.    -0.039 m, Cl=  1.60991, Re= 297277
                     span pos.    -0.008 m, Cl=  1.57529, Re= 305077
                 ...done surface 1 - OTF failures:
                     span pos.     0.501 m, Cl=  1.84453, Re= 181405
                     span pos.     0.601 m, Cl=  1.82349, Re= 156224
                     span pos.     0.684 m, Cl=  1.72358, Re= 135303
                     span pos.     0.744 m, Cl=  1.47311, Re= 120336

          Error generating the operating point... discarding


Done plane task.

Panel analysis completed ... Errors encountered

_____Plane analyses completed_____



-----Starting boat analyses-----

No xml Boat files to load

Making the analysis pairs (boat, analysis)

Made 0 valid analysis pairs (boat, polar) to run

_____ Boat analyses completed_____


