
flow5 v7.57
27.08.2026  23:09:55
Reading foil .dat files
   added foil: E387
   added foil: NACA 0009

Making foil analysis list
No foil analysis requested


Available foils:
   E387
   NACA 0009



-----Starting plane analyses-----

Adding planes from the .xml files
   added the plane: drone_opt from file drone_plane.xml


Adding the plane analyses from the xml files
   the analysis drone_polar has been added for drone_opt

Making the analysis pairs (plane, analysis)
   added analysis for (drone_opt, drone_polar)
   Made 1 valid analysis pairs (plane, polar) to run

Launching plane analysis: drone_opt / drone_polar
Initializing task

drone_opt
drone_polar

Checking plane and polar data
   ...done

drone_polar
Type 1 - Fixed speed polar

ρ =     1.225 kg/m³
ν =   1.5e-05 m²/s

RFF         = 10
Core radius = 1e-06 m

Using 4 threads

Linear system calculations in floating point double precision

Using S. Nintcheu-Fata's method for off-plane integrals

Initializing the triangle analysis
Checking element sizes
   ...done

Setting flap positions

Connecting triangular panels...   done in 0.003 s
Counted 498 elements
Matrix size = 498

Allocating result arrays

Solving the problem... 

   Making the unit RHS vectors...       done in 0.000 s
   Making the influence matrix...       done in 0.038 s
   Adding the wake's contribution...    done in 0.003 s
   LAPACK - LU factorization...         done in 0.001 s
   Back-substituting RHS...             done in 0.001 s
   Making unit panel velocities...      done

   Calculating 20 operating points
     α=-5°, β=0°, φ=0°, V∞=20 m/s
       Creating source strengths...
       Calculating doublet strengths...
       Calculating far field forces...
       Calculating on-body pressure coefficients...
       Calculating plane
          Calculating XFoil viscous drag on the fly...
             Processing Main Wing: 2 surfaces
                 ...done surface 1 - OTF failures:
                     span pos.     0.601 m, Cl=  0.00445, Re= 174251
                     span pos.     0.775 m, Cl= -0.00835, Re= 145548
                 ...done surface 0

          Error generating the operating point... discarding

     α=-4°, β=0°, φ=0°, V∞=20 m/s
       Creating source strengths...
       Calculating doublet strengths...
       Calculating far field forces...
       Calculating on-body pressure coefficients...
       Calculating plane
          Calculating XFoil viscous drag on the fly...
             Processing Main Wing: 2 surfaces
                 ...done surface 1
                 ...done surface 0
             Processing Elevator: 2 surfaces
                 ...done surface 0
                 ...done surface 1
             Processing Fin: 1 surfaces
                 ...done surface 0
             ...done.
          Skipping derivatives and eigenthings
          Done operating point

     α=-3°, β=0°, φ=0°, V∞=20 m/s
       Creating source strengths...
       Calculating doublet strengths...
       Calculating far field forces...
       Calculating on-body pressure coefficients...
       Calculating plane
          Calculating XFoil viscous drag on the fly...
             Processing Main Wing: 2 surfaces
                 ...done surface 0
                 ...done surface 1
             Processing Elevator: 2 surfaces
                 ...done surface 0
                 ...done surface 1
             Processing Fin: 1 surfaces
                 ...done surface 0
             ...done.
          Skipping derivatives and eigenthings
          Done operating point

     α=-2°, β=0°, φ=0°, V∞=20 m/s
       Creating source strengths...
       Calculating doublet strengths...
       Calculating far field forces...
       Calculating on-body pressure coefficients...
       Calculating plane
          Calculating XFoil viscous drag on the fly...
             Processing Main Wing: 2 surfaces
                 ...done surface 0
                 ...done surface 1
             Processing Elevator: 2 surfaces
                 ...done surface 0
                 ...done surface 1
             Processing Fin: 1 surfaces
                 ...done surface 0
             ...done.
          Skipping derivatives and eigenthings
          Done operating point

     α=-1°, β=0°, φ=0°, V∞=20 m/s
       Creating source strengths...
       Calculating doublet strengths...
       Calculating far field forces...
       Calculating on-body pressure coefficients...
       Calculating plane
          Calculating XFoil viscous drag on the fly...
             Processing Main Wing: 2 surfaces
                 ...done surface 0
                 ...done surface 1
             Processing Elevator: 2 surfaces
                 ...done surface 1
                 ...done surface 0
             Processing Fin: 1 surfaces
                 ...done surface 0
             ...done.
          Skipping derivatives and eigenthings
          Done operating point

     α=0°, β=0°, φ=0°, V∞=20 m/s
       Creating source strengths...
       Calculating doublet strengths...
       Calculating far field forces...
       Calculating on-body pressure coefficients...
       Calculating plane
          Calculating XFoil viscous drag on the fly...
             Processing Main Wing: 2 surfaces
                 ...done surface 1
                 ...done surface 0
             Processing Elevator: 2 surfaces
                 ...done surface 1
                 ...done surface 0
             Processing Fin: 1 surfaces
                 ...done surface 0
             ...done.
          Skipping derivatives and eigenthings
          Done operating point

     α=1°, β=0°, φ=0°, V∞=20 m/s
       Creating source strengths...
       Calculating doublet strengths...
       Calculating far field forces...
       Calculating on-body pressure coefficients...
       Calculating plane
          Calculating XFoil viscous drag on the fly...
             Processing Main Wing: 2 surfaces
                 ...done surface 0
                 ...done surface 1
             Processing Elevator: 2 surfaces
                 ...done surface 0
                 ...done surface 1
             Processing Fin: 1 surfaces
                 ...done surface 0
             ...done.
          Skipping derivatives and eigenthings
          Done operating point

     α=2°, β=0°, φ=0°, V∞=20 m/s
       Creating source strengths...
       Calculating doublet strengths...
       Calculating far field forces...
       Calculating on-body pressure coefficients...
       Calculating plane
          Calculating XFoil viscous drag on the fly...
             Processing Main Wing: 2 surfaces
                 ...done surface 0
                 ...done surface 1
             Processing Elevator: 2 surfaces
                 ...done surface 1
                 ...done surface 0
             Processing Fin: 1 surfaces
                 ...done surface 0
             ...done.
          Skipping derivatives and eigenthings
          Done operating point

     α=3°, β=0°, φ=0°, V∞=20 m/s
       Creating source strengths...
       Calculating doublet strengths...
       Calculating far field forces...
       Calculating on-body pressure coefficients...
       Calculating plane
          Calculating XFoil viscous drag on the fly...
             Processing Main Wing: 2 surfaces
                 ...done surface 1
                 ...done surface 0
             Processing Elevator: 2 surfaces
                 ...done surface 0
                 ...done surface 1
             Processing Fin: 1 surfaces
                 ...done surface 0
             ...done.
          Skipping derivatives and eigenthings
          Done operating point

     α=4°, β=0°, φ=0°, V∞=20 m/s
       Creating source strengths...
       Calculating doublet strengths...
       Calculating far field forces...
       Calculating on-body pressure coefficients...
       Calculating plane
          Calculating XFoil viscous drag on the fly...
             Processing Main Wing: 2 surfaces
                 ...done surface 0
                 ...done surface 1
             Processing Elevator: 2 surfaces
                 ...done surface 0
                 ...done surface 1
             Processing Fin: 1 surfaces
                 ...done surface 0
             ...done.
          Skipping derivatives and eigenthings
          Done operating point

     α=5°, β=0°, φ=0°, V∞=20 m/s
       Creating source strengths...
       Calculating doublet strengths...
       Calculating far field forces...
       Calculating on-body pressure coefficients...
       Calculating plane
          Calculating XFoil viscous drag on the fly...
             Processing Main Wing: 2 surfaces
                 ...done surface 1
                 ...done surface 0
             Processing Elevator: 2 surfaces
                 ...done surface 0
                 ...done surface 1
             Processing Fin: 1 surfaces
                 ...done surface 0
             ...done.
          Skipping derivatives and eigenthings
          Done operating point

     α=6°, β=0°, φ=0°, V∞=20 m/s
       Creating source strengths...
       Calculating doublet strengths...
       Calculating far field forces...
       Calculating on-body pressure coefficients...
       Calculating plane
          Calculating XFoil viscous drag on the fly...
             Processing Main Wing: 2 surfaces
                 ...done surface 0
                 ...done surface 1
             Processing Elevator: 2 surfaces
                 ...done surface 0
                 ...done surface 1
             Processing Fin: 1 surfaces
                 ...done surface 0
             ...done.
          Skipping derivatives and eigenthings
          Done operating point

     α=7°, β=0°, φ=0°, V∞=20 m/s
       Creating source strengths...
       Calculating doublet strengths...
       Calculating far field forces...
       Calculating on-body pressure coefficients...
       Calculating plane
          Calculating XFoil viscous drag on the fly...
             Processing Main Wing: 2 surfaces
                 ...done surface 0
                 ...done surface 1
             Processing Elevator: 2 surfaces
                 ...done surface 0
                 ...done surface 1
             Processing Fin: 1 surfaces
                 ...done surface 0
             ...done.
          Skipping derivatives and eigenthings
          Done operating point

     α=8°, β=0°, φ=0°, V∞=20 m/s
       Creating source strengths...
       Calculating doublet strengths...
       Calculating far field forces...
       Calculating on-body pressure coefficients...
       Calculating plane
          Calculating XFoil viscous drag on the fly...
             Processing Main Wing: 2 surfaces
                 ...done surface 0 - OTF failures:
                     span pos.    -0.392 m, Cl=  1.28468, Re= 208800
                     span pos.    -0.282 m, Cl=  1.28366, Re= 226804
                     span pos.    -0.182 m, Cl=  1.26820, Re= 243349
                     span pos.    -0.099 m, Cl=  1.24451, Re= 257095
                 ...done surface 1 - OTF failures:
                     span pos.     0.392 m, Cl=  1.28468, Re= 208800

          Error generating the operating point... discarding

     α=9°, β=0°, φ=0°, V∞=20 m/s
       Creating source strengths...
       Calculating doublet strengths...
       Calculating far field forces...
       Calculating on-body pressure coefficients...
       Calculating plane
          Calculating XFoil viscous drag on the fly...
             Processing Main Wing: 2 surfaces
                 ...done surface 0 - OTF failures:
                     span pos.    -0.392 m, Cl=  1.37368, Re= 208800
                     span pos.    -0.282 m, Cl=  1.37157, Re= 226804
                     span pos.    -0.182 m, Cl=  1.35431, Re= 243349
                     span pos.    -0.099 m, Cl=  1.32850, Re= 257095
                     span pos.    -0.039 m, Cl=  1.30124, Re= 266928
                     span pos.    -0.008 m, Cl=  1.28151, Re= 272052
                 ...done surface 1 - OTF failures:
                     span pos.     0.392 m, Cl=  1.37368, Re= 208800
                     span pos.     0.501 m, Cl=  1.35273, Re= 190796
                     span pos.     0.601 m, Cl=  1.29599, Re= 174251
                     span pos.     0.684 m, Cl=  1.18004, Re= 160505

          Error generating the operating point... discarding

     α=10°, β=0°, φ=0°, V∞=20 m/s
       Creating source strengths...
       Calculating doublet strengths...
       Calculating far field forces...
       Calculating on-body pressure coefficients...
       Calculating plane
          Calculating XFoil viscous drag on the fly...
             Processing Main Wing: 2 surfaces
                 ...done surface 0 - OTF failures:
                     span pos.    -0.392 m, Cl=  1.46115, Re= 208800
                     span pos.    -0.282 m, Cl=  1.45796, Re= 226804
                     span pos.    -0.182 m, Cl=  1.43893, Re= 243349
                     span pos.    -0.099 m, Cl=  1.41103, Re= 257095
                     span pos.    -0.039 m, Cl=  1.38181, Re= 266928
                     span pos.    -0.008 m, Cl=  1.36079, Re= 272052
                 ...done surface 1 - OTF failures:
                     span pos.     0.392 m, Cl=  1.46115, Re= 208800
                     span pos.     0.501 m, Cl=  1.44003, Re= 190796
                     span pos.     0.601 m, Cl=  1.38088, Re= 174251
                     span pos.     0.744 m, Cl=  1.03259, Re= 150672

          Error generating the operating point... discarding

     α=11°, β=0°, φ=0°, V∞=20 m/s
       Creating source strengths...
       Calculating doublet strengths...
       Calculating far field forces...
       Calculating on-body pressure coefficients...
       Calculating plane
          Calculating XFoil viscous drag on the fly...
             Processing Main Wing: 2 surfaces
                 ...done surface 0 - OTF failures:
                     span pos.    -0.392 m, Cl=  1.54699, Re= 208800
                     span pos.    -0.282 m, Cl=  1.54274, Re= 226804
                     span pos.    -0.182 m, Cl=  1.52195, Re= 243349
                     span pos.    -0.099 m, Cl=  1.49201, Re= 257095
                     span pos.    -0.039 m, Cl=  1.46086, Re= 266928
                     span pos.    -0.008 m, Cl=  1.43857, Re= 272052
                 ...done surface 1 - OTF failures:
                     span pos.     0.392 m, Cl=  1.54699, Re= 208800
                     span pos.     0.501 m, Cl=  1.52573, Re= 190796
                     span pos.     0.601 m, Cl=  1.46422, Re= 174251
                     span pos.     0.684 m, Cl=  1.33518, Re= 160505

          Error generating the operating point... discarding

     α=12°, β=0°, φ=0°, V∞=20 m/s
       Creating source strengths...
       Calculating doublet strengths...
       Calculating far field forces...
       Calculating on-body pressure coefficients...
       Calculating plane
          Calculating XFoil viscous drag on the fly...
             Processing Main Wing: 2 surfaces
                 ...done surface 0 - OTF failures:
                     span pos.    -0.392 m, Cl=  1.63110, Re= 208800
                     span pos.    -0.282 m, Cl=  1.62579, Re= 226804
                     span pos.    -0.182 m, Cl=  1.60328, Re= 243349
                     span pos.    -0.099 m, Cl=  1.57132, Re= 257095
                     span pos.    -0.039 m, Cl=  1.53829, Re= 266928
                     span pos.    -0.008 m, Cl=  1.51476, Re= 272052
                 ...done surface 1 - OTF failures:
                     span pos.     0.392 m, Cl=  1.63110, Re= 208800
                     span pos.     0.501 m, Cl=  1.60970, Re= 190796
                     span pos.     0.601 m, Cl=  1.54589, Re= 174251
                     span pos.     0.684 m, Cl=  1.41052, Re= 160505
                     span pos.     0.744 m, Cl=  1.15815, Re= 150672

          Error generating the operating point... discarding

     α=13°, β=0°, φ=0°, V∞=20 m/s
       Creating source strengths...
       Calculating doublet strengths...
       Calculating far field forces...
       Calculating on-body pressure coefficients...
       Calculating plane
          Calculating XFoil viscous drag on the fly...
             Processing Main Wing: 2 surfaces
                 ...done surface 0 - OTF failures:
                     span pos.    -0.392 m, Cl=  1.71337, Re= 208800
                     span pos.    -0.282 m, Cl=  1.70702, Re= 226804
                     span pos.    -0.182 m, Cl=  1.68282, Re= 243349
                     span pos.    -0.099 m, Cl=  1.64889, Re= 257095
                     span pos.    -0.039 m, Cl=  1.61400, Re= 266928
                     span pos.    -0.008 m, Cl=  1.58925, Re= 272052
                 ...done surface 1 - OTF failures:
                     span pos.     0.392 m, Cl=  1.71337, Re= 208800
                     span pos.     0.501 m, Cl=  1.69185, Re= 190796
                     span pos.     0.601 m, Cl=  1.62581, Re= 174251
                     span pos.     0.684 m, Cl=  1.48424, Re= 160505

          Error generating the operating point... discarding

     α=14°, β=0°, φ=0°, V∞=20 m/s
       Creating source strengths...
       Calculating doublet strengths...
       Calculating far field forces...
       Calculating on-body pressure coefficients...
       Calculating plane
          Calculating XFoil viscous drag on the fly...
             Processing Main Wing: 2 surfaces
                 ...done surface 0 - OTF failures:
                     span pos.    -0.392 m, Cl=  1.79370, Re= 208800
                     span pos.    -0.282 m, Cl=  1.78632, Re= 226804
                     span pos.    -0.182 m, Cl=  1.76047, Re= 243349
                     span pos.    -0.099 m, Cl=  1.72460, Re= 257095
                     span pos.    -0.039 m, Cl=  1.68791, Re= 266928
                     span pos.    -0.008 m, Cl=  1.66197, Re= 272052
                 ...done surface 1 - OTF failures:
                     span pos.     0.392 m, Cl=  1.79370, Re= 208800
                     span pos.     0.501 m, Cl=  1.77208, Re= 190796
                     span pos.     0.601 m, Cl=  1.70387, Re= 174251
                     span pos.     0.684 m, Cl=  1.55627, Re= 160505
                     span pos.     0.744 m, Cl=  1.27841, Re= 150672

          Error generating the operating point... discarding


Done plane task.

Panel analysis completed ... Errors encountered

_____Plane analyses completed_____



-----Starting boat analyses-----

No xml Boat files to load

Making the analysis pairs (boat, analysis)

Made 0 valid analysis pairs (boat, polar) to run

_____ Boat analyses completed_____


