
flow5 v7.57
29.08.2026  18:40:38
Reading foil .dat files
   added foil: E387
   added foil: NACA 0009

Making foil analysis list
No foil analysis requested


Available foils:
   E387
   NACA 0009



-----Starting plane analyses-----

Adding planes from the .xml files
   added the plane: drone_opt from file drone_plane.xml


Adding the plane analyses from the xml files
   the analysis drone_polar has been added for drone_opt

Making the analysis pairs (plane, analysis)
   added analysis for (drone_opt, drone_polar)
   Made 1 valid analysis pairs (plane, polar) to run

Launching plane analysis: drone_opt / drone_polar
Initializing task

drone_opt
drone_polar

Checking plane and polar data
   ...done

drone_polar
Type 1 - Fixed speed polar

ρ =     1.225 kg/m³
ν =   1.5e-05 m²/s

RFF         = 10
Core radius = 1e-06 m

Using 4 threads

Linear system calculations in floating point double precision

Using S. Nintcheu-Fata's method for off-plane integrals

Initializing the triangle analysis
Checking element sizes
   ...done

Setting flap positions

Connecting triangular panels...   done in 0.002 s
Counted 498 elements
Matrix size = 498

Allocating result arrays

Solving the problem... 

   Making the unit RHS vectors...       done in 0.000 s
   Making the influence matrix...       done in 0.025 s
   Adding the wake's contribution...    done in 0.001 s
   LAPACK - LU factorization...         done in 0.000 s
   Back-substituting RHS...             done in 0.000 s
   Making unit panel velocities...      done

   Calculating 20 operating points
     α=-5°, β=0°, φ=0°, V∞=20 m/s
       Creating source strengths...
       Calculating doublet strengths...
       Calculating far field forces...
       Calculating on-body pressure coefficients...
       Calculating plane
          Calculating XFoil viscous drag on the fly...
             Processing Main Wing: 2 surfaces
                 ...done surface 0
                 ...done surface 1
             Processing Elevator: 2 surfaces
                 ...done surface 0
                 ...done surface 1
             Processing Fin: 1 surfaces
                 ...done surface 0
             ...done.
          Skipping derivatives and eigenthings
          Done operating point

     α=-4°, β=0°, φ=0°, V∞=20 m/s
       Creating source strengths...
       Calculating doublet strengths...
       Calculating far field forces...
       Calculating on-body pressure coefficients...
       Calculating plane
          Calculating XFoil viscous drag on the fly...
             Processing Main Wing: 2 surfaces
                 ...done surface 1
                 ...done surface 0
             Processing Elevator: 2 surfaces
                 ...done surface 0
                 ...done surface 1
             Processing Fin: 1 surfaces
                 ...done surface 0
             ...done.
          Skipping derivatives and eigenthings
          Done operating point

     α=-3°, β=0°, φ=0°, V∞=20 m/s
       Creating source strengths...
       Calculating doublet strengths...
       Calculating far field forces...
       Calculating on-body pressure coefficients...
       Calculating plane
          Calculating XFoil viscous drag on the fly...
             Processing Main Wing: 2 surfaces
                 ...done surface 0
                 ...done surface 1
             Processing Elevator: 2 surfaces
                 ...done surface 0
                 ...done surface 1
             Processing Fin: 1 surfaces
                 ...done surface 0
             ...done.
          Skipping derivatives and eigenthings
          Done operating point

     α=-2°, β=0°, φ=0°, V∞=20 m/s
       Creating source strengths...
       Calculating doublet strengths...
       Calculating far field forces...
       Calculating on-body pressure coefficients...
       Calculating plane
          Calculating XFoil viscous drag on the fly...
             Processing Main Wing: 2 surfaces
                 ...done surface 0
                 ...done surface 1
             Processing Elevator: 2 surfaces
                 ...done surface 0
                 ...done surface 1
             Processing Fin: 1 surfaces
                 ...done surface 0
             ...done.
          Skipping derivatives and eigenthings
          Done operating point

     α=-1°, β=0°, φ=0°, V∞=20 m/s
       Creating source strengths...
       Calculating doublet strengths...
       Calculating far field forces...
       Calculating on-body pressure coefficients...
       Calculating plane
          Calculating XFoil viscous drag on the fly...
             Processing Main Wing: 2 surfaces
                 ...done surface 0
                 ...done surface 1
             Processing Elevator: 2 surfaces
                 ...done surface 1
                 ...done surface 0
             Processing Fin: 1 surfaces
                 ...done surface 0
             ...done.
          Skipping derivatives and eigenthings
          Done operating point

     α=0°, β=0°, φ=0°, V∞=20 m/s
       Creating source strengths...
       Calculating doublet strengths...
       Calculating far field forces...
       Calculating on-body pressure coefficients...
       Calculating plane
          Calculating XFoil viscous drag on the fly...
             Processing Main Wing: 2 surfaces
                 ...done surface 1
                 ...done surface 0
             Processing Elevator: 2 surfaces
                 ...done surface 0
                 ...done surface 1
             Processing Fin: 1 surfaces
                 ...done surface 0
             ...done.
          Skipping derivatives and eigenthings
          Done operating point

     α=1°, β=0°, φ=0°, V∞=20 m/s
       Creating source strengths...
       Calculating doublet strengths...
       Calculating far field forces...
       Calculating on-body pressure coefficients...
       Calculating plane
          Calculating XFoil viscous drag on the fly...
             Processing Main Wing: 2 surfaces
                 ...done surface 1
                 ...done surface 0
             Processing Elevator: 2 surfaces
                 ...done surface 1
                 ...done surface 0
             Processing Fin: 1 surfaces
                 ...done surface 0
             ...done.
          Skipping derivatives and eigenthings
          Done operating point

     α=2°, β=0°, φ=0°, V∞=20 m/s
       Creating source strengths...
       Calculating doublet strengths...
       Calculating far field forces...
       Calculating on-body pressure coefficients...
       Calculating plane
          Calculating XFoil viscous drag on the fly...
             Processing Main Wing: 2 surfaces
                 ...done surface 0
                 ...done surface 1
             Processing Elevator: 2 surfaces
                 ...done surface 0
                 ...done surface 1
             Processing Fin: 1 surfaces
                 ...done surface 0
             ...done.
          Skipping derivatives and eigenthings
          Done operating point

     α=3°, β=0°, φ=0°, V∞=20 m/s
       Creating source strengths...
       Calculating doublet strengths...
       Calculating far field forces...
       Calculating on-body pressure coefficients...
       Calculating plane
          Calculating XFoil viscous drag on the fly...
             Processing Main Wing: 2 surfaces
                 ...done surface 0
                 ...done surface 1
             Processing Elevator: 2 surfaces
                 ...done surface 0
                 ...done surface 1
             Processing Fin: 1 surfaces
                 ...done surface 0
             ...done.
          Skipping derivatives and eigenthings
          Done operating point

     α=4°, β=0°, φ=0°, V∞=20 m/s
       Creating source strengths...
       Calculating doublet strengths...
       Calculating far field forces...
       Calculating on-body pressure coefficients...
       Calculating plane
          Calculating XFoil viscous drag on the fly...
             Processing Main Wing: 2 surfaces
                 ...done surface 0
                 ...done surface 1
             Processing Elevator: 2 surfaces
                 ...done surface 1
                 ...done surface 0
             Processing Fin: 1 surfaces
                 ...done surface 0
             ...done.
          Skipping derivatives and eigenthings
          Done operating point

     α=5°, β=0°, φ=0°, V∞=20 m/s
       Creating source strengths...
       Calculating doublet strengths...
       Calculating far field forces...
       Calculating on-body pressure coefficients...
       Calculating plane
          Calculating XFoil viscous drag on the fly...
             Processing Main Wing: 2 surfaces
                 ...done surface 1
                 ...done surface 0
             Processing Elevator: 2 surfaces
                 ...done surface 1
                 ...done surface 0
             Processing Fin: 1 surfaces
                 ...done surface 0
             ...done.
          Skipping derivatives and eigenthings
          Done operating point

     α=6°, β=0°, φ=0°, V∞=20 m/s
       Creating source strengths...
       Calculating doublet strengths...
       Calculating far field forces...
       Calculating on-body pressure coefficients...
       Calculating plane
          Calculating XFoil viscous drag on the fly...
             Processing Main Wing: 2 surfaces
                 ...done surface 0
                 ...done surface 1
             Processing Elevator: 2 surfaces
                 ...done surface 1
                 ...done surface 0
             Processing Fin: 1 surfaces
                 ...done surface 0
             ...done.
          Skipping derivatives and eigenthings
          Done operating point

     α=7°, β=0°, φ=0°, V∞=20 m/s
       Creating source strengths...
       Calculating doublet strengths...
       Calculating far field forces...
       Calculating on-body pressure coefficients...
       Calculating plane
          Calculating XFoil viscous drag on the fly...
             Processing Main Wing: 2 surfaces
                 ...done surface 0
                 ...done surface 1
             Processing Elevator: 2 surfaces
                 ...done surface 0
                 ...done surface 1
             Processing Fin: 1 surfaces
                 ...done surface 0
             ...done.
          Skipping derivatives and eigenthings
          Done operating point

     α=8°, β=0°, φ=0°, V∞=20 m/s
       Creating source strengths...
       Calculating doublet strengths...
       Calculating far field forces...
       Calculating on-body pressure coefficients...
       Calculating plane
          Calculating XFoil viscous drag on the fly...
             Processing Main Wing: 2 surfaces
                 ...done surface 1 - OTF failures:
                     span pos.     0.282 m, Cl=  1.28389, Re= 226123
                     span pos.     0.392 m, Cl=  1.28308, Re= 208800
                 ...done surface 0 - OTF failures:
                     span pos.    -0.282 m, Cl=  1.28389, Re= 226123

          Error generating the operating point... discarding

     α=9°, β=0°, φ=0°, V∞=20 m/s
       Creating source strengths...
       Calculating doublet strengths...
       Calculating far field forces...
       Calculating on-body pressure coefficients...
       Calculating plane
          Calculating XFoil viscous drag on the fly...
             Processing Main Wing: 2 surfaces
                 ...done surface 0 - OTF failures:
                     span pos.    -0.392 m, Cl=  1.37201, Re= 208800
                     span pos.    -0.282 m, Cl=  1.37185, Re= 226123
                     span pos.    -0.182 m, Cl=  1.35635, Re= 242043
                     span pos.    -0.099 m, Cl=  1.33201, Re= 255269
                     span pos.    -0.039 m, Cl=  1.30583, Re= 264731
                     span pos.    -0.008 m, Cl=  1.28668, Re= 269662
                 ...done surface 1 - OTF failures:
                     span pos.     0.392 m, Cl=  1.37201, Re= 208800
                     span pos.     0.501 m, Cl=  1.34897, Re= 191477
                     span pos.     0.601 m, Cl=  1.29011, Re= 175557
                     span pos.     0.744 m, Cl=  0.95941, Re= 152869

          Error generating the operating point... discarding

     α=10°, β=0°, φ=0°, V∞=20 m/s
       Creating source strengths...
       Calculating doublet strengths...
       Calculating far field forces...
       Calculating on-body pressure coefficients...
       Calculating plane
          Calculating XFoil viscous drag on the fly...
             Processing Main Wing: 2 surfaces
                 ...done surface 0 - OTF failures:
                     span pos.    -0.392 m, Cl=  1.45941, Re= 208800
                     span pos.    -0.282 m, Cl=  1.45830, Re= 226123
                     span pos.    -0.182 m, Cl=  1.44112, Re= 242043
                     span pos.    -0.099 m, Cl=  1.41478, Re= 255269
                     span pos.    -0.039 m, Cl=  1.38671, Re= 264731
                     span pos.    -0.008 m, Cl=  1.36630, Re= 269662
                 ...done surface 1 - OTF failures:
                     span pos.     0.392 m, Cl=  1.45941, Re= 208800
                     span pos.     0.501 m, Cl=  1.43608, Re= 191477
                     span pos.     0.601 m, Cl=  1.37464, Re= 175557
                     span pos.     0.684 m, Cl=  1.25000, Re= 162331

          Error generating the operating point... discarding

     α=11°, β=0°, φ=0°, V∞=20 m/s
       Creating source strengths...
       Calculating doublet strengths...
       Calculating far field forces...
       Calculating on-body pressure coefficients...
       Calculating plane
          Calculating XFoil viscous drag on the fly...
             Processing Main Wing: 2 surfaces
                 ...done surface 0 - OTF failures:
                     span pos.    -0.392 m, Cl=  1.54519, Re= 208800
                     span pos.    -0.282 m, Cl=  1.54313, Re= 226123
                     span pos.    -0.182 m, Cl=  1.52430, Re= 242043
                     span pos.    -0.099 m, Cl=  1.49599, Re= 255269
                     span pos.    -0.039 m, Cl=  1.46605, Re= 264731
                     span pos.    -0.008 m, Cl=  1.44441, Re= 269662
                 ...done surface 1 - OTF failures:
                     span pos.     0.392 m, Cl=  1.54519, Re= 208800
                     span pos.     0.501 m, Cl=  1.52157, Re= 191477
                     span pos.     0.601 m, Cl=  1.45762, Re= 175557
                     span pos.     0.684 m, Cl=  1.32635, Re= 162331
                     span pos.     0.744 m, Cl=  1.08622, Re= 152869

          Error generating the operating point... discarding

     α=12°, β=0°, φ=0°, V∞=20 m/s
       Creating source strengths...
       Calculating doublet strengths...
       Calculating far field forces...
       Calculating on-body pressure coefficients...
       Calculating plane
          Calculating XFoil viscous drag on the fly...
             Processing Main Wing: 2 surfaces
                 ...done surface 0 - OTF failures:
                     span pos.    -0.392 m, Cl=  1.62923, Re= 208800
                     span pos.    -0.282 m, Cl=  1.62623, Re= 226123
                     span pos.    -0.182 m, Cl=  1.60578, Re= 242043
                     span pos.    -0.099 m, Cl=  1.57554, Re= 255269
                     span pos.    -0.039 m, Cl=  1.54378, Re= 264731
                     span pos.    -0.008 m, Cl=  1.52093, Re= 269662
                 ...done surface 1 - OTF failures:
                     span pos.     0.392 m, Cl=  1.62923, Re= 208800
                     span pos.     0.501 m, Cl=  1.60535, Re= 191477
                     span pos.     0.601 m, Cl=  1.53894, Re= 175557
                     span pos.     0.684 m, Cl=  1.40119, Re= 162331

          Error generating the operating point... discarding

     α=13°, β=0°, φ=0°, V∞=20 m/s
       Creating source strengths...
       Calculating doublet strengths...
       Calculating far field forces...
       Calculating on-body pressure coefficients...
       Calculating plane
          Calculating XFoil viscous drag on the fly...
             Processing Main Wing: 2 surfaces
                 ...done surface 0 - OTF failures:
                     span pos.    -0.392 m, Cl=  1.71144, Re= 208800
                     span pos.    -0.282 m, Cl=  1.70751, Re= 226123
                     span pos.    -0.182 m, Cl=  1.68546, Re= 242043
                     span pos.    -0.099 m, Cl=  1.65333, Re= 255269
                     span pos.    -0.039 m, Cl=  1.61978, Re= 264731
                     span pos.    -0.008 m, Cl=  1.59574, Re= 269662
                 ...done surface 1 - OTF failures:
                     span pos.     0.392 m, Cl=  1.71144, Re= 208800
                     span pos.     0.501 m, Cl=  1.68731, Re= 191477
                     span pos.     0.601 m, Cl=  1.61852, Re= 175557
                     span pos.     0.684 m, Cl=  1.47442, Re= 162331

          Error generating the operating point... discarding

     α=14°, β=0°, φ=0°, V∞=20 m/s
       Creating source strengths...
       Calculating doublet strengths...
       Calculating far field forces...
       Calculating on-body pressure coefficients...
       Calculating plane
          Calculating XFoil viscous drag on the fly...
             Processing Main Wing: 2 surfaces
                 ...done surface 0 - OTF failures:
                     span pos.    -0.392 m, Cl=  1.79171, Re= 208800
                     span pos.    -0.282 m, Cl=  1.78686, Re= 226123
                     span pos.    -0.182 m, Cl=  1.76325, Re= 242043
                     span pos.    -0.099 m, Cl=  1.72926, Re= 255269
                     span pos.    -0.039 m, Cl=  1.69396, Re= 264731
                     span pos.    -0.008 m, Cl=  1.66877, Re= 269662
                 ...done surface 1 - OTF failures:
                     span pos.     0.392 m, Cl=  1.79171, Re= 208800
                     span pos.     0.501 m, Cl=  1.76735, Re= 191477
                     span pos.     0.601 m, Cl=  1.69624, Re= 175557
                     span pos.     0.684 m, Cl=  1.54596, Re= 162331
                     span pos.     0.744 m, Cl=  1.26694, Re= 152869

          Error generating the operating point... discarding


Done plane task.

Panel analysis completed ... Errors encountered

_____Plane analyses completed_____



-----Starting boat analyses-----

No xml Boat files to load

Making the analysis pairs (boat, analysis)

Made 0 valid analysis pairs (boat, polar) to run

_____ Boat analyses completed_____


