
flow5 v7.57
01.09.2026  16:14:24
Reading foil .dat files
   added foil: E387
   added foil: NACA 0009

Making foil analysis list
No foil analysis requested


Available foils:
   E387
   NACA 0009



-----Starting plane analyses-----

Adding planes from the .xml files
   added the plane: drone_opt from file drone_plane.xml


Adding the plane analyses from the xml files
   the analysis drone_polar has been added for drone_opt

Making the analysis pairs (plane, analysis)
   added analysis for (drone_opt, drone_polar)
   Made 1 valid analysis pairs (plane, polar) to run

Launching plane analysis: drone_opt / drone_polar
Initializing task

drone_opt
drone_polar

Checking plane and polar data
   ...done

drone_polar
Type 1 - Fixed speed polar

ρ =     1.225 kg/m³
ν =   1.5e-05 m²/s

RFF         = 10
Core radius = 1e-06 m

Using 4 threads

Linear system calculations in floating point double precision

Using S. Nintcheu-Fata's method for off-plane integrals

Initializing the triangle analysis
Checking element sizes
   ...done

Setting flap positions

Connecting triangular panels...   done in 0.002 s
Counted 498 elements
Matrix size = 498

Allocating result arrays

Solving the problem... 

   Making the unit RHS vectors...       done in 0.000 s
   Making the influence matrix...       done in 0.024 s
   Adding the wake's contribution...    done in 0.001 s
   LAPACK - LU factorization...         done in 0.001 s
   Back-substituting RHS...             done in 0.000 s
   Making unit panel velocities...      done

   Calculating 20 operating points
     α=-5°, β=0°, φ=0°, V∞=20 m/s
       Creating source strengths...
       Calculating doublet strengths...
       Calculating far field forces...
       Calculating on-body pressure coefficients...
       Calculating plane
          Calculating XFoil viscous drag on the fly...
             Processing Main Wing: 2 surfaces
                 ...done surface 0
                 ...done surface 1 - OTF failures:
                     span pos.     0.014 m, Cl=  0.06734, Re= 474603

          Error generating the operating point... discarding

     α=-4°, β=0°, φ=0°, V∞=20 m/s
       Creating source strengths...
       Calculating doublet strengths...
       Calculating far field forces...
       Calculating on-body pressure coefficients...
       Calculating plane
          Calculating XFoil viscous drag on the fly...
             Processing Main Wing: 2 surfaces
                 ...done surface 0
                 ...done surface 1 - OTF failures:
                     span pos.     1.358 m, Cl=  0.04541, Re= 295415

          Error generating the operating point... discarding

     α=-3°, β=0°, φ=0°, V∞=20 m/s
       Creating source strengths...
       Calculating doublet strengths...
       Calculating far field forces...
       Calculating on-body pressure coefficients...
       Calculating plane
          Calculating XFoil viscous drag on the fly...
             Processing Main Wing: 2 surfaces
                 ...done surface 1
                 ...done surface 0
             Processing Elevator: 2 surfaces
                 ...done surface 0
                 ...done surface 1
             Processing Fin: 1 surfaces
                 ...done surface 0
             ...done.
          Skipping derivatives and eigenthings
          Done operating point

     α=-2°, β=0°, φ=0°, V∞=20 m/s
       Creating source strengths...
       Calculating doublet strengths...
       Calculating far field forces...
       Calculating on-body pressure coefficients...
       Calculating plane
          Calculating XFoil viscous drag on the fly...
             Processing Main Wing: 2 surfaces
                 ...done surface 1
                 ...done surface 0
             Processing Elevator: 2 surfaces
                 ...done surface 1
                 ...done surface 0
             Processing Fin: 1 surfaces
                 ...done surface 0
             ...done.
          Skipping derivatives and eigenthings
          Done operating point

     α=-1°, β=0°, φ=0°, V∞=20 m/s
       Creating source strengths...
       Calculating doublet strengths...
       Calculating far field forces...
       Calculating on-body pressure coefficients...
       Calculating plane
          Calculating XFoil viscous drag on the fly...
             Processing Main Wing: 2 surfaces
                 ...done surface 0
                 ...done surface 1
             Processing Elevator: 2 surfaces
                 ...done surface 0
                 ...done surface 1
             Processing Fin: 1 surfaces
                 ...done surface 0
             ...done.
          Skipping derivatives and eigenthings
          Done operating point

     α=0°, β=0°, φ=0°, V∞=20 m/s
       Creating source strengths...
       Calculating doublet strengths...
       Calculating far field forces...
       Calculating on-body pressure coefficients...
       Calculating plane
          Calculating XFoil viscous drag on the fly...
             Processing Main Wing: 2 surfaces
                 ...done surface 1
                 ...done surface 0
             Processing Elevator: 2 surfaces
                 ...done surface 1
                 ...done surface 0
             Processing Fin: 1 surfaces
                 ...done surface 0
             ...done.
          Skipping derivatives and eigenthings
          Done operating point

     α=1°, β=0°, φ=0°, V∞=20 m/s
       Creating source strengths...
       Calculating doublet strengths...
       Calculating far field forces...
       Calculating on-body pressure coefficients...
       Calculating plane
          Calculating XFoil viscous drag on the fly...
             Processing Main Wing: 2 surfaces
                 ...done surface 0
                 ...done surface 1
             Processing Elevator: 2 surfaces
                 ...done surface 1
                 ...done surface 0
             Processing Fin: 1 surfaces
                 ...done surface 0
             ...done.
          Skipping derivatives and eigenthings
          Done operating point

     α=2°, β=0°, φ=0°, V∞=20 m/s
       Creating source strengths...
       Calculating doublet strengths...
       Calculating far field forces...
       Calculating on-body pressure coefficients...
       Calculating plane
          Calculating XFoil viscous drag on the fly...
             Processing Main Wing: 2 surfaces
                 ...done surface 0
                 ...done surface 1
             Processing Elevator: 2 surfaces
                 ...done surface 1
                 ...done surface 0
             Processing Fin: 1 surfaces
                 ...done surface 0
             ...done.
          Skipping derivatives and eigenthings
          Done operating point

     α=3°, β=0°, φ=0°, V∞=20 m/s
       Creating source strengths...
       Calculating doublet strengths...
       Calculating far field forces...
       Calculating on-body pressure coefficients...
       Calculating plane
          Calculating XFoil viscous drag on the fly...
             Processing Main Wing: 2 surfaces
                 ...done surface 1
                 ...done surface 0
             Processing Elevator: 2 surfaces
                 ...done surface 1
                 ...done surface 0
             Processing Fin: 1 surfaces
                 ...done surface 0
             ...done.
          Skipping derivatives and eigenthings
          Done operating point

     α=4°, β=0°, φ=0°, V∞=20 m/s
       Creating source strengths...
       Calculating doublet strengths...
       Calculating far field forces...
       Calculating on-body pressure coefficients...
       Calculating plane
          Calculating XFoil viscous drag on the fly...
             Processing Main Wing: 2 surfaces
                 ...done surface 0
                 ...done surface 1
             Processing Elevator: 2 surfaces
                 ...done surface 0
                 ...done surface 1
             Processing Fin: 1 surfaces
                 ...done surface 0
             ...done.
          Skipping derivatives and eigenthings
          Done operating point

     α=5°, β=0°, φ=0°, V∞=20 m/s
       Creating source strengths...
       Calculating doublet strengths...
       Calculating far field forces...
       Calculating on-body pressure coefficients...
       Calculating plane
          Calculating XFoil viscous drag on the fly...
             Processing Main Wing: 2 surfaces
                 ...done surface 0
                 ...done surface 1
             Processing Elevator: 2 surfaces
                 ...done surface 1
                 ...done surface 0
             Processing Fin: 1 surfaces
                 ...done surface 0
             ...done.
          Skipping derivatives and eigenthings
          Done operating point

     α=6°, β=0°, φ=0°, V∞=20 m/s
       Creating source strengths...
       Calculating doublet strengths...
       Calculating far field forces...
       Calculating on-body pressure coefficients...
       Calculating plane
          Calculating XFoil viscous drag on the fly...
             Processing Main Wing: 2 surfaces
                 ...done surface 1
                 ...done surface 0
             Processing Elevator: 2 surfaces
                 ...done surface 0
                 ...done surface 1
             Processing Fin: 1 surfaces
                 ...done surface 0
             ...done.
          Skipping derivatives and eigenthings
          Done operating point

     α=7°, β=0°, φ=0°, V∞=20 m/s
       Creating source strengths...
       Calculating doublet strengths...
       Calculating far field forces...
       Calculating on-body pressure coefficients...
       Calculating plane
          Calculating XFoil viscous drag on the fly...
             Processing Main Wing: 2 surfaces
                 ...done surface 1
                 ...done surface 0
             Processing Elevator: 2 surfaces
                 ...done surface 0
                 ...done surface 1
             Processing Fin: 1 surfaces
                 ...done surface 0
             ...done.
          Skipping derivatives and eigenthings
          Done operating point

     α=8°, β=0°, φ=0°, V∞=20 m/s
       Creating source strengths...
       Calculating doublet strengths...
       Calculating far field forces...
       Calculating on-body pressure coefficients...
       Calculating plane
          Calculating XFoil viscous drag on the fly...
             Processing Main Wing: 2 surfaces
                 ...done surface 0 - OTF failures:
                     span pos.    -0.515 m, Cl=  1.27872, Re= 407804
                     span pos.    -0.332 m, Cl=  1.27323, Re= 432229
                     span pos.    -0.180 m, Cl=  1.25764, Re= 452521
                 ...done surface 1 - OTF failures:
                     span pos.     0.515 m, Cl=  1.27872, Re= 407804
                     span pos.     0.715 m, Cl=  1.26845, Re= 381227
                     span pos.     0.914 m, Cl=  1.23572, Re= 354649

          Error generating the operating point... discarding

     α=9°, β=0°, φ=0°, V∞=20 m/s
       Creating source strengths...
       Calculating doublet strengths...
       Calculating far field forces...
       Calculating on-body pressure coefficients...
       Calculating plane
          Calculating XFoil viscous drag on the fly...
             Processing Main Wing: 2 surfaces
                 ...done surface 0 - OTF failures:
                     span pos.    -0.515 m, Cl=  1.36693, Re= 407804
                     span pos.    -0.332 m, Cl=  1.36016, Re= 432229
                     span pos.    -0.180 m, Cl=  1.34291, Re= 452521
                     span pos.    -0.071 m, Cl=  1.32175, Re= 467038
                     span pos.    -0.014 m, Cl=  1.30521, Re= 474603
                 ...done surface 1 - OTF failures:
                     span pos.     0.515 m, Cl=  1.36693, Re= 407804
                     span pos.     0.715 m, Cl=  1.35715, Re= 381227
                     span pos.     0.914 m, Cl=  1.32356, Re= 354649
                     span pos.     1.097 m, Cl=  1.25437, Re= 330224

          Error generating the operating point... discarding

     α=10°, β=0°, φ=0°, V∞=20 m/s
       Creating source strengths...
       Calculating doublet strengths...
       Calculating far field forces...
       Calculating on-body pressure coefficients...
       Calculating plane
          Calculating XFoil viscous drag on the fly...
             Processing Main Wing: 2 surfaces
                 ...done surface 0 - OTF failures:
                     span pos.    -0.515 m, Cl=  1.45362, Re= 407804
                     span pos.    -0.332 m, Cl=  1.44559, Re= 432229
                     span pos.    -0.180 m, Cl=  1.42670, Re= 452521
                     span pos.    -0.071 m, Cl=  1.40392, Re= 467038
                     span pos.    -0.014 m, Cl=  1.38627, Re= 474603
                 ...done surface 1 - OTF failures:
                     span pos.     0.515 m, Cl=  1.45362, Re= 407804
                     span pos.     0.715 m, Cl=  1.44434, Re= 381227
                     span pos.     0.914 m, Cl=  1.40991, Re= 354649
                     span pos.     1.097 m, Cl=  1.33755, Re= 330224

          Error generating the operating point... discarding

     α=11°, β=0°, φ=0°, V∞=20 m/s
       Creating source strengths...
       Calculating doublet strengths...
       Calculating far field forces...
       Calculating on-body pressure coefficients...
       Calculating plane
          Calculating XFoil viscous drag on the fly...
             Processing Main Wing: 2 surfaces
                 ...done surface 0 - OTF failures:
                     span pos.    -0.515 m, Cl=  1.53870, Re= 407804
                     span pos.    -0.332 m, Cl=  1.52942, Re= 432229
                     span pos.    -0.180 m, Cl=  1.50891, Re= 452521
                     span pos.    -0.071 m, Cl=  1.48454, Re= 467038
                     span pos.    -0.014 m, Cl=  1.46581, Re= 474603
                 ...done surface 1 - OTF failures:
                     span pos.     0.515 m, Cl=  1.53870, Re= 407804
                     span pos.     0.715 m, Cl=  1.52991, Re= 381227
                     span pos.     0.914 m, Cl=  1.49468, Re= 354649
                     span pos.     1.097 m, Cl=  1.41922, Re= 330224
                     span pos.     1.250 m, Cl=  1.27861, Re= 309932
                     span pos.     1.358 m, Cl=  1.03653, Re= 295415

          Error generating the operating point... discarding

     α=12°, β=0°, φ=0°, V∞=20 m/s
       Creating source strengths...
       Calculating doublet strengths...
       Calculating far field forces...
       Calculating on-body pressure coefficients...
       Calculating plane
          Calculating XFoil viscous drag on the fly...
             Processing Main Wing: 2 surfaces
                 ...done surface 0 - OTF failures:
                     span pos.    -0.515 m, Cl=  1.62205, Re= 407804
                     span pos.    -0.332 m, Cl=  1.61154, Re= 432229
                     span pos.    -0.180 m, Cl=  1.58944, Re= 452521
                     span pos.    -0.071 m, Cl=  1.56351, Re= 467038
                     span pos.    -0.014 m, Cl=  1.54371, Re= 474603
                 ...done surface 1 - OTF failures:
                     span pos.     0.515 m, Cl=  1.62205, Re= 407804
                     span pos.     0.715 m, Cl=  1.61376, Re= 381227
                     span pos.     0.914 m, Cl=  1.57775, Re= 354649
                     span pos.     1.097 m, Cl=  1.49926, Re= 330224
                     span pos.     1.250 m, Cl=  1.35159, Re= 309932

          Error generating the operating point... discarding

     α=13°, β=0°, φ=0°, V∞=20 m/s
       Creating source strengths...
       Calculating doublet strengths...
       Calculating far field forces...
       Calculating on-body pressure coefficients...
       Calculating plane
          Calculating XFoil viscous drag on the fly...
             Processing Main Wing: 2 surfaces
                 ...done surface 0 - OTF failures:
                     span pos.    -0.515 m, Cl=  1.70357, Re= 407804
                     span pos.    -0.332 m, Cl=  1.69186, Re= 432229
                     span pos.    -0.180 m, Cl=  1.66819, Re= 452521
                     span pos.    -0.071 m, Cl=  1.64073, Re= 467038
                     span pos.    -0.014 m, Cl=  1.61989, Re= 474603
                 ...done surface 1 - OTF failures:
                     span pos.     0.515 m, Cl=  1.70357, Re= 407804
                     span pos.     0.715 m, Cl=  1.69578, Re= 381227
                     span pos.     0.914 m, Cl=  1.65903, Re= 354649
                     span pos.     1.097 m, Cl=  1.57759, Re= 330224
                     span pos.     1.250 m, Cl=  1.42301, Re= 309932

          Error generating the operating point... discarding

     α=14°, β=0°, φ=0°, V∞=20 m/s
       Creating source strengths...
       Calculating doublet strengths...
       Calculating far field forces...
       Calculating on-body pressure coefficients...
       Calculating plane
          Calculating XFoil viscous drag on the fly...
             Processing Main Wing: 2 surfaces
                 ...done surface 0 - OTF failures:
                     span pos.    -0.515 m, Cl=  1.78318, Re= 407804
                     span pos.    -0.332 m, Cl=  1.77027, Re= 432229
                     span pos.    -0.180 m, Cl=  1.74507, Re= 452521
                     span pos.    -0.071 m, Cl=  1.71611, Re= 467038
                     span pos.    -0.014 m, Cl=  1.69426, Re= 474603
                 ...done surface 1 - OTF failures:
                     span pos.     0.515 m, Cl=  1.78318, Re= 407804
                     span pos.     0.715 m, Cl=  1.77588, Re= 381227
                     span pos.     0.914 m, Cl=  1.73842, Re= 354649
                     span pos.     1.097 m, Cl=  1.65411, Re= 330224
                     span pos.     1.250 m, Cl=  1.49280, Re= 309932
                     span pos.     1.415 m, Cl=  0.80984, Re= 287850

          Error generating the operating point... discarding


Done plane task.

Panel analysis completed ... Errors encountered

_____Plane analyses completed_____



-----Starting boat analyses-----

No xml Boat files to load

Making the analysis pairs (boat, analysis)

Made 0 valid analysis pairs (boat, polar) to run

_____ Boat analyses completed_____


