
flow5 v7.57
29.08.2026  18:25:25
Reading foil .dat files
   added foil: E387
   added foil: NACA 0009

Making foil analysis list
No foil analysis requested


Available foils:
   E387
   NACA 0009



-----Starting plane analyses-----

Adding planes from the .xml files
   added the plane: drone_opt from file drone_plane.xml


Adding the plane analyses from the xml files
   the analysis drone_polar has been added for drone_opt

Making the analysis pairs (plane, analysis)
   added analysis for (drone_opt, drone_polar)
   Made 1 valid analysis pairs (plane, polar) to run

Launching plane analysis: drone_opt / drone_polar
Initializing task

drone_opt
drone_polar

Checking plane and polar data
   ...done

drone_polar
Type 1 - Fixed speed polar

ρ =     1.225 kg/m³
ν =   1.5e-05 m²/s

RFF         = 10
Core radius = 1e-06 m

Using 4 threads

Linear system calculations in floating point double precision

Using S. Nintcheu-Fata's method for off-plane integrals

Initializing the triangle analysis
Checking element sizes
   ...done

Setting flap positions

Connecting triangular panels...   done in 0.002 s
Counted 498 elements
Matrix size = 498

Allocating result arrays

Solving the problem... 

   Making the unit RHS vectors...       done in 0.000 s
   Making the influence matrix...       done in 0.025 s
   Adding the wake's contribution...    done in 0.001 s
   LAPACK - LU factorization...         done in 0.000 s
   Back-substituting RHS...             done in 0.000 s
   Making unit panel velocities...      done

   Calculating 20 operating points
     α=-5°, β=0°, φ=0°, V∞=20 m/s
       Creating source strengths...
       Calculating doublet strengths...
       Calculating far field forces...
       Calculating on-body pressure coefficients...
       Calculating plane
          Calculating XFoil viscous drag on the fly...
             Processing Main Wing: 2 surfaces
                 ...done surface 0 - OTF failures:
                     span pos.    -0.775 m, Cl= -0.01549, Re= 113634
                     span pos.    -0.744 m, Cl= -0.02066, Re= 121344
                     span pos.    -0.684 m, Cl= -0.01040, Re= 136140
                     span pos.    -0.601 m, Cl=  0.01081, Re= 156823
                 ...done surface 1 - OTF failures:
                     span pos.     0.744 m, Cl= -0.02066, Re= 121344
                     span pos.     0.775 m, Cl= -0.01549, Re= 113634

          Error generating the operating point... discarding

     α=-4°, β=0°, φ=0°, V∞=20 m/s
       Creating source strengths...
       Calculating doublet strengths...
       Calculating far field forces...
       Calculating on-body pressure coefficients...
       Calculating plane
          Calculating XFoil viscous drag on the fly...
             Processing Main Wing: 2 surfaces
                 ...done surface 0
                 ...done surface 1
             Processing Elevator: 2 surfaces
                 ...done surface 0
                 ...done surface 1
             Processing Fin: 1 surfaces
                 ...done surface 0
             ...done.
          Skipping derivatives and eigenthings
          Done operating point

     α=-3°, β=0°, φ=0°, V∞=20 m/s
       Creating source strengths...
       Calculating doublet strengths...
       Calculating far field forces...
       Calculating on-body pressure coefficients...
       Calculating plane
          Calculating XFoil viscous drag on the fly...
             Processing Main Wing: 2 surfaces
                 ...done surface 0
                 ...done surface 1
             Processing Elevator: 2 surfaces
                 ...done surface 0
                 ...done surface 1
             Processing Fin: 1 surfaces
                 ...done surface 0
             ...done.
          Skipping derivatives and eigenthings
          Done operating point

     α=-2°, β=0°, φ=0°, V∞=20 m/s
       Creating source strengths...
       Calculating doublet strengths...
       Calculating far field forces...
       Calculating on-body pressure coefficients...
       Calculating plane
          Calculating XFoil viscous drag on the fly...
             Processing Main Wing: 2 surfaces
                 ...done surface 0
                 ...done surface 1
             Processing Elevator: 2 surfaces
                 ...done surface 0
                 ...done surface 1
             Processing Fin: 1 surfaces
                 ...done surface 0
             ...done.
          Skipping derivatives and eigenthings
          Done operating point

     α=-1°, β=0°, φ=0°, V∞=20 m/s
       Creating source strengths...
       Calculating doublet strengths...
       Calculating far field forces...
       Calculating on-body pressure coefficients...
       Calculating plane
          Calculating XFoil viscous drag on the fly...
             Processing Main Wing: 2 surfaces
                 ...done surface 0
                 ...done surface 1
             Processing Elevator: 2 surfaces
                 ...done surface 0
                 ...done surface 1
             Processing Fin: 1 surfaces
                 ...done surface 0
             ...done.
          Skipping derivatives and eigenthings
          Done operating point

     α=0°, β=0°, φ=0°, V∞=20 m/s
       Creating source strengths...
       Calculating doublet strengths...
       Calculating far field forces...
       Calculating on-body pressure coefficients...
       Calculating plane
          Calculating XFoil viscous drag on the fly...
             Processing Main Wing: 2 surfaces
                 ...done surface 0
                 ...done surface 1
             Processing Elevator: 2 surfaces
                 ...done surface 0
                 ...done surface 1
             Processing Fin: 1 surfaces
                 ...done surface 0
             ...done.
          Skipping derivatives and eigenthings
          Done operating point

     α=1°, β=0°, φ=0°, V∞=20 m/s
       Creating source strengths...
       Calculating doublet strengths...
       Calculating far field forces...
       Calculating on-body pressure coefficients...
       Calculating plane
          Calculating XFoil viscous drag on the fly...
             Processing Main Wing: 2 surfaces
                 ...done surface 0
                 ...done surface 1
             Processing Elevator: 2 surfaces
                 ...done surface 0
                 ...done surface 1
             Processing Fin: 1 surfaces
                 ...done surface 0
             ...done.
          Skipping derivatives and eigenthings
          Done operating point

     α=2°, β=0°, φ=0°, V∞=20 m/s
       Creating source strengths...
       Calculating doublet strengths...
       Calculating far field forces...
       Calculating on-body pressure coefficients...
       Calculating plane
          Calculating XFoil viscous drag on the fly...
             Processing Main Wing: 2 surfaces
                 ...done surface 0
                 ...done surface 1
             Processing Elevator: 2 surfaces
                 ...done surface 1
                 ...done surface 0
             Processing Fin: 1 surfaces
                 ...done surface 0
             ...done.
          Skipping derivatives and eigenthings
          Done operating point

     α=3°, β=0°, φ=0°, V∞=20 m/s
       Creating source strengths...
       Calculating doublet strengths...
       Calculating far field forces...
       Calculating on-body pressure coefficients...
       Calculating plane
          Calculating XFoil viscous drag on the fly...
             Processing Main Wing: 2 surfaces
                 ...done surface 0
                 ...done surface 1
             Processing Elevator: 2 surfaces
                 ...done surface 0
                 ...done surface 1
             Processing Fin: 1 surfaces
                 ...done surface 0
             ...done.
          Skipping derivatives and eigenthings
          Done operating point

     α=4°, β=0°, φ=0°, V∞=20 m/s
       Creating source strengths...
       Calculating doublet strengths...
       Calculating far field forces...
       Calculating on-body pressure coefficients...
       Calculating plane
          Calculating XFoil viscous drag on the fly...
             Processing Main Wing: 2 surfaces
                 ...done surface 0
                 ...done surface 1
             Processing Elevator: 2 surfaces
                 ...done surface 0
                 ...done surface 1
             Processing Fin: 1 surfaces
                 ...done surface 0
             ...done.
          Skipping derivatives and eigenthings
          Done operating point

     α=5°, β=0°, φ=0°, V∞=20 m/s
       Creating source strengths...
       Calculating doublet strengths...
       Calculating far field forces...
       Calculating on-body pressure coefficients...
       Calculating plane
          Calculating XFoil viscous drag on the fly...
             Processing Main Wing: 2 surfaces
                 ...done surface 0
                 ...done surface 1
             Processing Elevator: 2 surfaces
                 ...done surface 0
                 ...done surface 1
             Processing Fin: 1 surfaces
                 ...done surface 0
             ...done.
          Skipping derivatives and eigenthings
          Done operating point

     α=6°, β=0°, φ=0°, V∞=20 m/s
       Creating source strengths...
       Calculating doublet strengths...
       Calculating far field forces...
       Calculating on-body pressure coefficients...
       Calculating plane
          Calculating XFoil viscous drag on the fly...
             Processing Main Wing: 2 surfaces
                 ...done surface 1
                 ...done surface 0
             Processing Elevator: 2 surfaces
                 ...done surface 0
                 ...done surface 1
             Processing Fin: 1 surfaces
                 ...done surface 0
             ...done.
          Skipping derivatives and eigenthings
          Done operating point

     α=7°, β=0°, φ=0°, V∞=20 m/s
       Creating source strengths...
       Calculating doublet strengths...
       Calculating far field forces...
       Calculating on-body pressure coefficients...
       Calculating plane
          Calculating XFoil viscous drag on the fly...
             Processing Main Wing: 2 surfaces
                 ...done surface 0
                 ...done surface 1
             Processing Elevator: 2 surfaces
                 ...done surface 0
                 ...done surface 1
             Processing Fin: 1 surfaces
                 ...done surface 0
             ...done.
          Skipping derivatives and eigenthings
          Done operating point

     α=8°, β=0°, φ=0°, V∞=20 m/s
       Creating source strengths...
       Calculating doublet strengths...
       Calculating far field forces...
       Calculating on-body pressure coefficients...
       Calculating plane
          Calculating XFoil viscous drag on the fly...
             Processing Main Wing: 2 surfaces
                 ...done surface 1 - OTF failures:
                     span pos.     0.501 m, Cl=  1.31202, Re= 181718
                     span pos.     0.601 m, Cl=  1.28772, Re= 156823
                 ...done surface 0 - OTF failures:
                     span pos.    -0.501 m, Cl=  1.31202, Re= 181718
                     span pos.    -0.392 m, Cl=  1.30493, Re= 208807
                     span pos.    -0.282 m, Cl=  1.27904, Re= 235896

          Error generating the operating point... discarding

     α=9°, β=0°, φ=0°, V∞=20 m/s
       Creating source strengths...
       Calculating doublet strengths...
       Calculating far field forces...
       Calculating on-body pressure coefficients...
       Calculating plane
          Calculating XFoil viscous drag on the fly...
             Processing Main Wing: 2 surfaces
                 ...done surface 0 - OTF failures:
                     span pos.    -0.501 m, Cl=  1.40361, Re= 181718
                     span pos.    -0.392 m, Cl=  1.39476, Re= 208807
                     span pos.    -0.282 m, Cl=  1.36618, Re= 235896
                     span pos.    -0.182 m, Cl=  1.32638, Re= 260790
                 ...done surface 1 - OTF failures:
                     span pos.     0.501 m, Cl=  1.40361, Re= 181718
                     span pos.     0.601 m, Cl=  1.37920, Re= 156823
                     span pos.     0.684 m, Cl=  1.29502, Re= 136140

          Error generating the operating point... discarding

     α=10°, β=0°, φ=0°, V∞=20 m/s
       Creating source strengths...
       Calculating doublet strengths...
       Calculating far field forces...
       Calculating on-body pressure coefficients...
       Calculating plane
          Calculating XFoil viscous drag on the fly...
             Processing Main Wing: 2 surfaces
                 ...done surface 0 - OTF failures:
                     span pos.    -0.501 m, Cl=  1.49365, Re= 181718
                     span pos.    -0.392 m, Cl=  1.48305, Re= 208807
                     span pos.    -0.282 m, Cl=  1.45181, Re= 235896
                     span pos.    -0.182 m, Cl=  1.40893, Re= 260790
                     span pos.    -0.099 m, Cl=  1.36202, Re= 281473
                     span pos.    -0.039 m, Cl=  1.31947, Re= 296269
                     span pos.    -0.008 m, Cl=  1.29158, Re= 303979
                 ...done surface 1 - OTF failures:
                     span pos.     0.501 m, Cl=  1.49365, Re= 181718
                     span pos.     0.601 m, Cl=  1.46913, Re= 156823
                     span pos.     0.684 m, Cl=  1.38092, Re= 136140

          Error generating the operating point... discarding

     α=11°, β=0°, φ=0°, V∞=20 m/s
       Creating source strengths...
       Calculating doublet strengths...
       Calculating far field forces...
       Calculating on-body pressure coefficients...
       Calculating plane
          Calculating XFoil viscous drag on the fly...
             Processing Main Wing: 2 surfaces
                 ...done surface 0 - OTF failures:
                     span pos.    -0.501 m, Cl=  1.58202, Re= 181718
                     span pos.    -0.392 m, Cl=  1.56969, Re= 208807
                     span pos.    -0.282 m, Cl=  1.53584, Re= 235896
                     span pos.    -0.182 m, Cl=  1.48992, Re= 260790
                     span pos.    -0.099 m, Cl=  1.43993, Re= 281473
                     span pos.    -0.039 m, Cl=  1.39472, Re= 296269
                     span pos.    -0.008 m, Cl=  1.36517, Re= 303979
                 ...done surface 1 - OTF failures:
                     span pos.     0.501 m, Cl=  1.58202, Re= 181718
                     span pos.     0.601 m, Cl=  1.55742, Re= 156823
                     span pos.     0.684 m, Cl=  1.46525, Re= 136140
                     span pos.     0.744 m, Cl=  1.24727, Re= 121344

          Error generating the operating point... discarding

     α=12°, β=0°, φ=0°, V∞=20 m/s
       Creating source strengths...
       Calculating doublet strengths...
       Calculating far field forces...
       Calculating on-body pressure coefficients...
       Calculating plane
          Calculating XFoil viscous drag on the fly...
             Processing Main Wing: 2 surfaces
                 ...done surface 0 - OTF failures:
                     span pos.    -0.501 m, Cl=  1.66861, Re= 181718
                     span pos.    -0.392 m, Cl=  1.65458, Re= 208807
                     span pos.    -0.282 m, Cl=  1.61815, Re= 235896
                     span pos.    -0.182 m, Cl=  1.56926, Re= 260790
                     span pos.    -0.099 m, Cl=  1.51625, Re= 281473
                     span pos.    -0.039 m, Cl=  1.46843, Re= 296269
                     span pos.    -0.008 m, Cl=  1.43726, Re= 303979
                 ...done surface 1 - OTF failures:
                     span pos.     0.501 m, Cl=  1.66861, Re= 181718
                     span pos.     0.601 m, Cl=  1.64394, Re= 156823
                     span pos.     0.684 m, Cl=  1.54791, Re= 136140
                     span pos.     0.744 m, Cl=  1.31836, Re= 121344

          Error generating the operating point... discarding

     α=13°, β=0°, φ=0°, V∞=20 m/s
       Creating source strengths...
       Calculating doublet strengths...
       Calculating far field forces...
       Calculating on-body pressure coefficients...
       Calculating plane
          Calculating XFoil viscous drag on the fly...
             Processing Main Wing: 2 surfaces
                 ...done surface 0 - OTF failures:
                     span pos.    -0.501 m, Cl=  1.75333, Re= 181718
                     span pos.    -0.392 m, Cl=  1.73761, Re= 208807
                     span pos.    -0.282 m, Cl=  1.69866, Re= 235896
                     span pos.    -0.182 m, Cl=  1.64685, Re= 260790
                     span pos.    -0.099 m, Cl=  1.59088, Re= 281473
                     span pos.    -0.039 m, Cl=  1.54051, Re= 296269
                     span pos.    -0.008 m, Cl=  1.50774, Re= 303979
                 ...done surface 1 - OTF failures:
                     span pos.     0.501 m, Cl=  1.75333, Re= 181718
                     span pos.     0.601 m, Cl=  1.72860, Re= 156823
                     span pos.     0.684 m, Cl=  1.62881, Re= 136140
                     span pos.     0.744 m, Cl=  1.38794, Re= 121344

          Error generating the operating point... discarding

     α=14°, β=0°, φ=0°, V∞=20 m/s
       Creating source strengths...
       Calculating doublet strengths...
       Calculating far field forces...
       Calculating on-body pressure coefficients...
       Calculating plane
          Calculating XFoil viscous drag on the fly...
             Processing Main Wing: 2 surfaces
                 ...done surface 0 - OTF failures:
                     span pos.    -0.501 m, Cl=  1.83605, Re= 181718
                     span pos.    -0.392 m, Cl=  1.81869, Re= 208807
                     span pos.    -0.282 m, Cl=  1.77726, Re= 235896
                     span pos.    -0.182 m, Cl=  1.72259, Re= 260790
                     span pos.    -0.099 m, Cl=  1.66373, Re= 281473
                     span pos.    -0.039 m, Cl=  1.61086, Re= 296269
                     span pos.    -0.008 m, Cl=  1.57655, Re= 303979
                 ...done surface 1 - OTF failures:
                     span pos.     0.501 m, Cl=  1.83605, Re= 181718
                     span pos.     0.601 m, Cl=  1.81130, Re= 156823
                     span pos.     0.684 m, Cl=  1.70784, Re= 136140
                     span pos.     0.744 m, Cl=  1.45593, Re= 121344

          Error generating the operating point... discarding


Done plane task.

Panel analysis completed ... Errors encountered

_____Plane analyses completed_____



-----Starting boat analyses-----

No xml Boat files to load

Making the analysis pairs (boat, analysis)

Made 0 valid analysis pairs (boat, polar) to run

_____ Boat analyses completed_____


