
flow5 v7.57
01.09.2026  16:11:17
Reading foil .dat files
   added foil: E387
   added foil: NACA 0009

Making foil analysis list
No foil analysis requested


Available foils:
   E387
   NACA 0009



-----Starting plane analyses-----

Adding planes from the .xml files
   added the plane: drone_opt from file drone_plane.xml


Adding the plane analyses from the xml files
   the analysis drone_polar has been added for drone_opt

Making the analysis pairs (plane, analysis)
   added analysis for (drone_opt, drone_polar)
   Made 1 valid analysis pairs (plane, polar) to run

Launching plane analysis: drone_opt / drone_polar
Initializing task

drone_opt
drone_polar

Checking plane and polar data
   ...done

drone_polar
Type 1 - Fixed speed polar

ρ =     1.225 kg/m³
ν =   1.5e-05 m²/s

RFF         = 10
Core radius = 1e-06 m

Using 4 threads

Linear system calculations in floating point double precision

Using S. Nintcheu-Fata's method for off-plane integrals

Initializing the triangle analysis
Checking element sizes
   ...done

Setting flap positions

Connecting triangular panels...   done in 0.002 s
Counted 498 elements
Matrix size = 498

Allocating result arrays

Solving the problem... 

   Making the unit RHS vectors...       done in 0.000 s
   Making the influence matrix...       done in 0.024 s
   Adding the wake's contribution...    done in 0.001 s
   LAPACK - LU factorization...         done in 0.001 s
   Back-substituting RHS...             done in 0.000 s
   Making unit panel velocities...      done

   Calculating 20 operating points
     α=-5°, β=0°, φ=0°, V∞=20 m/s
       Creating source strengths...
       Calculating doublet strengths...
       Calculating far field forces...
       Calculating on-body pressure coefficients...
       Calculating plane
          Calculating XFoil viscous drag on the fly...
             Processing Main Wing: 2 surfaces
                 ...done surface 0
                 ...done surface 1
             Processing Elevator: 2 surfaces
                 ...done surface 0
                 ...done surface 1
             Processing Fin: 1 surfaces
                 ...done surface 0
             ...done.
          Skipping derivatives and eigenthings
          Done operating point

     α=-4°, β=0°, φ=0°, V∞=20 m/s
       Creating source strengths...
       Calculating doublet strengths...
       Calculating far field forces...
       Calculating on-body pressure coefficients...
       Calculating plane
          Calculating XFoil viscous drag on the fly...
             Processing Main Wing: 2 surfaces
                 ...done surface 1
                 ...done surface 0
             Processing Elevator: 2 surfaces
                 ...done surface 0
                 ...done surface 1
             Processing Fin: 1 surfaces
                 ...done surface 0
             ...done.
          Skipping derivatives and eigenthings
          Done operating point

     α=-3°, β=0°, φ=0°, V∞=20 m/s
       Creating source strengths...
       Calculating doublet strengths...
       Calculating far field forces...
       Calculating on-body pressure coefficients...
       Calculating plane
          Calculating XFoil viscous drag on the fly...
             Processing Main Wing: 2 surfaces
                 ...done surface 1
                 ...done surface 0
             Processing Elevator: 2 surfaces
                 ...done surface 0
                 ...done surface 1
             Processing Fin: 1 surfaces
                 ...done surface 0
             ...done.
          Skipping derivatives and eigenthings
          Done operating point

     α=-2°, β=0°, φ=0°, V∞=20 m/s
       Creating source strengths...
       Calculating doublet strengths...
       Calculating far field forces...
       Calculating on-body pressure coefficients...
       Calculating plane
          Calculating XFoil viscous drag on the fly...
             Processing Main Wing: 2 surfaces
                 ...done surface 0
                 ...done surface 1
             Processing Elevator: 2 surfaces
                 ...done surface 1
                 ...done surface 0
             Processing Fin: 1 surfaces
                 ...done surface 0
             ...done.
          Skipping derivatives and eigenthings
          Done operating point

     α=-1°, β=0°, φ=0°, V∞=20 m/s
       Creating source strengths...
       Calculating doublet strengths...
       Calculating far field forces...
       Calculating on-body pressure coefficients...
       Calculating plane
          Calculating XFoil viscous drag on the fly...
             Processing Main Wing: 2 surfaces
                 ...done surface 0
                 ...done surface 1
             Processing Elevator: 2 surfaces
                 ...done surface 0
                 ...done surface 1
             Processing Fin: 1 surfaces
                 ...done surface 0
             ...done.
          Skipping derivatives and eigenthings
          Done operating point

     α=0°, β=0°, φ=0°, V∞=20 m/s
       Creating source strengths...
       Calculating doublet strengths...
       Calculating far field forces...
       Calculating on-body pressure coefficients...
       Calculating plane
          Calculating XFoil viscous drag on the fly...
             Processing Main Wing: 2 surfaces
                 ...done surface 0
                 ...done surface 1
             Processing Elevator: 2 surfaces
                 ...done surface 1
                 ...done surface 0
             Processing Fin: 1 surfaces
                 ...done surface 0
             ...done.
          Skipping derivatives and eigenthings
          Done operating point

     α=1°, β=0°, φ=0°, V∞=20 m/s
       Creating source strengths...
       Calculating doublet strengths...
       Calculating far field forces...
       Calculating on-body pressure coefficients...
       Calculating plane
          Calculating XFoil viscous drag on the fly...
             Processing Main Wing: 2 surfaces
                 ...done surface 0
                 ...done surface 1
             Processing Elevator: 2 surfaces
                 ...done surface 0
                 ...done surface 1
             Processing Fin: 1 surfaces
                 ...done surface 0
             ...done.
          Skipping derivatives and eigenthings
          Done operating point

     α=2°, β=0°, φ=0°, V∞=20 m/s
       Creating source strengths...
       Calculating doublet strengths...
       Calculating far field forces...
       Calculating on-body pressure coefficients...
       Calculating plane
          Calculating XFoil viscous drag on the fly...
             Processing Main Wing: 2 surfaces
                 ...done surface 1
                 ...done surface 0
             Processing Elevator: 2 surfaces
                 ...done surface 0
                 ...done surface 1
             Processing Fin: 1 surfaces
                 ...done surface 0
             ...done.
          Skipping derivatives and eigenthings
          Done operating point

     α=3°, β=0°, φ=0°, V∞=20 m/s
       Creating source strengths...
       Calculating doublet strengths...
       Calculating far field forces...
       Calculating on-body pressure coefficients...
       Calculating plane
          Calculating XFoil viscous drag on the fly...
             Processing Main Wing: 2 surfaces
                 ...done surface 0
                 ...done surface 1
             Processing Elevator: 2 surfaces
                 ...done surface 1
                 ...done surface 0
             Processing Fin: 1 surfaces
                 ...done surface 0
             ...done.
          Skipping derivatives and eigenthings
          Done operating point

     α=4°, β=0°, φ=0°, V∞=20 m/s
       Creating source strengths...
       Calculating doublet strengths...
       Calculating far field forces...
       Calculating on-body pressure coefficients...
       Calculating plane
          Calculating XFoil viscous drag on the fly...
             Processing Main Wing: 2 surfaces
                 ...done surface 0
                 ...done surface 1
             Processing Elevator: 2 surfaces
                 ...done surface 0
                 ...done surface 1
             Processing Fin: 1 surfaces
                 ...done surface 0
             ...done.
          Skipping derivatives and eigenthings
          Done operating point

     α=5°, β=0°, φ=0°, V∞=20 m/s
       Creating source strengths...
       Calculating doublet strengths...
       Calculating far field forces...
       Calculating on-body pressure coefficients...
       Calculating plane
          Calculating XFoil viscous drag on the fly...
             Processing Main Wing: 2 surfaces
                 ...done surface 0
                 ...done surface 1
             Processing Elevator: 2 surfaces
                 ...done surface 1
                 ...done surface 0
             Processing Fin: 1 surfaces
                 ...done surface 0
             ...done.
          Skipping derivatives and eigenthings
          Done operating point

     α=6°, β=0°, φ=0°, V∞=20 m/s
       Creating source strengths...
       Calculating doublet strengths...
       Calculating far field forces...
       Calculating on-body pressure coefficients...
       Calculating plane
          Calculating XFoil viscous drag on the fly...
             Processing Main Wing: 2 surfaces
                 ...done surface 0
                 ...done surface 1
             Processing Elevator: 2 surfaces
                 ...done surface 1
                 ...done surface 0
             Processing Fin: 1 surfaces
                 ...done surface 0
             ...done.
          Skipping derivatives and eigenthings
          Done operating point

     α=7°, β=0°, φ=0°, V∞=20 m/s
       Creating source strengths...
       Calculating doublet strengths...
       Calculating far field forces...
       Calculating on-body pressure coefficients...
       Calculating plane
          Calculating XFoil viscous drag on the fly...
             Processing Main Wing: 2 surfaces
                 ...done surface 0
                 ...done surface 1
             Processing Elevator: 2 surfaces
                 ...done surface 0
                 ...done surface 1
             Processing Fin: 1 surfaces
                 ...done surface 0
             ...done.
          Skipping derivatives and eigenthings
          Done operating point

     α=8°, β=0°, φ=0°, V∞=20 m/s
       Creating source strengths...
       Calculating doublet strengths...
       Calculating far field forces...
       Calculating on-body pressure coefficients...
       Calculating plane
          Calculating XFoil viscous drag on the fly...
             Processing Main Wing: 2 surfaces
                 ...done surface 0 - OTF failures:
                     span pos.    -0.715 m, Cl=  1.30061, Re= 381227
                     span pos.    -0.515 m, Cl=  1.28427, Re= 423596
                     span pos.    -0.332 m, Cl=  1.25569, Re= 462532
                     span pos.    -0.014 m, Cl=  1.16673, Re= 530083
                 ...done surface 1 - OTF failures:
                     span pos.     0.715 m, Cl=  1.30061, Re= 381227
                     span pos.     0.914 m, Cl=  1.29682, Re= 338858
                     span pos.     1.097 m, Cl=  1.26039, Re= 299921

          Error generating the operating point... discarding

     α=9°, β=0°, φ=0°, V∞=20 m/s
       Creating source strengths...
       Calculating doublet strengths...
       Calculating far field forces...
       Calculating on-body pressure coefficients...
       Calculating plane
          Calculating XFoil viscous drag on the fly...
             Processing Main Wing: 2 surfaces
                 ...done surface 0 - OTF failures:
                     span pos.    -0.715 m, Cl=  1.39007, Re= 381227
                     span pos.    -0.515 m, Cl=  1.37173, Re= 423596
                     span pos.    -0.332 m, Cl=  1.34058, Re= 462532
                     span pos.    -0.180 m, Cl=  1.30366, Re= 494881
                     span pos.    -0.071 m, Cl=  1.26861, Re= 518023
                     span pos.    -0.014 m, Cl=  1.24486, Re= 530083
                 ...done surface 1 - OTF failures:
                     span pos.     0.715 m, Cl=  1.39007, Re= 381227
                     span pos.     0.914 m, Cl=  1.38719, Re= 338858
                     span pos.     1.097 m, Cl=  1.34958, Re= 299921

          Error generating the operating point... discarding

     α=10°, β=0°, φ=0°, V∞=20 m/s
       Creating source strengths...
       Calculating doublet strengths...
       Calculating far field forces...
       Calculating on-body pressure coefficients...
       Calculating plane
          Calculating XFoil viscous drag on the fly...
             Processing Main Wing: 2 surfaces
                 ...done surface 0 - OTF failures:
                     span pos.    -0.715 m, Cl=  1.47800, Re= 381227
                     span pos.    -0.515 m, Cl=  1.45769, Re= 423596
                     span pos.    -0.332 m, Cl=  1.42400, Re= 462532
                     span pos.    -0.180 m, Cl=  1.38437, Re= 494881
                     span pos.    -0.071 m, Cl=  1.34690, Re= 518023
                     span pos.    -0.014 m, Cl=  1.32162, Re= 530083
                 ...done surface 1 - OTF failures:
                     span pos.     0.715 m, Cl=  1.47800, Re= 381227
                     span pos.     0.914 m, Cl=  1.47602, Re= 338858
                     span pos.     1.097 m, Cl=  1.43725, Re= 299921
                     span pos.     1.250 m, Cl=  1.33382, Re= 267572

          Error generating the operating point... discarding

     α=11°, β=0°, φ=0°, V∞=20 m/s
       Creating source strengths...
       Calculating doublet strengths...
       Calculating far field forces...
       Calculating on-body pressure coefficients...
       Calculating plane
          Calculating XFoil viscous drag on the fly...
             Processing Main Wing: 2 surfaces
                 ...done surface 0 - OTF failures:
                     span pos.    -0.715 m, Cl=  1.56428, Re= 381227
                     span pos.    -0.515 m, Cl=  1.54202, Re= 423596
                     span pos.    -0.332 m, Cl=  1.50584, Re= 462532
                     span pos.    -0.180 m, Cl=  1.46356, Re= 494881
                     span pos.    -0.071 m, Cl=  1.42372, Re= 518023
                     span pos.    -0.014 m, Cl=  1.39693, Re= 530083
                 ...done surface 1 - OTF failures:
                     span pos.     0.715 m, Cl=  1.56428, Re= 381227
                     span pos.     0.914 m, Cl=  1.56319, Re= 338858
                     span pos.     1.097 m, Cl=  1.52331, Re= 299921
                     span pos.     1.250 m, Cl=  1.41473, Re= 267572
                     span pos.     1.358 m, Cl=  1.18522, Re= 244430

          Error generating the operating point... discarding

     α=12°, β=0°, φ=0°, V∞=20 m/s
       Creating source strengths...
       Calculating doublet strengths...
       Calculating far field forces...
       Calculating on-body pressure coefficients...
       Calculating plane
          Calculating XFoil viscous drag on the fly...
             Processing Main Wing: 2 surfaces
                 ...done surface 0 - OTF failures:
                     span pos.    -0.715 m, Cl=  1.64882, Re= 381227
                     span pos.    -0.515 m, Cl=  1.62464, Re= 423596
                     span pos.    -0.332 m, Cl=  1.58601, Re= 462532
                     span pos.    -0.180 m, Cl=  1.54112, Re= 494881
                     span pos.    -0.071 m, Cl=  1.49896, Re= 518023
                     span pos.    -0.014 m, Cl=  1.47070, Re= 530083
                 ...done surface 1 - OTF failures:
                     span pos.     0.715 m, Cl=  1.64882, Re= 381227
                     span pos.     0.914 m, Cl=  1.64862, Re= 338858
                     span pos.     1.097 m, Cl=  1.60765, Re= 299921
                     span pos.     1.250 m, Cl=  1.49403, Re= 267572
                     span pos.     1.358 m, Cl=  1.25211, Re= 244430

          Error generating the operating point... discarding

     α=13°, β=0°, φ=0°, V∞=20 m/s
       Creating source strengths...
       Calculating doublet strengths...
       Calculating far field forces...
       Calculating on-body pressure coefficients...
       Calculating plane
          Calculating XFoil viscous drag on the fly...
             Processing Main Wing: 2 surfaces
                 ...done surface 0 - OTF failures:
                     span pos.    -0.914 m, Cl=  1.73218, Re= 338858
                     span pos.    -0.715 m, Cl=  1.73150, Re= 381227
                     span pos.    -0.515 m, Cl=  1.70545, Re= 423596
                     span pos.    -0.332 m, Cl=  1.66442, Re= 462532
                     span pos.    -0.180 m, Cl=  1.61697, Re= 494881
                     span pos.    -0.071 m, Cl=  1.57253, Re= 518023
                     span pos.    -0.014 m, Cl=  1.54282, Re= 530083
                 ...done surface 1 - OTF failures:
                     span pos.     0.914 m, Cl=  1.73218, Re= 338858
                     span pos.     1.097 m, Cl=  1.69016, Re= 299921
                     span pos.     1.250 m, Cl=  1.57163, Re= 267572
                     span pos.     1.358 m, Cl=  1.31757, Re= 244430

          Error generating the operating point... discarding

     α=14°, β=0°, φ=0°, V∞=20 m/s
       Creating source strengths...
       Calculating doublet strengths...
       Calculating far field forces...
       Calculating on-body pressure coefficients...
       Calculating plane
          Calculating XFoil viscous drag on the fly...
             Processing Main Wing: 2 surfaces
                 ...done surface 0 - OTF failures:
                     span pos.    -0.914 m, Cl=  1.81379, Re= 338858
                     span pos.    -0.715 m, Cl=  1.81223, Re= 381227
                     span pos.    -0.515 m, Cl=  1.78433, Re= 423596
                     span pos.    -0.332 m, Cl=  1.74096, Re= 462532
                     span pos.    -0.180 m, Cl=  1.69101, Re= 494881
                     span pos.    -0.071 m, Cl=  1.64435, Re= 518023
                     span pos.    -0.014 m, Cl=  1.61323, Re= 530083
                 ...done surface 1 - OTF failures:
                     span pos.     0.914 m, Cl=  1.81379, Re= 338858
                     span pos.     1.097 m, Cl=  1.77076, Re= 299921
                     span pos.     1.250 m, Cl=  1.64744, Re= 267572
                     span pos.     1.358 m, Cl=  1.38152, Re= 244430

          Error generating the operating point... discarding


Done plane task.

Panel analysis completed ... Errors encountered

_____Plane analyses completed_____



-----Starting boat analyses-----

No xml Boat files to load

Making the analysis pairs (boat, analysis)

Made 0 valid analysis pairs (boat, polar) to run

_____ Boat analyses completed_____


