
flow5 v7.57
29.08.2026  18:29:55
Reading foil .dat files
   added foil: E387
   added foil: NACA 0009

Making foil analysis list
No foil analysis requested


Available foils:
   E387
   NACA 0009



-----Starting plane analyses-----

Adding planes from the .xml files
   added the plane: drone_opt from file drone_plane.xml


Adding the plane analyses from the xml files
   the analysis drone_polar has been added for drone_opt

Making the analysis pairs (plane, analysis)
   added analysis for (drone_opt, drone_polar)
   Made 1 valid analysis pairs (plane, polar) to run

Launching plane analysis: drone_opt / drone_polar
Initializing task

drone_opt
drone_polar

Checking plane and polar data
   ...done

drone_polar
Type 1 - Fixed speed polar

ρ =     1.225 kg/m³
ν =   1.5e-05 m²/s

RFF         = 10
Core radius = 1e-06 m

Using 4 threads

Linear system calculations in floating point double precision

Using S. Nintcheu-Fata's method for off-plane integrals

Initializing the triangle analysis
Checking element sizes
   ...done

Setting flap positions

Connecting triangular panels...   done in 0.002 s
Counted 498 elements
Matrix size = 498

Allocating result arrays

Solving the problem... 

   Making the unit RHS vectors...       done in 0.000 s
   Making the influence matrix...       done in 0.025 s
   Adding the wake's contribution...    done in 0.001 s
   LAPACK - LU factorization...         done in 0.001 s
   Back-substituting RHS...             done in 0.000 s
   Making unit panel velocities...      done

   Calculating 20 operating points
     α=-5°, β=0°, φ=0°, V∞=20 m/s
       Creating source strengths...
       Calculating doublet strengths...
       Calculating far field forces...
       Calculating on-body pressure coefficients...
       Calculating plane
          Calculating XFoil viscous drag on the fly...
             Processing Main Wing: 2 surfaces
                 ...done surface 0
                 ...done surface 1 - OTF failures:
                     span pos.     0.501 m, Cl=  0.02129, Re= 194248
                     span pos.     0.601 m, Cl=  0.00415, Re= 180869

          Error generating the operating point... discarding

     α=-4°, β=0°, φ=0°, V∞=20 m/s
       Creating source strengths...
       Calculating doublet strengths...
       Calculating far field forces...
       Calculating on-body pressure coefficients...
       Calculating plane
          Calculating XFoil viscous drag on the fly...
             Processing Main Wing: 2 surfaces
                 ...done surface 1
                 ...done surface 0
             Processing Elevator: 2 surfaces
                 ...done surface 0
                 ...done surface 1
             Processing Fin: 1 surfaces
                 ...done surface 0
             ...done.
          Skipping derivatives and eigenthings
          Done operating point

     α=-3°, β=0°, φ=0°, V∞=20 m/s
       Creating source strengths...
       Calculating doublet strengths...
       Calculating far field forces...
       Calculating on-body pressure coefficients...
       Calculating plane
          Calculating XFoil viscous drag on the fly...
             Processing Main Wing: 2 surfaces
                 ...done surface 1
                 ...done surface 0
             Processing Elevator: 2 surfaces
                 ...done surface 0
                 ...done surface 1
             Processing Fin: 1 surfaces
                 ...done surface 0
             ...done.
          Skipping derivatives and eigenthings
          Done operating point

     α=-2°, β=0°, φ=0°, V∞=20 m/s
       Creating source strengths...
       Calculating doublet strengths...
       Calculating far field forces...
       Calculating on-body pressure coefficients...
       Calculating plane
          Calculating XFoil viscous drag on the fly...
             Processing Main Wing: 2 surfaces
                 ...done surface 0
                 ...done surface 1
             Processing Elevator: 2 surfaces
                 ...done surface 0
                 ...done surface 1
             Processing Fin: 1 surfaces
                 ...done surface 0
             ...done.
          Skipping derivatives and eigenthings
          Done operating point

     α=-1°, β=0°, φ=0°, V∞=20 m/s
       Creating source strengths...
       Calculating doublet strengths...
       Calculating far field forces...
       Calculating on-body pressure coefficients...
       Calculating plane
          Calculating XFoil viscous drag on the fly...
             Processing Main Wing: 2 surfaces
                 ...done surface 1
                 ...done surface 0
             Processing Elevator: 2 surfaces
                 ...done surface 0
                 ...done surface 1
             Processing Fin: 1 surfaces
                 ...done surface 0
             ...done.
          Skipping derivatives and eigenthings
          Done operating point

     α=0°, β=0°, φ=0°, V∞=20 m/s
       Creating source strengths...
       Calculating doublet strengths...
       Calculating far field forces...
       Calculating on-body pressure coefficients...
       Calculating plane
          Calculating XFoil viscous drag on the fly...
             Processing Main Wing: 2 surfaces
                 ...done surface 0
                 ...done surface 1
             Processing Elevator: 2 surfaces
                 ...done surface 0
                 ...done surface 1
             Processing Fin: 1 surfaces
                 ...done surface 0
             ...done.
          Skipping derivatives and eigenthings
          Done operating point

     α=1°, β=0°, φ=0°, V∞=20 m/s
       Creating source strengths...
       Calculating doublet strengths...
       Calculating far field forces...
       Calculating on-body pressure coefficients...
       Calculating plane
          Calculating XFoil viscous drag on the fly...
             Processing Main Wing: 2 surfaces
                 ...done surface 0
                 ...done surface 1
             Processing Elevator: 2 surfaces
                 ...done surface 0
                 ...done surface 1
             Processing Fin: 1 surfaces
                 ...done surface 0
             ...done.
          Skipping derivatives and eigenthings
          Done operating point

     α=2°, β=0°, φ=0°, V∞=20 m/s
       Creating source strengths...
       Calculating doublet strengths...
       Calculating far field forces...
       Calculating on-body pressure coefficients...
       Calculating plane
          Calculating XFoil viscous drag on the fly...
             Processing Main Wing: 2 surfaces
                 ...done surface 0
                 ...done surface 1
             Processing Elevator: 2 surfaces
                 ...done surface 1
                 ...done surface 0
             Processing Fin: 1 surfaces
                 ...done surface 0
             ...done.
          Skipping derivatives and eigenthings
          Done operating point

     α=3°, β=0°, φ=0°, V∞=20 m/s
       Creating source strengths...
       Calculating doublet strengths...
       Calculating far field forces...
       Calculating on-body pressure coefficients...
       Calculating plane
          Calculating XFoil viscous drag on the fly...
             Processing Main Wing: 2 surfaces
                 ...done surface 1
                 ...done surface 0
             Processing Elevator: 2 surfaces
                 ...done surface 0
                 ...done surface 1
             Processing Fin: 1 surfaces
                 ...done surface 0
             ...done.
          Skipping derivatives and eigenthings
          Done operating point

     α=4°, β=0°, φ=0°, V∞=20 m/s
       Creating source strengths...
       Calculating doublet strengths...
       Calculating far field forces...
       Calculating on-body pressure coefficients...
       Calculating plane
          Calculating XFoil viscous drag on the fly...
             Processing Main Wing: 2 surfaces
                 ...done surface 0
                 ...done surface 1
             Processing Elevator: 2 surfaces
                 ...done surface 0
                 ...done surface 1
             Processing Fin: 1 surfaces
                 ...done surface 0
             ...done.
          Skipping derivatives and eigenthings
          Done operating point

     α=5°, β=0°, φ=0°, V∞=20 m/s
       Creating source strengths...
       Calculating doublet strengths...
       Calculating far field forces...
       Calculating on-body pressure coefficients...
       Calculating plane
          Calculating XFoil viscous drag on the fly...
             Processing Main Wing: 2 surfaces
                 ...done surface 0
                 ...done surface 1
             Processing Elevator: 2 surfaces
                 ...done surface 0
                 ...done surface 1
             Processing Fin: 1 surfaces
                 ...done surface 0
             ...done.
          Skipping derivatives and eigenthings
          Done operating point

     α=6°, β=0°, φ=0°, V∞=20 m/s
       Creating source strengths...
       Calculating doublet strengths...
       Calculating far field forces...
       Calculating on-body pressure coefficients...
       Calculating plane
          Calculating XFoil viscous drag on the fly...
             Processing Main Wing: 2 surfaces
                 ...done surface 1
                 ...done surface 0
             Processing Elevator: 2 surfaces
                 ...done surface 0
                 ...done surface 1
             Processing Fin: 1 surfaces
                 ...done surface 0
             ...done.
          Skipping derivatives and eigenthings
          Done operating point

     α=7°, β=0°, φ=0°, V∞=20 m/s
       Creating source strengths...
       Calculating doublet strengths...
       Calculating far field forces...
       Calculating on-body pressure coefficients...
       Calculating plane
          Calculating XFoil viscous drag on the fly...
             Processing Main Wing: 2 surfaces
                 ...done surface 0
                 ...done surface 1
             Processing Elevator: 2 surfaces
                 ...done surface 1
                 ...done surface 0
             Processing Fin: 1 surfaces
                 ...done surface 0
             ...done.
          Skipping derivatives and eigenthings
          Done operating point

     α=8°, β=0°, φ=0°, V∞=20 m/s
       Creating source strengths...
       Calculating doublet strengths...
       Calculating far field forces...
       Calculating on-body pressure coefficients...
       Calculating plane
          Calculating XFoil viscous drag on the fly...
             Processing Main Wing: 2 surfaces
                 ...done surface 1 - OTF failures:
                     span pos.     0.282 m, Cl=  1.28540, Re= 223365
                     span pos.     0.392 m, Cl=  1.27742, Re= 208807
                     span pos.     0.684 m, Cl=  1.06612, Re= 169753
                 ...done surface 0 - OTF failures:
                     span pos.    -0.282 m, Cl=  1.28540, Re= 223365
                     span pos.    -0.182 m, Cl=  1.27820, Re= 236744
                     span pos.    -0.099 m, Cl=  1.26157, Re= 247860
                     span pos.    -0.039 m, Cl=  1.24159, Re= 255812

          Error generating the operating point... discarding

     α=9°, β=0°, φ=0°, V∞=20 m/s
       Creating source strengths...
       Calculating doublet strengths...
       Calculating far field forces...
       Calculating on-body pressure coefficients...
       Calculating plane
          Calculating XFoil viscous drag on the fly...
             Processing Main Wing: 2 surfaces
                 ...done surface 0 - OTF failures:
                     span pos.    -0.282 m, Cl=  1.37356, Re= 223365
                     span pos.    -0.182 m, Cl=  1.36510, Re= 236744
                     span pos.    -0.099 m, Cl=  1.34681, Re= 247860
                     span pos.    -0.039 m, Cl=  1.32519, Re= 255812
                     span pos.    -0.008 m, Cl=  1.30853, Re= 259956
                 ...done surface 1 - OTF failures:
                     span pos.     0.282 m, Cl=  1.37356, Re= 223365
                     span pos.     0.392 m, Cl=  1.36605, Re= 208807
                     span pos.     0.501 m, Cl=  1.33502, Re= 194248
                     span pos.     0.684 m, Cl=  1.14312, Re= 169753

          Error generating the operating point... discarding

     α=10°, β=0°, φ=0°, V∞=20 m/s
       Creating source strengths...
       Calculating doublet strengths...
       Calculating far field forces...
       Calculating on-body pressure coefficients...
       Calculating plane
          Calculating XFoil viscous drag on the fly...
             Processing Main Wing: 2 surfaces
                 ...done surface 0 - OTF failures:
                     span pos.    -0.282 m, Cl=  1.46020, Re= 223365
                     span pos.    -0.182 m, Cl=  1.45050, Re= 236744
                     span pos.    -0.099 m, Cl=  1.43057, Re= 247860
                     span pos.    -0.039 m, Cl=  1.40733, Re= 255812
                     span pos.    -0.008 m, Cl=  1.38956, Re= 259956
                 ...done surface 1 - OTF failures:
                     span pos.     0.282 m, Cl=  1.46020, Re= 223365
                     span pos.     0.392 m, Cl=  1.45317, Re= 208807
                     span pos.     0.501 m, Cl=  1.42129, Re= 194248
                     span pos.     0.601 m, Cl=  1.35119, Re= 180869
                     span pos.     0.744 m, Cl=  0.98916, Re= 161801

          Error generating the operating point... discarding

     α=11°, β=0°, φ=0°, V∞=20 m/s
       Creating source strengths...
       Calculating doublet strengths...
       Calculating far field forces...
       Calculating on-body pressure coefficients...
       Calculating plane
          Calculating XFoil viscous drag on the fly...
             Processing Main Wing: 2 surfaces
                 ...done surface 1 - OTF failures:
                     span pos.     0.282 m, Cl=  1.54522, Re= 223365
                     span pos.     0.392 m, Cl=  1.53867, Re= 208807
                     span pos.     0.501 m, Cl=  1.50596, Re= 194248
                     span pos.     0.601 m, Cl=  1.43274, Re= 180869
                     span pos.     0.684 m, Cl=  1.29314, Re= 169753
                 ...done surface 0 - OTF failures:
                     span pos.    -0.282 m, Cl=  1.54522, Re= 223365
                     span pos.    -0.182 m, Cl=  1.53428, Re= 236744
                     span pos.    -0.099 m, Cl=  1.51275, Re= 247860
                     span pos.    -0.039 m, Cl=  1.48791, Re= 255812
                     span pos.    -0.008 m, Cl=  1.46907, Re= 259956

          Error generating the operating point... discarding

     α=12°, β=0°, φ=0°, V∞=20 m/s
       Creating source strengths...
       Calculating doublet strengths...
       Calculating far field forces...
       Calculating on-body pressure coefficients...
       Calculating plane
          Calculating XFoil viscous drag on the fly...
             Processing Main Wing: 2 surfaces
                 ...done surface 1 - OTF failures:
                     span pos.     0.282 m, Cl=  1.62851, Re= 223365
                     span pos.     0.392 m, Cl=  1.62244, Re= 208807
                     span pos.     0.501 m, Cl=  1.58893, Re= 194248
                     span pos.     0.601 m, Cl=  1.51266, Re= 180869
                     span pos.     0.684 m, Cl=  1.36599, Re= 169753
                 ...done surface 0 - OTF failures:
                     span pos.    -0.282 m, Cl=  1.62851, Re= 223365
                     span pos.    -0.182 m, Cl=  1.61636, Re= 236744
                     span pos.    -0.099 m, Cl=  1.59324, Re= 247860
                     span pos.    -0.039 m, Cl=  1.56685, Re= 255812
                     span pos.    -0.008 m, Cl=  1.54694, Re= 259956

          Error generating the operating point... discarding

     α=13°, β=0°, φ=0°, V∞=20 m/s
       Creating source strengths...
       Calculating doublet strengths...
       Calculating far field forces...
       Calculating on-body pressure coefficients...
       Calculating plane
          Calculating XFoil viscous drag on the fly...
             Processing Main Wing: 2 surfaces
                 ...done surface 1 - OTF failures:
                     span pos.     0.282 m, Cl=  1.70997, Re= 223365
                     span pos.     0.392 m, Cl=  1.70437, Re= 208807
                     span pos.     0.501 m, Cl=  1.67010, Re= 194248
                     span pos.     0.601 m, Cl=  1.59086, Re= 180869
                     span pos.     0.684 m, Cl=  1.43727, Re= 169753
                     span pos.     0.744 m, Cl=  1.16708, Re= 161801
                 ...done surface 0 - OTF failures:
                     span pos.    -0.282 m, Cl=  1.70997, Re= 223365
                     span pos.    -0.182 m, Cl=  1.69662, Re= 236744
                     span pos.    -0.099 m, Cl=  1.67196, Re= 247860
                     span pos.    -0.039 m, Cl=  1.64404, Re= 255812
                     span pos.    -0.008 m, Cl=  1.62309, Re= 259956

          Error generating the operating point... discarding

     α=14°, β=0°, φ=0°, V∞=20 m/s
       Creating source strengths...
       Calculating doublet strengths...
       Calculating far field forces...
       Calculating on-body pressure coefficients...
       Calculating plane
          Calculating XFoil viscous drag on the fly...
             Processing Main Wing: 2 surfaces
                 ...done surface 1 - OTF failures:
                     span pos.     0.282 m, Cl=  1.78951, Re= 223365
                     span pos.     0.392 m, Cl=  1.78438, Re= 208807
                     span pos.     0.501 m, Cl=  1.74937, Re= 194248
                     span pos.     0.601 m, Cl=  1.66724, Re= 180869
                     span pos.     0.684 m, Cl=  1.50691, Re= 169753
                 ...done surface 0 - OTF failures:
                     span pos.    -0.282 m, Cl=  1.78951, Re= 223365
                     span pos.    -0.182 m, Cl=  1.77498, Re= 236744
                     span pos.    -0.099 m, Cl=  1.74880, Re= 247860
                     span pos.    -0.039 m, Cl=  1.71938, Re= 255812
                     span pos.    -0.008 m, Cl=  1.69742, Re= 259956

          Error generating the operating point... discarding


Done plane task.

Panel analysis completed ... Errors encountered

_____Plane analyses completed_____



-----Starting boat analyses-----

No xml Boat files to load

Making the analysis pairs (boat, analysis)

Made 0 valid analysis pairs (boat, polar) to run

_____ Boat analyses completed_____


