
flow5 v7.57
29.08.2026  18:26:30
Reading foil .dat files
   added foil: E387
   added foil: NACA 0009

Making foil analysis list
No foil analysis requested


Available foils:
   E387
   NACA 0009



-----Starting plane analyses-----

Adding planes from the .xml files
   added the plane: drone_opt from file drone_plane.xml


Adding the plane analyses from the xml files
   the analysis drone_polar has been added for drone_opt

Making the analysis pairs (plane, analysis)
   added analysis for (drone_opt, drone_polar)
   Made 1 valid analysis pairs (plane, polar) to run

Launching plane analysis: drone_opt / drone_polar
Initializing task

drone_opt
drone_polar

Checking plane and polar data
   ...done

drone_polar
Type 1 - Fixed speed polar

ρ =     1.225 kg/m³
ν =   1.5e-05 m²/s

RFF         = 10
Core radius = 1e-06 m

Using 4 threads

Linear system calculations in floating point double precision

Using S. Nintcheu-Fata's method for off-plane integrals

Initializing the triangle analysis
Checking element sizes
   ...done

Setting flap positions

Connecting triangular panels...   done in 0.002 s
Counted 498 elements
Matrix size = 498

Allocating result arrays

Solving the problem... 

   Making the unit RHS vectors...       done in 0.000 s
   Making the influence matrix...       done in 0.025 s
   Adding the wake's contribution...    done in 0.001 s
   LAPACK - LU factorization...         done in 0.000 s
   Back-substituting RHS...             done in 0.000 s
   Making unit panel velocities...      done

   Calculating 20 operating points
     α=-5°, β=0°, φ=0°, V∞=20 m/s
       Creating source strengths...
       Calculating doublet strengths...
       Calculating far field forces...
       Calculating on-body pressure coefficients...
       Calculating plane
          Calculating XFoil viscous drag on the fly...
             Processing Main Wing: 2 surfaces
                 ...done surface 1
                 ...done surface 0
             Processing Elevator: 2 surfaces
                 ...done surface 1
                 ...done surface 0
             Processing Fin: 1 surfaces
                 ...done surface 0
             ...done.
          Skipping derivatives and eigenthings
          Done operating point

     α=-4°, β=0°, φ=0°, V∞=20 m/s
       Creating source strengths...
       Calculating doublet strengths...
       Calculating far field forces...
       Calculating on-body pressure coefficients...
       Calculating plane
          Calculating XFoil viscous drag on the fly...
             Processing Main Wing: 2 surfaces
                 ...done surface 0
                 ...done surface 1
             Processing Elevator: 2 surfaces
                 ...done surface 0
                 ...done surface 1
             Processing Fin: 1 surfaces
                 ...done surface 0
             ...done.
          Skipping derivatives and eigenthings
          Done operating point

     α=-3°, β=0°, φ=0°, V∞=20 m/s
       Creating source strengths...
       Calculating doublet strengths...
       Calculating far field forces...
       Calculating on-body pressure coefficients...
       Calculating plane
          Calculating XFoil viscous drag on the fly...
             Processing Main Wing: 2 surfaces
                 ...done surface 0
                 ...done surface 1
             Processing Elevator: 2 surfaces
                 ...done surface 1
                 ...done surface 0
             Processing Fin: 1 surfaces
                 ...done surface 0
             ...done.
          Skipping derivatives and eigenthings
          Done operating point

     α=-2°, β=0°, φ=0°, V∞=20 m/s
       Creating source strengths...
       Calculating doublet strengths...
       Calculating far field forces...
       Calculating on-body pressure coefficients...
       Calculating plane
          Calculating XFoil viscous drag on the fly...
             Processing Main Wing: 2 surfaces
                 ...done surface 0
                 ...done surface 1
             Processing Elevator: 2 surfaces
                 ...done surface 1
                 ...done surface 0
             Processing Fin: 1 surfaces
                 ...done surface 0
             ...done.
          Skipping derivatives and eigenthings
          Done operating point

     α=-1°, β=0°, φ=0°, V∞=20 m/s
       Creating source strengths...
       Calculating doublet strengths...
       Calculating far field forces...
       Calculating on-body pressure coefficients...
       Calculating plane
          Calculating XFoil viscous drag on the fly...
             Processing Main Wing: 2 surfaces
                 ...done surface 0
                 ...done surface 1
             Processing Elevator: 2 surfaces
                 ...done surface 0
                 ...done surface 1
             Processing Fin: 1 surfaces
                 ...done surface 0
             ...done.
          Skipping derivatives and eigenthings
          Done operating point

     α=0°, β=0°, φ=0°, V∞=20 m/s
       Creating source strengths...
       Calculating doublet strengths...
       Calculating far field forces...
       Calculating on-body pressure coefficients...
       Calculating plane
          Calculating XFoil viscous drag on the fly...
             Processing Main Wing: 2 surfaces
                 ...done surface 0
                 ...done surface 1
             Processing Elevator: 2 surfaces
                 ...done surface 1
                 ...done surface 0
             Processing Fin: 1 surfaces
                 ...done surface 0
             ...done.
          Skipping derivatives and eigenthings
          Done operating point

     α=1°, β=0°, φ=0°, V∞=20 m/s
       Creating source strengths...
       Calculating doublet strengths...
       Calculating far field forces...
       Calculating on-body pressure coefficients...
       Calculating plane
          Calculating XFoil viscous drag on the fly...
             Processing Main Wing: 2 surfaces
                 ...done surface 0
                 ...done surface 1
             Processing Elevator: 2 surfaces
                 ...done surface 1
                 ...done surface 0
             Processing Fin: 1 surfaces
                 ...done surface 0
             ...done.
          Skipping derivatives and eigenthings
          Done operating point

     α=2°, β=0°, φ=0°, V∞=20 m/s
       Creating source strengths...
       Calculating doublet strengths...
       Calculating far field forces...
       Calculating on-body pressure coefficients...
       Calculating plane
          Calculating XFoil viscous drag on the fly...
             Processing Main Wing: 2 surfaces
                 ...done surface 0
                 ...done surface 1
             Processing Elevator: 2 surfaces
                 ...done surface 0
                 ...done surface 1
             Processing Fin: 1 surfaces
                 ...done surface 0
             ...done.
          Skipping derivatives and eigenthings
          Done operating point

     α=3°, β=0°, φ=0°, V∞=20 m/s
       Creating source strengths...
       Calculating doublet strengths...
       Calculating far field forces...
       Calculating on-body pressure coefficients...
       Calculating plane
          Calculating XFoil viscous drag on the fly...
             Processing Main Wing: 2 surfaces
                 ...done surface 0
                 ...done surface 1
             Processing Elevator: 2 surfaces
                 ...done surface 0
                 ...done surface 1
             Processing Fin: 1 surfaces
                 ...done surface 0
             ...done.
          Skipping derivatives and eigenthings
          Done operating point

     α=4°, β=0°, φ=0°, V∞=20 m/s
       Creating source strengths...
       Calculating doublet strengths...
       Calculating far field forces...
       Calculating on-body pressure coefficients...
       Calculating plane
          Calculating XFoil viscous drag on the fly...
             Processing Main Wing: 2 surfaces
                 ...done surface 0
                 ...done surface 1
             Processing Elevator: 2 surfaces
                 ...done surface 0
                 ...done surface 1
             Processing Fin: 1 surfaces
                 ...done surface 0
             ...done.
          Skipping derivatives and eigenthings
          Done operating point

     α=5°, β=0°, φ=0°, V∞=20 m/s
       Creating source strengths...
       Calculating doublet strengths...
       Calculating far field forces...
       Calculating on-body pressure coefficients...
       Calculating plane
          Calculating XFoil viscous drag on the fly...
             Processing Main Wing: 2 surfaces
                 ...done surface 0
                 ...done surface 1
             Processing Elevator: 2 surfaces
                 ...done surface 1
                 ...done surface 0
             Processing Fin: 1 surfaces
                 ...done surface 0
             ...done.
          Skipping derivatives and eigenthings
          Done operating point

     α=6°, β=0°, φ=0°, V∞=20 m/s
       Creating source strengths...
       Calculating doublet strengths...
       Calculating far field forces...
       Calculating on-body pressure coefficients...
       Calculating plane
          Calculating XFoil viscous drag on the fly...
             Processing Main Wing: 2 surfaces
                 ...done surface 0
                 ...done surface 1
             Processing Elevator: 2 surfaces
                 ...done surface 0
                 ...done surface 1
             Processing Fin: 1 surfaces
                 ...done surface 0
             ...done.
          Skipping derivatives and eigenthings
          Done operating point

     α=7°, β=0°, φ=0°, V∞=20 m/s
       Creating source strengths...
       Calculating doublet strengths...
       Calculating far field forces...
       Calculating on-body pressure coefficients...
       Calculating plane
          Calculating XFoil viscous drag on the fly...
             Processing Main Wing: 2 surfaces
                 ...done surface 1
                 ...done surface 0
             Processing Elevator: 2 surfaces
                 ...done surface 0
                 ...done surface 1
             Processing Fin: 1 surfaces
                 ...done surface 0
             ...done.
          Skipping derivatives and eigenthings
          Done operating point

     α=8°, β=0°, φ=0°, V∞=20 m/s
       Creating source strengths...
       Calculating doublet strengths...
       Calculating far field forces...
       Calculating on-body pressure coefficients...
       Calculating plane
          Calculating XFoil viscous drag on the fly...
             Processing Main Wing: 2 surfaces
                 ...done surface 1 - OTF failures:
                     span pos.     0.501 m, Cl=  1.32039, Re= 180937
                     span pos.     0.601 m, Cl=  1.30040, Re= 155325
                     span pos.     0.775 m, Cl=  0.72716, Re= 110891
                 ...done surface 0 - OTF failures:
                     span pos.    -0.501 m, Cl=  1.32039, Re= 180937
                     span pos.    -0.392 m, Cl=  1.30955, Re= 208807
                     span pos.    -0.282 m, Cl=  1.28062, Re= 236676

          Error generating the operating point... discarding

     α=9°, β=0°, φ=0°, V∞=20 m/s
       Creating source strengths...
       Calculating doublet strengths...
       Calculating far field forces...
       Calculating on-body pressure coefficients...
       Calculating plane
          Calculating XFoil viscous drag on the fly...
             Processing Main Wing: 2 surfaces
                 ...done surface 0 - OTF failures:
                     span pos.    -0.501 m, Cl=  1.41220, Re= 180937
                     span pos.    -0.392 m, Cl=  1.39943, Re= 208807
                     span pos.    -0.282 m, Cl=  1.36767, Re= 236676
                     span pos.    -0.182 m, Cl=  1.32543, Re= 262288
                 ...done surface 1 - OTF failures:
                     span pos.     0.501 m, Cl=  1.41220, Re= 180937
                     span pos.     0.601 m, Cl=  1.39230, Re= 155325
                     span pos.     0.684 m, Cl=  1.31266, Re= 134046

          Error generating the operating point... discarding

     α=10°, β=0°, φ=0°, V∞=20 m/s
       Creating source strengths...
       Calculating doublet strengths...
       Calculating far field forces...
       Calculating on-body pressure coefficients...
       Calculating plane
          Calculating XFoil viscous drag on the fly...
             Processing Main Wing: 2 surfaces
                 ...done surface 0 - OTF failures:
                     span pos.    -0.501 m, Cl=  1.50244, Re= 180937
                     span pos.    -0.392 m, Cl=  1.48776, Re= 208807
                     span pos.    -0.282 m, Cl=  1.45321, Re= 236676
                     span pos.    -0.182 m, Cl=  1.40779, Re= 262288
                     span pos.    -0.099 m, Cl=  1.35907, Re= 283567
                     span pos.    -0.039 m, Cl=  1.31539, Re= 298790
                     span pos.    -0.008 m, Cl=  1.28696, Re= 306723
                 ...done surface 1 - OTF failures:
                     span pos.     0.501 m, Cl=  1.50244, Re= 180937
                     span pos.     0.601 m, Cl=  1.48265, Re= 155325
                     span pos.     0.684 m, Cl=  1.39922, Re= 134046

          Error generating the operating point... discarding

     α=11°, β=0°, φ=0°, V∞=20 m/s
       Creating source strengths...
       Calculating doublet strengths...
       Calculating far field forces...
       Calculating on-body pressure coefficients...
       Calculating plane
          Calculating XFoil viscous drag on the fly...
             Processing Main Wing: 2 surfaces
                 ...done surface 0 - OTF failures:
                     span pos.    -0.501 m, Cl=  1.59100, Re= 180937
                     span pos.    -0.392 m, Cl=  1.57443, Re= 208807
                     span pos.    -0.282 m, Cl=  1.53715, Re= 236676
                     span pos.    -0.182 m, Cl=  1.48860, Re= 262288
                     span pos.    -0.099 m, Cl=  1.43672, Re= 283567
                     span pos.    -0.039 m, Cl=  1.39032, Re= 298790
                     span pos.    -0.008 m, Cl=  1.36021, Re= 306723
                 ...done surface 1 - OTF failures:
                     span pos.     0.501 m, Cl=  1.59100, Re= 180937
                     span pos.     0.601 m, Cl=  1.57134, Re= 155325
                     span pos.     0.684 m, Cl=  1.48420, Re= 134046
                     span pos.     0.744 m, Cl=  1.26912, Re= 118823
                     span pos.     0.775 m, Cl=  0.88332, Re= 110891

          Error generating the operating point... discarding

     α=12°, β=0°, φ=0°, V∞=20 m/s
       Creating source strengths...
       Calculating doublet strengths...
       Calculating far field forces...
       Calculating on-body pressure coefficients...
       Calculating plane
          Calculating XFoil viscous drag on the fly...
             Processing Main Wing: 2 surfaces
                 ...done surface 0 - OTF failures:
                     span pos.    -0.501 m, Cl=  1.67778, Re= 180937
                     span pos.    -0.392 m, Cl=  1.65936, Re= 208807
                     span pos.    -0.282 m, Cl=  1.61938, Re= 236676
                     span pos.    -0.182 m, Cl=  1.56775, Re= 262288
                     span pos.    -0.099 m, Cl=  1.51278, Re= 283567
                     span pos.    -0.039 m, Cl=  1.46371, Re= 298790
                     span pos.    -0.008 m, Cl=  1.43196, Re= 306723
                 ...done surface 1 - OTF failures:
                     span pos.     0.501 m, Cl=  1.67778, Re= 180937
                     span pos.     0.601 m, Cl=  1.65825, Re= 155325
                     span pos.     0.684 m, Cl=  1.56750, Re= 134046
                     span pos.     0.744 m, Cl=  1.34105, Re= 118823

          Error generating the operating point... discarding

     α=13°, β=0°, φ=0°, V∞=20 m/s
       Creating source strengths...
       Calculating doublet strengths...
       Calculating far field forces...
       Calculating on-body pressure coefficients...
       Calculating plane
          Calculating XFoil viscous drag on the fly...
             Processing Main Wing: 2 surfaces
                 ...done surface 0 - OTF failures:
                     span pos.    -0.501 m, Cl=  1.76267, Re= 180937
                     span pos.    -0.392 m, Cl=  1.74242, Re= 208807
                     span pos.    -0.282 m, Cl=  1.69980, Re= 236676
                     span pos.    -0.182 m, Cl=  1.64516, Re= 262288
                     span pos.    -0.099 m, Cl=  1.58715, Re= 283567
                     span pos.    -0.039 m, Cl=  1.53548, Re= 298790
                     span pos.    -0.008 m, Cl=  1.50211, Re= 306723
                 ...done surface 1 - OTF failures:
                     span pos.     0.501 m, Cl=  1.76267, Re= 180937
                     span pos.     0.601 m, Cl=  1.74328, Re= 155325
                     span pos.     0.684 m, Cl=  1.64901, Re= 134046
                     span pos.     0.744 m, Cl=  1.41144, Re= 118823

          Error generating the operating point... discarding

     α=14°, β=0°, φ=0°, V∞=20 m/s
       Creating source strengths...
       Calculating doublet strengths...
       Calculating far field forces...
       Calculating on-body pressure coefficients...
       Calculating plane
          Calculating XFoil viscous drag on the fly...
             Processing Main Wing: 2 surfaces
                 ...done surface 0 - OTF failures:
                     span pos.    -0.501 m, Cl=  1.84557, Re= 180937
                     span pos.    -0.392 m, Cl=  1.82352, Re= 208807
                     span pos.    -0.282 m, Cl=  1.77831, Re= 236676
                     span pos.    -0.182 m, Cl=  1.72072, Re= 262288
                     span pos.    -0.099 m, Cl=  1.65976, Re= 283567
                     span pos.    -0.039 m, Cl=  1.60554, Re= 298790
                     span pos.    -0.008 m, Cl=  1.57059, Re= 306723
                 ...done surface 1 - OTF failures:
                     span pos.     0.501 m, Cl=  1.84557, Re= 180937
                     span pos.     0.601 m, Cl=  1.82634, Re= 155325
                     span pos.     0.684 m, Cl=  1.72864, Re= 134046
                     span pos.     0.744 m, Cl=  1.48021, Re= 118823

          Error generating the operating point... discarding


Done plane task.

Panel analysis completed ... Errors encountered

_____Plane analyses completed_____



-----Starting boat analyses-----

No xml Boat files to load

Making the analysis pairs (boat, analysis)

Made 0 valid analysis pairs (boat, polar) to run

_____ Boat analyses completed_____


