
flow5 v7.57
29.08.2026  18:20:18
Reading foil .dat files
   added foil: E387
   added foil: NACA 0009

Making foil analysis list
No foil analysis requested


Available foils:
   E387
   NACA 0009



-----Starting plane analyses-----

Adding planes from the .xml files
   added the plane: drone_opt from file drone_plane.xml


Adding the plane analyses from the xml files
   the analysis drone_polar has been added for drone_opt

Making the analysis pairs (plane, analysis)
   added analysis for (drone_opt, drone_polar)
   Made 1 valid analysis pairs (plane, polar) to run

Launching plane analysis: drone_opt / drone_polar
Initializing task

drone_opt
drone_polar

Checking plane and polar data
   ...done

drone_polar
Type 1 - Fixed speed polar

ρ =     1.225 kg/m³
ν =   1.5e-05 m²/s

RFF         = 10
Core radius = 1e-06 m

Using 4 threads

Linear system calculations in floating point double precision

Using S. Nintcheu-Fata's method for off-plane integrals

Initializing the triangle analysis
Checking element sizes
   ...done

Setting flap positions

Connecting triangular panels...   done in 0.002 s
Counted 498 elements
Matrix size = 498

Allocating result arrays

Solving the problem... 

   Making the unit RHS vectors...       done in 0.000 s
   Making the influence matrix...       done in 0.025 s
   Adding the wake's contribution...    done in 0.001 s
   LAPACK - LU factorization...         done in 0.000 s
   Back-substituting RHS...             done in 0.000 s
   Making unit panel velocities...      done

   Calculating 20 operating points
     α=-5°, β=0°, φ=0°, V∞=20 m/s
       Creating source strengths...
       Calculating doublet strengths...
       Calculating far field forces...
       Calculating on-body pressure coefficients...
       Calculating plane
          Calculating XFoil viscous drag on the fly...
             Processing Main Wing: 2 surfaces
                 ...done surface 1 - OTF failures:
                     span pos.     0.451 m, Cl=  0.03004, Re= 205260
                 ...done surface 0

          Error generating the operating point... discarding

     α=-4°, β=0°, φ=0°, V∞=20 m/s
       Creating source strengths...
       Calculating doublet strengths...
       Calculating far field forces...
       Calculating on-body pressure coefficients...
       Calculating plane
          Calculating XFoil viscous drag on the fly...
             Processing Main Wing: 2 surfaces
                 ...done surface 0
                 ...done surface 1
             Processing Elevator: 2 surfaces
                 ...done surface 0
                 ...done surface 1
             Processing Fin: 1 surfaces
                 ...done surface 0
             ...done.
          Skipping derivatives and eigenthings
          Done operating point

     α=-3°, β=0°, φ=0°, V∞=20 m/s
       Creating source strengths...
       Calculating doublet strengths...
       Calculating far field forces...
       Calculating on-body pressure coefficients...
       Calculating plane
          Calculating XFoil viscous drag on the fly...
             Processing Main Wing: 2 surfaces
                 ...done surface 1
                 ...done surface 0
             Processing Elevator: 2 surfaces
                 ...done surface 0
                 ...done surface 1
             Processing Fin: 1 surfaces
                 ...done surface 0
             ...done.
          Skipping derivatives and eigenthings
          Done operating point

     α=-2°, β=0°, φ=0°, V∞=20 m/s
       Creating source strengths...
       Calculating doublet strengths...
       Calculating far field forces...
       Calculating on-body pressure coefficients...
       Calculating plane
          Calculating XFoil viscous drag on the fly...
             Processing Main Wing: 2 surfaces
                 ...done surface 0
                 ...done surface 1
             Processing Elevator: 2 surfaces
                 ...done surface 0
                 ...done surface 1
             Processing Fin: 1 surfaces
                 ...done surface 0
             ...done.
          Skipping derivatives and eigenthings
          Done operating point

     α=-1°, β=0°, φ=0°, V∞=20 m/s
       Creating source strengths...
       Calculating doublet strengths...
       Calculating far field forces...
       Calculating on-body pressure coefficients...
       Calculating plane
          Calculating XFoil viscous drag on the fly...
             Processing Main Wing: 2 surfaces
                 ...done surface 0
                 ...done surface 1
             Processing Elevator: 2 surfaces
                 ...done surface 0
                 ...done surface 1
             Processing Fin: 1 surfaces
                 ...done surface 0
             ...done.
          Skipping derivatives and eigenthings
          Done operating point

     α=0°, β=0°, φ=0°, V∞=20 m/s
       Creating source strengths...
       Calculating doublet strengths...
       Calculating far field forces...
       Calculating on-body pressure coefficients...
       Calculating plane
          Calculating XFoil viscous drag on the fly...
             Processing Main Wing: 2 surfaces
                 ...done surface 1
                 ...done surface 0
             Processing Elevator: 2 surfaces
                 ...done surface 0
                 ...done surface 1
             Processing Fin: 1 surfaces
                 ...done surface 0
             ...done.
          Skipping derivatives and eigenthings
          Done operating point

     α=1°, β=0°, φ=0°, V∞=20 m/s
       Creating source strengths...
       Calculating doublet strengths...
       Calculating far field forces...
       Calculating on-body pressure coefficients...
       Calculating plane
          Calculating XFoil viscous drag on the fly...
             Processing Main Wing: 2 surfaces
                 ...done surface 0
                 ...done surface 1
             Processing Elevator: 2 surfaces
                 ...done surface 1
                 ...done surface 0
             Processing Fin: 1 surfaces
                 ...done surface 0
             ...done.
          Skipping derivatives and eigenthings
          Done operating point

     α=2°, β=0°, φ=0°, V∞=20 m/s
       Creating source strengths...
       Calculating doublet strengths...
       Calculating far field forces...
       Calculating on-body pressure coefficients...
       Calculating plane
          Calculating XFoil viscous drag on the fly...
             Processing Main Wing: 2 surfaces
                 ...done surface 1
                 ...done surface 0
             Processing Elevator: 2 surfaces
                 ...done surface 0
                 ...done surface 1
             Processing Fin: 1 surfaces
                 ...done surface 0
             ...done.
          Skipping derivatives and eigenthings
          Done operating point

     α=3°, β=0°, φ=0°, V∞=20 m/s
       Creating source strengths...
       Calculating doublet strengths...
       Calculating far field forces...
       Calculating on-body pressure coefficients...
       Calculating plane
          Calculating XFoil viscous drag on the fly...
             Processing Main Wing: 2 surfaces
                 ...done surface 1
                 ...done surface 0
             Processing Elevator: 2 surfaces
                 ...done surface 1
                 ...done surface 0
             Processing Fin: 1 surfaces
                 ...done surface 0
             ...done.
          Skipping derivatives and eigenthings
          Done operating point

     α=4°, β=0°, φ=0°, V∞=20 m/s
       Creating source strengths...
       Calculating doublet strengths...
       Calculating far field forces...
       Calculating on-body pressure coefficients...
       Calculating plane
          Calculating XFoil viscous drag on the fly...
             Processing Main Wing: 2 surfaces
                 ...done surface 0
                 ...done surface 1
             Processing Elevator: 2 surfaces
                 ...done surface 0
                 ...done surface 1
             Processing Fin: 1 surfaces
                 ...done surface 0
             ...done.
          Skipping derivatives and eigenthings
          Done operating point

     α=5°, β=0°, φ=0°, V∞=20 m/s
       Creating source strengths...
       Calculating doublet strengths...
       Calculating far field forces...
       Calculating on-body pressure coefficients...
       Calculating plane
          Calculating XFoil viscous drag on the fly...
             Processing Main Wing: 2 surfaces
                 ...done surface 0
                 ...done surface 1
             Processing Elevator: 2 surfaces
                 ...done surface 0
                 ...done surface 1
             Processing Fin: 1 surfaces
                 ...done surface 0
             ...done.
          Skipping derivatives and eigenthings
          Done operating point

     α=6°, β=0°, φ=0°, V∞=20 m/s
       Creating source strengths...
       Calculating doublet strengths...
       Calculating far field forces...
       Calculating on-body pressure coefficients...
       Calculating plane
          Calculating XFoil viscous drag on the fly...
             Processing Main Wing: 2 surfaces
                 ...done surface 1
                 ...done surface 0
             Processing Elevator: 2 surfaces
                 ...done surface 1
                 ...done surface 0
             Processing Fin: 1 surfaces
                 ...done surface 0
             ...done.
          Skipping derivatives and eigenthings
          Done operating point

     α=7°, β=0°, φ=0°, V∞=20 m/s
       Creating source strengths...
       Calculating doublet strengths...
       Calculating far field forces...
       Calculating on-body pressure coefficients...
       Calculating plane
          Calculating XFoil viscous drag on the fly...
             Processing Main Wing: 2 surfaces
                 ...done surface 1
                 ...done surface 0
             Processing Elevator: 2 surfaces
                 ...done surface 1
                 ...done surface 0
             Processing Fin: 1 surfaces
                 ...done surface 0
             ...done.
          Skipping derivatives and eigenthings
          Done operating point

     α=8°, β=0°, φ=0°, V∞=20 m/s
       Creating source strengths...
       Calculating doublet strengths...
       Calculating far field forces...
       Calculating on-body pressure coefficients...
       Calculating plane
          Calculating XFoil viscous drag on the fly...
             Processing Main Wing: 2 surfaces
                 ...done surface 1
                 ...done surface 0
             Processing Elevator: 2 surfaces
                 ...done surface 0
                 ...done surface 1
             Processing Fin: 1 surfaces
                 ...done surface 0
             ...done.
          Skipping derivatives and eigenthings
          Done operating point

     α=9°, β=0°, φ=0°, V∞=20 m/s
       Creating source strengths...
       Calculating doublet strengths...
       Calculating far field forces...
       Calculating on-body pressure coefficients...
       Calculating plane
          Calculating XFoil viscous drag on the fly...
             Processing Main Wing: 2 surfaces
                 ...done surface 0 - OTF failures:
                     span pos.    -0.451 m, Cl=  1.33475, Re= 205260
                     span pos.    -0.353 m, Cl=  1.33449, Re= 231647
                     span pos.    -0.254 m, Cl=  1.31211, Re= 258033
                     span pos.    -0.164 m, Cl=  1.27718, Re= 282281
                     span pos.    -0.089 m, Cl=  1.23758, Re= 302428
                     span pos.    -0.035 m, Cl=  1.20145, Re= 316840
                 ...done surface 1 - OTF failures:
                     span pos.     0.451 m, Cl=  1.33475, Re= 205260
                     span pos.     0.542 m, Cl=  1.29805, Re= 181012

          Error generating the operating point... discarding

     α=10°, β=0°, φ=0°, V∞=20 m/s
       Creating source strengths...
       Calculating doublet strengths...
       Calculating far field forces...
       Calculating on-body pressure coefficients...
       Calculating plane
          Calculating XFoil viscous drag on the fly...
             Processing Main Wing: 2 surfaces
                 ...done surface 0 - OTF failures:
                     span pos.    -0.451 m, Cl=  1.42042, Re= 205260
                     span pos.    -0.353 m, Cl=  1.41901, Re= 231647
                     span pos.    -0.254 m, Cl=  1.39433, Re= 258033
                     span pos.    -0.164 m, Cl=  1.35657, Re= 282281
                     span pos.    -0.089 m, Cl=  1.31407, Re= 302428
                     span pos.    -0.035 m, Cl=  1.27546, Re= 316840
                     span pos.    -0.007 m, Cl=  1.25044, Re= 324350
                 ...done surface 1 - OTF failures:
                     span pos.     0.451 m, Cl=  1.42042, Re= 205260
                     span pos.     0.542 m, Cl=  1.38263, Re= 181012
                     span pos.     0.617 m, Cl=  1.27747, Re= 160866

          Error generating the operating point... discarding

     α=11°, β=0°, φ=0°, V∞=20 m/s
       Creating source strengths...
       Calculating doublet strengths...
       Calculating far field forces...
       Calculating on-body pressure coefficients...
       Calculating plane
          Calculating XFoil viscous drag on the fly...
             Processing Main Wing: 2 surfaces
                 ...done surface 0 - OTF failures:
                     span pos.    -0.451 m, Cl=  1.50450, Re= 205260
                     span pos.    -0.353 m, Cl=  1.50195, Re= 231647
                     span pos.    -0.254 m, Cl=  1.47500, Re= 258033
                     span pos.    -0.164 m, Cl=  1.43445, Re= 282281
                     span pos.    -0.089 m, Cl=  1.38911, Re= 302428
                     span pos.    -0.035 m, Cl=  1.34807, Re= 316840
                     span pos.    -0.007 m, Cl=  1.32156, Re= 324350
                 ...done surface 1 - OTF failures:
                     span pos.     0.451 m, Cl=  1.50450, Re= 205260
                     span pos.     0.542 m, Cl=  1.46567, Re= 181012
                     span pos.     0.617 m, Cl=  1.35522, Re= 160866
                     span pos.     0.671 m, Cl=  1.12619, Re= 146453

          Error generating the operating point... discarding

     α=12°, β=0°, φ=0°, V∞=20 m/s
       Creating source strengths...
       Calculating doublet strengths...
       Calculating far field forces...
       Calculating on-body pressure coefficients...
       Calculating plane
          Calculating XFoil viscous drag on the fly...
             Processing Main Wing: 2 surfaces
                 ...done surface 0 - OTF failures:
                     span pos.    -0.451 m, Cl=  1.58689, Re= 205260
                     span pos.    -0.353 m, Cl=  1.58321, Re= 231647
                     span pos.    -0.254 m, Cl=  1.55404, Re= 258033
                     span pos.    -0.164 m, Cl=  1.51075, Re= 282281
                     span pos.    -0.089 m, Cl=  1.46261, Re= 302428
                     span pos.    -0.035 m, Cl=  1.41918, Re= 316840
                     span pos.    -0.007 m, Cl=  1.39122, Re= 324350
                 ...done surface 1 - OTF failures:
                     span pos.     0.451 m, Cl=  1.58689, Re= 205260
                     span pos.     0.542 m, Cl=  1.54704, Re= 181012
                     span pos.     0.617 m, Cl=  1.43144, Re= 160866
                     span pos.     0.671 m, Cl=  1.18999, Re= 146453

          Error generating the operating point... discarding

     α=13°, β=0°, φ=0°, V∞=20 m/s
       Creating source strengths...
       Calculating doublet strengths...
       Calculating far field forces...
       Calculating on-body pressure coefficients...
       Calculating plane
          Calculating XFoil viscous drag on the fly...
             Processing Main Wing: 2 surfaces
                 ...done surface 0 - OTF failures:
                     span pos.    -0.451 m, Cl=  1.66749, Re= 205260
                     span pos.    -0.353 m, Cl=  1.66269, Re= 231647
                     span pos.    -0.254 m, Cl=  1.63133, Re= 258033
                     span pos.    -0.164 m, Cl=  1.58537, Re= 282281
                     span pos.    -0.089 m, Cl=  1.53448, Re= 302428
                     span pos.    -0.035 m, Cl=  1.48872, Re= 316840
                     span pos.    -0.007 m, Cl=  1.45934, Re= 324350
                 ...done surface 1 - OTF failures:
                     span pos.     0.451 m, Cl=  1.66749, Re= 205260
                     span pos.     0.542 m, Cl=  1.62667, Re= 181012
                     span pos.     0.617 m, Cl=  1.50602, Re= 160866
                     span pos.     0.671 m, Cl=  1.25243, Re= 146453

          Error generating the operating point... discarding

     α=14°, β=0°, φ=0°, V∞=20 m/s
       Creating source strengths...
       Calculating doublet strengths...
       Calculating far field forces...
       Calculating on-body pressure coefficients...
       Calculating plane
          Calculating XFoil viscous drag on the fly...
             Processing Main Wing: 2 surfaces
                 ...done surface 0 - OTF failures:
                     span pos.    -0.451 m, Cl=  1.74620, Re= 205260
                     span pos.    -0.353 m, Cl=  1.74030, Re= 231647
                     span pos.    -0.254 m, Cl=  1.70680, Re= 258033
                     span pos.    -0.164 m, Cl=  1.65821, Re= 282281
                     span pos.    -0.089 m, Cl=  1.60464, Re= 302428
                     span pos.    -0.035 m, Cl=  1.55660, Re= 316840
                     span pos.    -0.007 m, Cl=  1.52583, Re= 324350
                 ...done surface 1 - OTF failures:
                     span pos.     0.451 m, Cl=  1.74620, Re= 205260
                     span pos.     0.542 m, Cl=  1.70444, Re= 181012
                     span pos.     0.617 m, Cl=  1.57889, Re= 160866
                     span pos.     0.671 m, Cl=  1.31343, Re= 146453

          Error generating the operating point... discarding


Done plane task.

Panel analysis completed ... Errors encountered

_____Plane analyses completed_____



-----Starting boat analyses-----

No xml Boat files to load

Making the analysis pairs (boat, analysis)

Made 0 valid analysis pairs (boat, polar) to run

_____ Boat analyses completed_____


