
flow5 v7.57
27.08.2026  22:42:25
Reading foil .dat files
   added foil: E387
   added foil: NACA 0009

Making foil analysis list
No foil analysis requested


Available foils:
   E387
   NACA 0009



-----Starting plane analyses-----

Adding planes from the .xml files
   added the plane: drone_opt from file drone_plane.xml


Adding the plane analyses from the xml files
   the analysis drone_polar has been added for drone_opt

Making the analysis pairs (plane, analysis)
   added analysis for (drone_opt, drone_polar)
   Made 1 valid analysis pairs (plane, polar) to run

Launching plane analysis: drone_opt / drone_polar
Initializing task

drone_opt
drone_polar

Checking plane and polar data
   ...done

drone_polar
Type 1 - Fixed speed polar

ρ =     1.225 kg/m³
ν =   1.5e-05 m²/s

RFF         = 10
Core radius = 1e-06 m

Using 4 threads

Linear system calculations in floating point double precision

Using S. Nintcheu-Fata's method for off-plane integrals

Initializing the triangle analysis
Checking element sizes
   ...done

Setting flap positions

Connecting triangular panels...   done in 0.003 s
Counted 498 elements
Matrix size = 498

Allocating result arrays

Solving the problem... 

   Making the unit RHS vectors...       done in 0.000 s
   Making the influence matrix...       done in 0.032 s
   Adding the wake's contribution...    done in 0.001 s
   LAPACK - LU factorization...         done in 0.001 s
   Back-substituting RHS...             done in 0.000 s
   Making unit panel velocities...      done

   Calculating 20 operating points
     α=-5°, β=0°, φ=0°, V∞=20 m/s
       Creating source strengths...
       Calculating doublet strengths...
       Calculating far field forces...
       Calculating on-body pressure coefficients...
       Calculating plane
          Calculating XFoil viscous drag on the fly...
             Processing Main Wing: 2 surfaces
                 ...done surface 1 - OTF failures:
                     span pos.     0.684 m, Cl= -0.00683, Re= 153854
                     span pos.     0.744 m, Cl= -0.01189, Re= 142665
                     span pos.     0.775 m, Cl= -0.00764, Re= 136834
                 ...done surface 0 - OTF failures:
                     span pos.    -0.744 m, Cl= -0.01189, Re= 142665

          Error generating the operating point... discarding

     α=-4°, β=0°, φ=0°, V∞=20 m/s
       Creating source strengths...
       Calculating doublet strengths...
       Calculating far field forces...
       Calculating on-body pressure coefficients...
       Calculating plane
          Calculating XFoil viscous drag on the fly...
             Processing Main Wing: 2 surfaces
                 ...done surface 1
                 ...done surface 0
             Processing Elevator: 2 surfaces
                 ...done surface 1
                 ...done surface 0
             Processing Fin: 1 surfaces
                 ...done surface 0
             ...done.
          Skipping derivatives and eigenthings
          Done operating point

     α=-3°, β=0°, φ=0°, V∞=20 m/s
       Creating source strengths...
       Calculating doublet strengths...
       Calculating far field forces...
       Calculating on-body pressure coefficients...
       Calculating plane
          Calculating XFoil viscous drag on the fly...
             Processing Main Wing: 2 surfaces
                 ...done surface 0
                 ...done surface 1
             Processing Elevator: 2 surfaces
                 ...done surface 0
                 ...done surface 1
             Processing Fin: 1 surfaces
                 ...done surface 0
             ...done.
          Skipping derivatives and eigenthings
          Done operating point

     α=-2°, β=0°, φ=0°, V∞=20 m/s
       Creating source strengths...
       Calculating doublet strengths...
       Calculating far field forces...
       Calculating on-body pressure coefficients...
       Calculating plane
          Calculating XFoil viscous drag on the fly...
             Processing Main Wing: 2 surfaces
                 ...done surface 0
                 ...done surface 1
             Processing Elevator: 2 surfaces
                 ...done surface 0
                 ...done surface 1
             Processing Fin: 1 surfaces
                 ...done surface 0
             ...done.
          Skipping derivatives and eigenthings
          Done operating point

     α=-1°, β=0°, φ=0°, V∞=20 m/s
       Creating source strengths...
       Calculating doublet strengths...
       Calculating far field forces...
       Calculating on-body pressure coefficients...
       Calculating plane
          Calculating XFoil viscous drag on the fly...
             Processing Main Wing: 2 surfaces
                 ...done surface 0
                 ...done surface 1
             Processing Elevator: 2 surfaces
                 ...done surface 1
                 ...done surface 0
             Processing Fin: 1 surfaces
                 ...done surface 0
             ...done.
          Skipping derivatives and eigenthings
          Done operating point

     α=0°, β=0°, φ=0°, V∞=20 m/s
       Creating source strengths...
       Calculating doublet strengths...
       Calculating far field forces...
       Calculating on-body pressure coefficients...
       Calculating plane
          Calculating XFoil viscous drag on the fly...
             Processing Main Wing: 2 surfaces
                 ...done surface 0
                 ...done surface 1
             Processing Elevator: 2 surfaces
                 ...done surface 1
                 ...done surface 0
             Processing Fin: 1 surfaces
                 ...done surface 0
             ...done.
          Skipping derivatives and eigenthings
          Done operating point

     α=1°, β=0°, φ=0°, V∞=20 m/s
       Creating source strengths...
       Calculating doublet strengths...
       Calculating far field forces...
       Calculating on-body pressure coefficients...
       Calculating plane
          Calculating XFoil viscous drag on the fly...
             Processing Main Wing: 2 surfaces
                 ...done surface 1
                 ...done surface 0
             Processing Elevator: 2 surfaces
                 ...done surface 1
                 ...done surface 0
             Processing Fin: 1 surfaces
                 ...done surface 0
             ...done.
          Skipping derivatives and eigenthings
          Done operating point

     α=2°, β=0°, φ=0°, V∞=20 m/s
       Creating source strengths...
       Calculating doublet strengths...
       Calculating far field forces...
       Calculating on-body pressure coefficients...
       Calculating plane
          Calculating XFoil viscous drag on the fly...
             Processing Main Wing: 2 surfaces
                 ...done surface 0
                 ...done surface 1
             Processing Elevator: 2 surfaces
                 ...done surface 0
                 ...done surface 1
             Processing Fin: 1 surfaces
                 ...done surface 0
             ...done.
          Skipping derivatives and eigenthings
          Done operating point

     α=3°, β=0°, φ=0°, V∞=20 m/s
       Creating source strengths...
       Calculating doublet strengths...
       Calculating far field forces...
       Calculating on-body pressure coefficients...
       Calculating plane
          Calculating XFoil viscous drag on the fly...
             Processing Main Wing: 2 surfaces
                 ...done surface 1
                 ...done surface 0
             Processing Elevator: 2 surfaces
                 ...done surface 0
                 ...done surface 1
             Processing Fin: 1 surfaces
                 ...done surface 0
             ...done.
          Skipping derivatives and eigenthings
          Done operating point

     α=4°, β=0°, φ=0°, V∞=20 m/s
       Creating source strengths...
       Calculating doublet strengths...
       Calculating far field forces...
       Calculating on-body pressure coefficients...
       Calculating plane
          Calculating XFoil viscous drag on the fly...
             Processing Main Wing: 2 surfaces
                 ...done surface 1
                 ...done surface 0
             Processing Elevator: 2 surfaces
                 ...done surface 1
                 ...done surface 0
             Processing Fin: 1 surfaces
                 ...done surface 0
             ...done.
          Skipping derivatives and eigenthings
          Done operating point

     α=5°, β=0°, φ=0°, V∞=20 m/s
       Creating source strengths...
       Calculating doublet strengths...
       Calculating far field forces...
       Calculating on-body pressure coefficients...
       Calculating plane
          Calculating XFoil viscous drag on the fly...
             Processing Main Wing: 2 surfaces
                 ...done surface 0
                 ...done surface 1
             Processing Elevator: 2 surfaces
                 ...done surface 1
                 ...done surface 0
             Processing Fin: 1 surfaces
                 ...done surface 0
             ...done.
          Skipping derivatives and eigenthings
          Done operating point

     α=6°, β=0°, φ=0°, V∞=20 m/s
       Creating source strengths...
       Calculating doublet strengths...
       Calculating far field forces...
       Calculating on-body pressure coefficients...
       Calculating plane
          Calculating XFoil viscous drag on the fly...
             Processing Main Wing: 2 surfaces
                 ...done surface 1
                 ...done surface 0
             Processing Elevator: 2 surfaces
                 ...done surface 0
                 ...done surface 1
             Processing Fin: 1 surfaces
                 ...done surface 0
             ...done.
          Skipping derivatives and eigenthings
          Done operating point

     α=7°, β=0°, φ=0°, V∞=20 m/s
       Creating source strengths...
       Calculating doublet strengths...
       Calculating far field forces...
       Calculating on-body pressure coefficients...
       Calculating plane
          Calculating XFoil viscous drag on the fly...
             Processing Main Wing: 2 surfaces
                 ...done surface 1
                 ...done surface 0
             Processing Elevator: 2 surfaces
                 ...done surface 0
                 ...done surface 1
             Processing Fin: 1 surfaces
                 ...done surface 0
             ...done.
          Skipping derivatives and eigenthings
          Done operating point

     α=8°, β=0°, φ=0°, V∞=20 m/s
       Creating source strengths...
       Calculating doublet strengths...
       Calculating far field forces...
       Calculating on-body pressure coefficients...
       Calculating plane
          Calculating XFoil viscous drag on the fly...
             Processing Main Wing: 2 surfaces
                 ...done surface 1 - OTF failures:
                     span pos.     0.392 m, Cl=  1.29216, Re= 208807
                     span pos.     0.501 m, Cl=  1.27923, Re= 188321
                 ...done surface 0 - OTF failures:
                     span pos.    -0.392 m, Cl=  1.29216, Re= 208807
                     span pos.    -0.282 m, Cl=  1.28393, Re= 229292
                     span pos.    -0.182 m, Cl=  1.26219, Re= 248118

          Error generating the operating point... discarding

     α=9°, β=0°, φ=0°, V∞=20 m/s
       Creating source strengths...
       Calculating doublet strengths...
       Calculating far field forces...
       Calculating on-body pressure coefficients...
       Calculating plane
          Calculating XFoil viscous drag on the fly...
             Processing Main Wing: 2 surfaces
                 ...done surface 0 - OTF failures:
                     span pos.    -0.392 m, Cl=  1.38138, Re= 208807
                     span pos.    -0.282 m, Cl=  1.37163, Re= 229292
                     span pos.    -0.182 m, Cl=  1.34772, Re= 248118
                     span pos.    -0.099 m, Cl=  1.31650, Re= 263759
                     span pos.    -0.039 m, Cl=  1.28539, Re= 274948
                 ...done surface 1 - OTF failures:
                     span pos.     0.392 m, Cl=  1.38138, Re= 208807
                     span pos.     0.501 m, Cl=  1.36878, Re= 188321
                     span pos.     0.601 m, Cl=  1.32073, Re= 169495

          Error generating the operating point... discarding

     α=10°, β=0°, φ=0°, V∞=20 m/s
       Creating source strengths...
       Calculating doublet strengths...
       Calculating far field forces...
       Calculating on-body pressure coefficients...
       Calculating plane
          Calculating XFoil viscous drag on the fly...
             Processing Main Wing: 2 surfaces
                 ...done surface 0 - OTF failures:
                     span pos.    -0.392 m, Cl=  1.46908, Re= 208807
                     span pos.    -0.282 m, Cl=  1.45782, Re= 229292
                     span pos.    -0.182 m, Cl=  1.43176, Re= 248118
                     span pos.    -0.099 m, Cl=  1.39816, Re= 263759
                     span pos.    -0.039 m, Cl=  1.36486, Re= 274948
                     span pos.    -0.008 m, Cl=  1.34171, Re= 280779
                 ...done surface 1 - OTF failures:
                     span pos.     0.392 m, Cl=  1.46908, Re= 208807
                     span pos.     0.501 m, Cl=  1.45682, Re= 188321
                     span pos.     0.601 m, Cl=  1.40693, Re= 169495
                     span pos.     0.684 m, Cl=  1.29284, Re= 153854

          Error generating the operating point... discarding

     α=11°, β=0°, φ=0°, V∞=20 m/s
       Creating source strengths...
       Calculating doublet strengths...
       Calculating far field forces...
       Calculating on-body pressure coefficients...
       Calculating plane
          Calculating XFoil viscous drag on the fly...
             Processing Main Wing: 2 surfaces
                 ...done surface 0 - OTF failures:
                     span pos.    -0.392 m, Cl=  1.55514, Re= 208807
                     span pos.    -0.282 m, Cl=  1.54239, Re= 229292
                     span pos.    -0.182 m, Cl=  1.51422, Re= 248118
                     span pos.    -0.099 m, Cl=  1.47827, Re= 263759
                     span pos.    -0.039 m, Cl=  1.44283, Re= 274948
                     span pos.    -0.008 m, Cl=  1.41829, Re= 280779
                 ...done surface 1 - OTF failures:
                     span pos.     0.392 m, Cl=  1.55514, Re= 208807
                     span pos.     0.501 m, Cl=  1.54322, Re= 188321
                     span pos.     0.601 m, Cl=  1.49155, Re= 169495
                     span pos.     0.684 m, Cl=  1.37159, Re= 153854

          Error generating the operating point... discarding

     α=12°, β=0°, φ=0°, V∞=20 m/s
       Creating source strengths...
       Calculating doublet strengths...
       Calculating far field forces...
       Calculating on-body pressure coefficients...
       Calculating plane
          Calculating XFoil viscous drag on the fly...
             Processing Main Wing: 2 surfaces
                 ...done surface 0 - OTF failures:
                     span pos.    -0.392 m, Cl=  1.63945, Re= 208807
                     span pos.    -0.282 m, Cl=  1.62524, Re= 229292
                     span pos.    -0.182 m, Cl=  1.59500, Re= 248118
                     span pos.    -0.099 m, Cl=  1.55674, Re= 263759
                     span pos.    -0.039 m, Cl=  1.51920, Re= 274948
                     span pos.    -0.008 m, Cl=  1.49330, Re= 280779
                 ...done surface 1 - OTF failures:
                     span pos.     0.392 m, Cl=  1.63945, Re= 208807
                     span pos.     0.501 m, Cl=  1.62789, Re= 188321
                     span pos.     0.601 m, Cl=  1.57449, Re= 169495
                     span pos.     0.684 m, Cl=  1.44877, Re= 153854
                     span pos.     0.744 m, Cl=  1.20066, Re= 142665

          Error generating the operating point... discarding

     α=13°, β=0°, φ=0°, V∞=20 m/s
       Creating source strengths...
       Calculating doublet strengths...
       Calculating far field forces...
       Calculating on-body pressure coefficients...
       Calculating plane
          Calculating XFoil viscous drag on the fly...
             Processing Main Wing: 2 surfaces
                 ...done surface 0 - OTF failures:
                     span pos.    -0.392 m, Cl=  1.72193, Re= 208807
                     span pos.    -0.282 m, Cl=  1.70627, Re= 229292
                     span pos.    -0.182 m, Cl=  1.67400, Re= 248118
                     span pos.    -0.099 m, Cl=  1.63348, Re= 263759
                     span pos.    -0.039 m, Cl=  1.59388, Re= 274948
                     span pos.    -0.008 m, Cl=  1.56665, Re= 280779
                 ...done surface 1 - OTF failures:
                     span pos.     0.392 m, Cl=  1.72193, Re= 208807
                     span pos.     0.501 m, Cl=  1.71072, Re= 188321
                     span pos.     0.601 m, Cl=  1.65563, Re= 169495
                     span pos.     0.684 m, Cl=  1.52431, Re= 153854
                     span pos.     0.744 m, Cl=  1.26361, Re= 142665

          Error generating the operating point... discarding

     α=14°, β=0°, φ=0°, V∞=20 m/s
       Creating source strengths...
       Calculating doublet strengths...
       Calculating far field forces...
       Calculating on-body pressure coefficients...
       Calculating plane
          Calculating XFoil viscous drag on the fly...
             Processing Main Wing: 2 surfaces
                 ...done surface 0 - OTF failures:
                     span pos.    -0.392 m, Cl=  1.80246, Re= 208807
                     span pos.    -0.282 m, Cl=  1.78539, Re= 229292
                     span pos.    -0.182 m, Cl=  1.75112, Re= 248118
                     span pos.    -0.099 m, Cl=  1.70839, Re= 263759
                     span pos.    -0.039 m, Cl=  1.66677, Re= 274948
                     span pos.    -0.008 m, Cl=  1.63824, Re= 280779
                 ...done surface 1 - OTF failures:
                     span pos.     0.392 m, Cl=  1.80246, Re= 208807
                     span pos.     0.501 m, Cl=  1.79161, Re= 188321
                     span pos.     0.601 m, Cl=  1.73489, Re= 169495
                     span pos.     0.684 m, Cl=  1.59809, Re= 153854
                     span pos.     0.744 m, Cl=  1.32512, Re= 142665

          Error generating the operating point... discarding


Panel analysis completed ... Errors encountered

_____Plane analyses completed_____



-----Starting boat analyses-----

No xml Boat files to load

Making the analysis pairs (boat, analysis)

Made 0 valid analysis pairs (boat, polar) to run

_____ Boat analyses completed_____


