
flow5 v7.57
27.08.2026  22:41:34
Reading foil .dat files
   added foil: E387
   added foil: NACA 0009

Making foil analysis list
No foil analysis requested


Available foils:
   E387
   NACA 0009



-----Starting plane analyses-----

Adding planes from the .xml files
   added the plane: drone_opt from file drone_plane.xml


Adding the plane analyses from the xml files
   the analysis drone_polar has been added for drone_opt

Making the analysis pairs (plane, analysis)
   added analysis for (drone_opt, drone_polar)
   Made 1 valid analysis pairs (plane, polar) to run

Launching plane analysis: drone_opt / drone_polar
Initializing task

drone_opt
drone_polar

Checking plane and polar data
   ...done

drone_polar
Type 1 - Fixed speed polar

ρ =     1.225 kg/m³
ν =   1.5e-05 m²/s

RFF         = 10
Core radius = 1e-06 m

Using 4 threads

Linear system calculations in floating point double precision

Using S. Nintcheu-Fata's method for off-plane integrals

Initializing the triangle analysis
Checking element sizes
   ...done

Setting flap positions

Connecting triangular panels...   done in 0.004 s
Counted 498 elements
Matrix size = 498

Allocating result arrays

Solving the problem... 

   Making the unit RHS vectors...       done in 0.000 s
   Making the influence matrix...       done in 0.029 s
   Adding the wake's contribution...    done in 0.004 s
   LAPACK - LU factorization...         done in 0.001 s
   Back-substituting RHS...             done in 0.000 s
   Making unit panel velocities...      done

   Calculating 20 operating points
     α=-5°, β=0°, φ=0°, V∞=20 m/s
       Creating source strengths...
       Calculating doublet strengths...
       Calculating far field forces...
       Calculating on-body pressure coefficients...
       Calculating plane
          Calculating XFoil viscous drag on the fly...
             Processing Main Wing: 2 surfaces
                 ...done surface 0
                 ...done surface 1 - OTF failures:
                     span pos.     0.601 m, Cl=  0.01070, Re= 170544
                     span pos.     0.684 m, Cl= -0.00448, Re= 155321
                     span pos.     0.744 m, Cl= -0.00933, Re= 144430
                     span pos.     0.775 m, Cl= -0.00574, Re= 138755

          Error generating the operating point... discarding

     α=-4°, β=0°, φ=0°, V∞=20 m/s
       Creating source strengths...
       Calculating doublet strengths...
       Calculating far field forces...
       Calculating on-body pressure coefficients...
       Calculating plane
          Calculating XFoil viscous drag on the fly...
             Processing Main Wing: 2 surfaces
                 ...done surface 1
                 ...done surface 0
             Processing Elevator: 2 surfaces
                 ...done surface 0
                 ...done surface 1
             Processing Fin: 1 surfaces
                 ...done surface 0
             ...done.
          Skipping derivatives and eigenthings
          Done operating point

     α=-3°, β=0°, φ=0°, V∞=20 m/s
       Creating source strengths...
       Calculating doublet strengths...
       Calculating far field forces...
       Calculating on-body pressure coefficients...
       Calculating plane
          Calculating XFoil viscous drag on the fly...
             Processing Main Wing: 2 surfaces
                 ...done surface 1
                 ...done surface 0
             Processing Elevator: 2 surfaces
                 ...done surface 0
                 ...done surface 1
             Processing Fin: 1 surfaces
                 ...done surface 0
             ...done.
          Skipping derivatives and eigenthings
          Done operating point

     α=-2°, β=0°, φ=0°, V∞=20 m/s
       Creating source strengths...
       Calculating doublet strengths...
       Calculating far field forces...
       Calculating on-body pressure coefficients...
       Calculating plane
          Calculating XFoil viscous drag on the fly...
             Processing Main Wing: 2 surfaces
                 ...done surface 0
                 ...done surface 1
             Processing Elevator: 2 surfaces
                 ...done surface 1
                 ...done surface 0
             Processing Fin: 1 surfaces
                 ...done surface 0
             ...done.
          Skipping derivatives and eigenthings
          Done operating point

     α=-1°, β=0°, φ=0°, V∞=20 m/s
       Creating source strengths...
       Calculating doublet strengths...
       Calculating far field forces...
       Calculating on-body pressure coefficients...
       Calculating plane
          Calculating XFoil viscous drag on the fly...
             Processing Main Wing: 2 surfaces
                 ...done surface 0
                 ...done surface 1
             Processing Elevator: 2 surfaces
                 ...done surface 1
                 ...done surface 0
             Processing Fin: 1 surfaces
                 ...done surface 0
             ...done.
          Skipping derivatives and eigenthings
          Done operating point

     α=0°, β=0°, φ=0°, V∞=20 m/s
       Creating source strengths...
       Calculating doublet strengths...
       Calculating far field forces...
       Calculating on-body pressure coefficients...
       Calculating plane
          Calculating XFoil viscous drag on the fly...
             Processing Main Wing: 2 surfaces
                 ...done surface 0
                 ...done surface 1
             Processing Elevator: 2 surfaces
                 ...done surface 0
                 ...done surface 1
             Processing Fin: 1 surfaces
                 ...done surface 0
             ...done.
          Skipping derivatives and eigenthings
          Done operating point

     α=1°, β=0°, φ=0°, V∞=20 m/s
       Creating source strengths...
       Calculating doublet strengths...
       Calculating far field forces...
       Calculating on-body pressure coefficients...
       Calculating plane
          Calculating XFoil viscous drag on the fly...
             Processing Main Wing: 2 surfaces
                 ...done surface 0
                 ...done surface 1
             Processing Elevator: 2 surfaces
                 ...done surface 0
                 ...done surface 1
             Processing Fin: 1 surfaces
                 ...done surface 0
             ...done.
          Skipping derivatives and eigenthings
          Done operating point

     α=2°, β=0°, φ=0°, V∞=20 m/s
       Creating source strengths...
       Calculating doublet strengths...
       Calculating far field forces...
       Calculating on-body pressure coefficients...
       Calculating plane
          Calculating XFoil viscous drag on the fly...
             Processing Main Wing: 2 surfaces
                 ...done surface 0
                 ...done surface 1
             Processing Elevator: 2 surfaces
                 ...done surface 0
                 ...done surface 1
             Processing Fin: 1 surfaces
                 ...done surface 0
             ...done.
          Skipping derivatives and eigenthings
          Done operating point

     α=3°, β=0°, φ=0°, V∞=20 m/s
       Creating source strengths...
       Calculating doublet strengths...
       Calculating far field forces...
       Calculating on-body pressure coefficients...
       Calculating plane
          Calculating XFoil viscous drag on the fly...
             Processing Main Wing: 2 surfaces
                 ...done surface 0
                 ...done surface 1
             Processing Elevator: 2 surfaces
                 ...done surface 1
                 ...done surface 0
             Processing Fin: 1 surfaces
                 ...done surface 0
             ...done.
          Skipping derivatives and eigenthings
          Done operating point

     α=4°, β=0°, φ=0°, V∞=20 m/s
       Creating source strengths...
       Calculating doublet strengths...
       Calculating far field forces...
       Calculating on-body pressure coefficients...
       Calculating plane
          Calculating XFoil viscous drag on the fly...
             Processing Main Wing: 2 surfaces
                 ...done surface 1
                 ...done surface 0
             Processing Elevator: 2 surfaces
                 ...done surface 1
                 ...done surface 0
             Processing Fin: 1 surfaces
                 ...done surface 0
             ...done.
          Skipping derivatives and eigenthings
          Done operating point

     α=5°, β=0°, φ=0°, V∞=20 m/s
       Creating source strengths...
       Calculating doublet strengths...
       Calculating far field forces...
       Calculating on-body pressure coefficients...
       Calculating plane
          Calculating XFoil viscous drag on the fly...
             Processing Main Wing: 2 surfaces
                 ...done surface 1
                 ...done surface 0
             Processing Elevator: 2 surfaces
                 ...done surface 0
                 ...done surface 1
             Processing Fin: 1 surfaces
                 ...done surface 0
             ...done.
          Skipping derivatives and eigenthings
          Done operating point

     α=6°, β=0°, φ=0°, V∞=20 m/s
       Creating source strengths...
       Calculating doublet strengths...
       Calculating far field forces...
       Calculating on-body pressure coefficients...
       Calculating plane
          Calculating XFoil viscous drag on the fly...
             Processing Main Wing: 2 surfaces
                 ...done surface 1
                 ...done surface 0
             Processing Elevator: 2 surfaces
                 ...done surface 1
                 ...done surface 0
             Processing Fin: 1 surfaces
                 ...done surface 0
             ...done.
          Skipping derivatives and eigenthings
          Done operating point

     α=7°, β=0°, φ=0°, V∞=20 m/s
       Creating source strengths...
       Calculating doublet strengths...
       Calculating far field forces...
       Calculating on-body pressure coefficients...
       Calculating plane
          Calculating XFoil viscous drag on the fly...
             Processing Main Wing: 2 surfaces
                 ...done surface 0
                 ...done surface 1
             Processing Elevator: 2 surfaces
                 ...done surface 1
                 ...done surface 0
             Processing Fin: 1 surfaces
                 ...done surface 0
             ...done.
          Skipping derivatives and eigenthings
          Done operating point

     α=8°, β=0°, φ=0°, V∞=20 m/s
       Creating source strengths...
       Calculating doublet strengths...
       Calculating far field forces...
       Calculating on-body pressure coefficients...
       Calculating plane
          Calculating XFoil viscous drag on the fly...
             Processing Main Wing: 2 surfaces
                 ...done surface 0 - OTF failures:
                     span pos.    -0.392 m, Cl=  1.29211, Re= 208807
                     span pos.    -0.282 m, Cl=  1.28504, Re= 228746
                     span pos.    -0.182 m, Cl=  1.26438, Re= 247069
                 ...done surface 1 - OTF failures:
                     span pos.     0.392 m, Cl=  1.29211, Re= 208807
                     span pos.     0.501 m, Cl=  1.27796, Re= 188868

          Error generating the operating point... discarding

     α=9°, β=0°, φ=0°, V∞=20 m/s
       Creating source strengths...
       Calculating doublet strengths...
       Calculating far field forces...
       Calculating on-body pressure coefficients...
       Calculating plane
          Calculating XFoil viscous drag on the fly...
             Processing Main Wing: 2 surfaces
                 ...done surface 0 - OTF failures:
                     span pos.    -0.392 m, Cl=  1.38128, Re= 208807
                     span pos.    -0.282 m, Cl=  1.37278, Re= 228746
                     span pos.    -0.182 m, Cl=  1.35003, Re= 247069
                     span pos.    -0.099 m, Cl=  1.31980, Re= 262293
                     span pos.    -0.039 m, Cl=  1.28944, Re= 273183
                     span pos.    -0.008 m, Cl=  1.26811, Re= 278859
                 ...done surface 1 - OTF failures:
                     span pos.     0.392 m, Cl=  1.38128, Re= 208807
                     span pos.     0.501 m, Cl=  1.36734, Re= 188868
                     span pos.     0.601 m, Cl=  1.31783, Re= 170544

          Error generating the operating point... discarding

     α=10°, β=0°, φ=0°, V∞=20 m/s
       Creating source strengths...
       Calculating doublet strengths...
       Calculating far field forces...
       Calculating on-body pressure coefficients...
       Calculating plane
          Calculating XFoil viscous drag on the fly...
             Processing Main Wing: 2 surfaces
                 ...done surface 0 - OTF failures:
                     span pos.    -0.392 m, Cl=  1.46891, Re= 208807
                     span pos.    -0.282 m, Cl=  1.45901, Re= 228746
                     span pos.    -0.182 m, Cl=  1.43419, Re= 247069
                     span pos.    -0.099 m, Cl=  1.40164, Re= 262293
                     span pos.    -0.039 m, Cl=  1.36914, Re= 273183
                     span pos.    -0.008 m, Cl=  1.34643, Re= 278859
                 ...done surface 1 - OTF failures:
                     span pos.     0.392 m, Cl=  1.46891, Re= 208807
                     span pos.     0.501 m, Cl=  1.45519, Re= 188868
                     span pos.     0.601 m, Cl=  1.40372, Re= 170544
                     span pos.     0.684 m, Cl=  1.28800, Re= 155321

          Error generating the operating point... discarding

     α=11°, β=0°, φ=0°, V∞=20 m/s
       Creating source strengths...
       Calculating doublet strengths...
       Calculating far field forces...
       Calculating on-body pressure coefficients...
       Calculating plane
          Calculating XFoil viscous drag on the fly...
             Processing Main Wing: 2 surfaces
                 ...done surface 0 - OTF failures:
                     span pos.    -0.392 m, Cl=  1.55491, Re= 208807
                     span pos.    -0.282 m, Cl=  1.54362, Re= 228746
                     span pos.    -0.182 m, Cl=  1.51677, Re= 247069
                     span pos.    -0.099 m, Cl=  1.48194, Re= 262293
                     span pos.    -0.039 m, Cl=  1.44734, Re= 273183
                     span pos.    -0.008 m, Cl=  1.42326, Re= 278859
                 ...done surface 1 - OTF failures:
                     span pos.     0.392 m, Cl=  1.55491, Re= 208807
                     span pos.     0.501 m, Cl=  1.54142, Re= 188868
                     span pos.     0.601 m, Cl=  1.48804, Re= 170544
                     span pos.     0.684 m, Cl=  1.36630, Re= 155321

          Error generating the operating point... discarding

     α=12°, β=0°, φ=0°, V∞=20 m/s
       Creating source strengths...
       Calculating doublet strengths...
       Calculating far field forces...
       Calculating on-body pressure coefficients...
       Calculating plane
          Calculating XFoil viscous drag on the fly...
             Processing Main Wing: 2 surfaces
                 ...done surface 0 - OTF failures:
                     span pos.    -0.392 m, Cl=  1.63917, Re= 208807
                     span pos.    -0.282 m, Cl=  1.62651, Re= 228746
                     span pos.    -0.182 m, Cl=  1.59766, Re= 247069
                     span pos.    -0.099 m, Cl=  1.56059, Re= 262293
                     span pos.    -0.039 m, Cl=  1.52394, Re= 273183
                     span pos.    -0.008 m, Cl=  1.49852, Re= 278859
                 ...done surface 1 - OTF failures:
                     span pos.     0.392 m, Cl=  1.63917, Re= 208807
                     span pos.     0.501 m, Cl=  1.62592, Re= 188868
                     span pos.     0.601 m, Cl=  1.57067, Re= 170544
                     span pos.     0.684 m, Cl=  1.44304, Re= 155321
                     span pos.     0.744 m, Cl=  1.19372, Re= 144430

          Error generating the operating point... discarding

     α=13°, β=0°, φ=0°, V∞=20 m/s
       Creating source strengths...
       Calculating doublet strengths...
       Calculating far field forces...
       Calculating on-body pressure coefficients...
       Calculating plane
          Calculating XFoil viscous drag on the fly...
             Processing Main Wing: 2 surfaces
                 ...done surface 0 - OTF failures:
                     span pos.    -0.392 m, Cl=  1.72159, Re= 208807
                     span pos.    -0.282 m, Cl=  1.70757, Re= 228746
                     span pos.    -0.182 m, Cl=  1.67677, Re= 247069
                     span pos.    -0.099 m, Cl=  1.63750, Re= 262293
                     span pos.    -0.039 m, Cl=  1.59883, Re= 273183
                     span pos.    -0.008 m, Cl=  1.57211, Re= 278859
                 ...done surface 1 - OTF failures:
                     span pos.     0.392 m, Cl=  1.72159, Re= 208807
                     span pos.     0.501 m, Cl=  1.70858, Re= 188868
                     span pos.     0.601 m, Cl=  1.65151, Re= 170544
                     span pos.     0.684 m, Cl=  1.51814, Re= 155321

          Error generating the operating point... discarding

     α=14°, β=0°, φ=0°, V∞=20 m/s
       Creating source strengths...
       Calculating doublet strengths...
       Calculating far field forces...
       Calculating on-body pressure coefficients...
       Calculating plane
          Calculating XFoil viscous drag on the fly...
             Processing Main Wing: 2 surfaces
                 ...done surface 0 - OTF failures:
                     span pos.    -0.392 m, Cl=  1.80206, Re= 208807
                     span pos.    -0.282 m, Cl=  1.78672, Re= 228746
                     span pos.    -0.182 m, Cl=  1.75400, Re= 247069
                     span pos.    -0.099 m, Cl=  1.71258, Re= 262293
                     span pos.    -0.039 m, Cl=  1.67194, Re= 273183
                     span pos.    -0.008 m, Cl=  1.64394, Re= 278859
                 ...done surface 1 - OTF failures:
                     span pos.     0.392 m, Cl=  1.80206, Re= 208807
                     span pos.     0.501 m, Cl=  1.78930, Re= 188868
                     span pos.     0.601 m, Cl=  1.73048, Re= 170544
                     span pos.     0.684 m, Cl=  1.59150, Re= 155321
                     span pos.     0.744 m, Cl=  1.31717, Re= 144430

          Error generating the operating point... discarding


Done plane task.

Panel analysis completed ... Errors encountered

_____Plane analyses completed_____



-----Starting boat analyses-----

No xml Boat files to load

Making the analysis pairs (boat, analysis)

Made 0 valid analysis pairs (boat, polar) to run

_____ Boat analyses completed_____


